mov.l
mov.l
mov.l
mov
mov.l
mov.l
mov.l
mov.l
sts.l
add
mov.l
mov.l
mov.l
mov.l
mov.l
mov.l
mov.l
mov.l
jsr
mov
exts.w
mov.l
mov.w
mov.l
mov.l
mov.l
mov
mov.l
mov.w
add
mov.l
bra
mov.l
mul.l
mov
mul.l
mul.l
mov
mul.l
mov
mul.l
mov
mul.l
mov
mul.l
mov
mov.l
mov.l
cmp/eq
mul.l
bt
mov.l
mov.b
extu.b
tst
bt
extu.w
tst
bf
mov.w
mov.l
mov.l
mov
bra
mov.l
mov
mov.w
mov.l
add
mov.l
mov.l
mov.l
mov.l
mov.l
mov.l
mov.l
mov.l
bra
nop
mov.l
tst
bf
mov.l
bsr
nop
add
extu.w
mov.l
mov.b
extu.b
cmp/ge
bf
mov.l
jsr
nop
mov.l
mov.b
tst
bt
mov.l
jsr
nop
bra
nop
mov.l
jsr
nop
mov.l
jsr
nop
add
lds.l
mov.l
mov.l
mov.l
mov.l
mov.l
mov.l
bra
mov.l
