mov.l
mov
mov.l
mov
mov.l
mov.l
mov.l
mov
mov.l
mov.l
sts.l
add
mov.l
mov.l
mov.l
mov.l
mov.w
mov.l
jsr
mov
mov.l
mov.l
bra
nop
mov.b
add
mulu.w
mov.b
add
mov.b
stc
mov
add
mov.l
mov
add
mov.l
add
tst
bf
mov.l
jsr
nop
mov
mov
mov.l
jsr
mov
mov.l
jsr
mov
mov.l
mov.l
mov.w
mov
mov.l
mov.l
jsr
mov
mov.l
mov.l
and
cmp/eq
bt
bra
nop
mov.l
mov.l
mov.l
jsr
mov
mov.l
mov.l
mov.l
jsr
mov
extu.b
mov
mov
mov
mov.l
mov.l
mov.l
mov.l
jsr
mov
add
mov.l
jsr
mov
mov.l
mov.l
mov.l
mov.l
mov.l
mov.l
jsr
mov
extu.b
mov.b
extu.b
mov
mov.b
extu.b
mov
mov.b
extu.b
mov
mov.b
extu.b
mov
mov.b
extu.b
mov
mov.b
extu.b
mov
mov.b
mov.l
mov.l
mov.l
mov.w
mov.l
mov.l
add
mov.l
mov.l
mov.l
mov.l
mov.l
mov.l
mov
add
mov.l
jsr
mov
mov.l
mov.l
mov.w
bra
mov
mov.b
extu.b
mov.b
swap.b
mov.b
mov.l
mov.b
extu.b
add
mov.l
sub
mov.w
mov.w
mov.b
mov.l
mov.l
mov.l
mov.l
add
sts
sub
mov.b
mov.l
jsr
nop
mov.l
mov.l
jsr
mov
mov.l
jsr
nop
mov.l
mov.l
mov.l
mov.l
mov.l
mov.l
jsr
mov
extu.b
mov.b
extu.b
mov
mov.b
extu.b
mov
mov.b
extu.b
mov
mov.b
extu.b
mov
mov.b
extu.b
mov
mov.b
extu.b
mov
mov.b
mov.l
mov.l
mov.l
mov.l
mov.l
mov.l
mov.l
mov.l
mov.l
mov.l
mov.l
mov.l
mov
jsr
mov
mov.l
mov.l
mov.w
mov.l
jsr
mov
mov.l
mov.l
jsr
nop
mov.l
jsr
nop
mov.l
jsr
mov
extu.b
mov.b
extu.b
mov.b
extu.b
mov.b
extu.b
mov.b
extu.b
mov.b
mov.l
mov.l
mov.l
mov.l
bra
mov
bra
nop
mov.w
mov.w
mov.w
mov.b
mov.l
mov.l
mov.l
mov.l
add
sts
mov.b
add
mov.b
mov.w
mov.w
mov.w
add
add
mov.l
add
mov.w
add
add
mov.l
add
mov.w
cmp/hs
bf
mov.l
mov.l
jsr
nop
mov.l
mov.l
jsr
mov
mov.l
jsr
nop
mov.l
mov.l
mov.l
mov.l
mov.l
mov.l
mov.l
jsr
mov
extu.b
mov.b
extu.b
mov
mov.b
extu.b
mov
mov.b
extu.b
mov
mov.b
extu.b
mov
mov.b
extu.b
mov
mov.b
extu.b
mov
mov.b
mov.l
mov.l
mov.l
mov.l
mov.l
mov.l
mov.l
mov.l
mov.l
mov.l
mov.l
mov.l
mov
jsr
mov
mov.l
mov.l
mov.w
mov.l
mov.l
mov.l
mov.l
mov.l
mov.l
jsr
mov
extu.b
mov.b
extu.b
mov
mov.b
extu.b
mov
mov.b
extu.b
mov
mov.b
extu.b
mov
mov.b
extu.b
mov
mov.b
extu.b
mov
mov.b
mov.l
mov.l
mov.l
mov.l
mov.l
mov.l
mov.l
mov.l
mov.l
mov.l
mov.l
mov.l
bra
nop
mov.l
add
mov.w
mov.w
mov.l
mov.l
mov.l
mov.l
mov.w
mov
mov.l
mov.l
add
sts
add
mov.b
mov
mov.l
mov.l
mov.l
mov.l
mov
jsr
mov
mov
mov.l
mov.l
mov.w
mov.l
jsr
add
extu.b
mov
extu.b
mov
mov.b
mov
mov.b
extu.b
mov
mov.b
extu.b
mov
mov.b
extu.b
mov
mov.b
extu.b
mov
mov.b
mov.l
jsr
add
mov.l
mov.l
jsr
nop
mov.l
jsr
nop
mov.l
jsr
nop
mov.l
mov.w
jsr
mov
mov.l
jsr
nop
mov.l
mov.w
jsr
mov
mov.l
jsr
nop
mov.l
jsr
nop
mov.l
jsr
nop
mov.l
jsr
nop
mov.l
jsr
nop
mov
mov.l
mov.w
mov.l
mov.w
mov.l
mov.w
jsr
mov
mov.l
jsr
nop
add
lds.l
mov.l
mov.l
mov.l
mov.l
mov.l
mov.l
rts
mov.l
