mov.l
mov.l
mov.l
mov.l
mov.l
mov.l
mov.l
sts.l
add
mov
mov
mov.w
mov
mov.l
mov.b
extu.b
extu.b
extu.b
cmp/ge
bt
extu.b
mov
shll2
shll2
shll2
shll2
add
exts.w
add
mov.l
add
mov.l
mov
cmp/pz
bf
extu.b
mov
shll2
shll2
shll2
shll2
add
exts.w
add
mov.l
bra
add
extu.b
cmp/eq
bf
extu.b
mov
shll2
shll2
shll2
shll2
add
exts.w
add
mov.l
sub
mov.l
mov
cmp/pl
bt
extu.b
mov
shll2
shll2
shll2
shll2
add
exts.w
add
mov.l
add
mov.l
jsr
extu.b
add
extu.b
cmp/ge
bf
extu.b
cmp/eq
bf
mov.b
extu.b
add
lds.l
mov.l
mov.l
mov.l
mov.l
mov.l
mov.l
mov.l
jmp
mov.l
add
lds.l
mov.l
mov.l
mov.l
mov.l
mov.l
mov.l
rts
mov.l
