mov.l
mov
mov.l
mov
mov.l
mov.l
mov.l
mov
mov.l
mov.l
sts.l
add
mov.l
mov
mov
mov.l
mov.l
add
add
jsr
mov
mov
mov.l
mov.l
add
jsr
mov
mov
mov.l
mov.l
add
jsr
mov
mov
mov
mov.l
mov.l
add
add
jsr
mov
mov.l
mov.l
mov.w
mov.w
mov
extu.w
and
tst
bt
mov.b
mov.l
add
mov.b
add
mov.b
exts.b
cmp/pz
bt
mov.b
mov.l
add
add
mov.b
add
exts.b
mov.b
bra
nop
shll
mov.l
cmp/eq
mov.w
mov.l
mov.l
mov.w
mov.l
mov.l
mov.w
mov.l
mov.w
mov.l
mov.l
sub
exts.b
mov.w
mov.l
mov.w
mov.l
mov
extu.w
and
tst
bt
mov.b
mov.l
add
mov.b
add
mov.b
exts.b
mov.b
mov.b
cmp/ge
bf
mov.b
mov.l
add
mov
mov.b
mov
mov.l
mov.l
mov
add
mov.l
extu.b
mov.l
mov.b
cmp/eq
bf
bra
mov
extu.b
extu.b
extu.b
extu.b
mov.l
shll2
add
mov.w
add
mov.l
mov.l
mov.l
mov.l
mov.l
mov.l
mov
mov.l
mov.l
mov.l
add
add
jsr
mov.l
add
mov.l
mov.l
mov.b
cmp/eq
bf
mov.l
mov.w
extu.w
and
tst
bf
mov.l
mov.b
tst
bt
bra
extu.b
bra
extu.b
mov.b
mov.w
mov.l
mov.b
mac.l
mov.l
mov.w
mov.l
exts.b
extu.b
extu.b
extu.b
extu.b
shll8
add
shll2
mov
shll2
shll2
shll
mov
add
mov.l
mov.l
mov.b
mov.l
add
extu.b
mov.l
mov.l
mov.b
extu.b
shll2
mov.l
shll2
shll2
add
shll
jsr
mov
add
extu.b
cmp/ge
bf
mov
mov.l
mov.l
mov
add
mov.l
extu.b
mov.l
mov.b
cmp/eq
bf
mov.l
mov.w
extu.w
and
tst
bf
mov.l
mov.b
cmp/eq
bt
bra
extu.b
bra
extu.b
extu.b
extu.b
extu.b
extu.b
shll8
add
shll2
mov
shll2
shll2
shll
mov
add
mov.l
mov.l
mov.b
mov.l
add
extu.b
mov.l
mov.l
mov.b
extu.b
shll2
mov.l
shll2
shll2
add
shll
jsr
mov
add
extu.b
cmp/ge
bf
add
lds.l
mov.l
mov.l
mov.l
mov.l
mov.l
mov.l
rts
mov.l
