sts.l
mov
mov.w
mov
mov.l
mov.w
mov.w
mov.w
cmp/pl
bt
mov.w
mov.l
neg
mov.l
mov.w
cmp/gt
bt
mov.w
mov.l
tst
bt
mov.w
mov.l
cmp/gt
bt
mov
cmp/gt
bt
cmp/ge
bt
neg
sub
mov
mov
cmp/gt
bt
mov
bra
nop
mov.b
mov.l
mov.b
mov.b
cmp/gt
bt
mov
mov.w
mov.w
mov
cmp/pl
bf
mov.w
mov.l
tst
bf
add
add
mov.w
mov.l
mov
mov
shll16
sub
mov
cmp/pz
bf
mov.w
mov.l
dmuls.l
sts
sts
mov.w
mov
mov.l
shlr16
exts.w
mov.l
shll16
mov.l
mov.l
mov.w
bsr
mov.l
mov.w
mov.l
mov.l
jsr
nop
shll16
dmuls.l
sts
sts
shlr16
exts.w
neg
mov
mov.w
mov.w
mov.l
mov.l
dmuls.l
sts
sts
mov.w
mov.w
dmuls.l
sts
sts
shll8
shlr16
shlr8
or
mov.l
mov.l
cmp/ge
bt
mov
mov.l
cmp/ge
bt
neg
bra
mov.l
mov.b
mov.b
mov.b
mov.b
mov.l
sts
stc
add
shll
mov
dmuls.l
sts
sts
mov.l
mov.w
mov
mov.l
shlr16
exts.w
mov.l
shll16
mov.l
mov.l
mov.l
jsr
nop
cmp/eq
bf
mov.w
add
mov.b
mov
mov
mov.w
mov
mov.w
cmp/pl
bf
mov.l
mov
cmp/ge
bt
mov.w
mov.l
mov.w
mov.l
xor
cmp/pz
bt
mov
shar
mov
muls.w
shll16
sts
mov.l
jsr
nop
dmuls.l
sts
sts
shlr16
exts.w
cmp/pz
bt
mov
mov.w
mov
mov.l
mov
muls.w
neg
sts
cmp/pz
bf
cmp/gt
bt
bra
nop
mac.l
mov.l
mov.b
stc
add
stc
add
neg
cmp/gt
bt
bra
mov
mov
neg
mov
mov.w
mov.l
sub
sub
add
mov.w
neg
cmp/gt
bt
mov
bra
nop
cmp/gt
bt
mov
mov.l
mov.w
mov.l
mov
add
sub
neg
shar
shar
shar
sub
mov.l
mov.w
mov.w
mov.l
mov.l
dmuls.l
sts
sts
mov.w
mov.w
dmuls.l
sts
sts
shll8
shlr16
shlr8
or
mov.l
tst
bf
mov.l
bra
nop
mov.b
mov.b
shll
mov.w
mov
mov.l
shlr16
exts.w
mov.l
shll16
mov.l
mov.l
mov.l
jsr
nop
cmp/eq
bf
mov.w
add
mov.b
mov
mov
mov
mov.w
mov.l
cmp/gt
bt
mov
bra
nop
mov.l
stc
add
cmp/gt
bt
mov
sub
sub
mov.l
shll8
mov
jsr
mov
mov
mov
mov
muls.w
shll8
sts
add
mov.w
mov.w
mov.l
mov.l
mov
mov
sub
mov.l
muls.w
sts
neg
mov
shlr8
xor
cmp/pz
bt
mov.l
cmp/pz
bt
neg
sub
neg
dmuls.l
mov.l
mov
jsr
sts
mov
mov
cmp/pz
bf
cmp/gt
bt
bra
nop
mov.b
stc
mov
neg
cmp/gt
bt
bra
nop
mov
shll8
mov.l
mov.l
jsr
mov
mov
mov
sub
mov.w
mov.l
sub
neg
shar
shar
shar
sub
mov.l
mov.l
mov.w
cmp/ge
mov.w
bt
mov.l
mov.l
cmp/ge
bt
neg
cmp/gt
bt
mov.l
mov.l
or
mov.l
or
bra
mov.l
sets
mov.b
stc
mov
mov.b
shll
mov.l
mov.l
or
mov.l
or
bra
mov.l
mov.l
shll
mov.l
mov.l
cmp/ge
bt
neg
cmp/ge
bt
mov
mov
mov.w
mov.w
lds.l
rts
mov.l
mov.b
mov.l
mov.l
mov.w
cmp/pl
bf
mov.l
mov.l
mov
mov.w
cmp/gt
bt
mov.l
tst
bt
add
mov.w
mov.l
mov.l
rts
mov.l
