mov.l
mov.l
mov.l
sts.l
mov.w
add
mov
mov.l
mov.l
tst
bf.s
mov
mov.l
mov.w
mov.l
tst
bt
bsr
mov
bra
nop
mov.l
jsr
mov
mov
cmp/pz
bt
bsr
mov
bra
nop
bra
mov
bsr
sts
mov.l
mov.w
mov.l
tst
bf
mov.l
mov.w
mov.l
mov.l
jsr
mov
bra
nop
mov.l
mov.w
mov.l
mov.l
jsr
mov
mov
mov.b
extu.b
tst
bt
bra
nop
bsr
mov
bra
nop
mov
mov
mov
bsr
add
mov
mov.l
mov.l
mov.l
jsr
mov
mov.l
bsr
mov
bsr
mov
mov.l
mov.w
add
lds.l
mov.l
mov.l
rts
mov.l
