mov.l
mov.l
mov.l
mov.l
mov.l
mov.l
mov.l
sts.l
mov.l
mov.l
mov
mov.l
mov.l
bra
extu.w
mov
mov
shll2
shll2
shll
shll2
add
exts.w
add
mov.b
mov
extu.b
tst
bf
mov.l
mov
mov
shll2
shll2
shll
shll2
add
exts.w
mov.l
jsr
add
bra
nop
mov
mov
mov.l
shll2
shll2
shll
shll2
add
exts.w
mov.l
add
jsr
mov
extu.b
mov
mov.b
mov.l
add
mov.l
mov.l
add
mov.l
add
extu.w
mov.w
extu.w
cmp/ge
bf
mov.w
lds.l
mov.l
mov.l
mov.l
mov.l
mov.l
mov.l
rts
mov.l
