mov.l
mov
mov.l
sts.l
add
mov.l
mov.l
mov.l
jsr
mov.l
cmp/eq
bf
mov.l
mov.l
jsr
mov.l
shll8
mov.l
mov.l
shll2
shll2
add
mov
add
mov
cmp/eq
bf
mov.l
bra
mov.l
mov
shll2
mov
add
lds.l
mov.l
mov.l
jmp
mov.l
mov.l
mov.l
jsr
mov.l
shll8
mov.l
mov.l
shll
shll
add
mov
add
mov
cmp/eq
bf
mov.w
bra
mov.w
mov
shll
mov
add
lds.l
mov.l
mov.l
jmp
mov.l
add
lds.l
mov.l
rts
mov.l
