mov.l
mov
mov.l
mov
mov
mov
mov.l
add
shll2
shll2
sts.l
add
mov.l
shll
add
add
mov.l
mov.l
mov
mov.l
mov.w
mov.w
mov
exts.b
mov.b
mov
exts.b
mov.b
exts.b
mov.b
mov.b
mov
mov.b
mov
muls.w
sts
neg
add
shll
exts.w
mov.w
mov.b
mov
mov.b
mov
muls.w
sts
shll
exts.b
mov.b
mov
add
mov
shll2
shll2
shll
add
add
mov.l
mov.l
mov.w
mov.w
exts.b
mov.b
exts.b
mov.b
exts.b
mov.b
mov.b
mov
mov.b
mov
muls.w
sts
neg
add
shll
exts.w
mov.w
mov.b
mov
mov.b
mov
muls.w
sts
shll
exts.b
mov.b
mov
add
mov
shll2
shll2
shll
add
add
mov
mov.l
mov.l
mov.w
exts.w
mov.w
exts.b
mov.b
exts.b
mov.b
exts.b
mov.b
mov.b
mov
mov.b
mov
muls.w
sts
neg
add
shll
exts.w
mov.w
mov.b
mov
mov.b
mov
muls.w
sts
shll
exts.b
mov.b
mov
exts.w
mov.l
add
mov
shll2
shll2
shll
add
add
mov.l
mov.w
exts.b
mov.b
exts.b
mov.b
exts.b
mov.b
mov.b
mov
mov.b
mov
muls.w
sts
neg
add
shll
exts.w
mov.w
mov.b
mov
mov.b
mov
muls.w
sts
shll
exts.b
mov.b
mov
add
mov
shll2
shll2
shll
add
add
mov.l
bra
nop
mov.b
mov.l
mov.l
cmp/eq
mov.b
mulu.w
mov.b
mov.l
mov.b
xor
mov.b
xor
mov.l
exts.w
mov.w
exts.b
mov.b
exts.b
mov.b
exts.b
mov.b
mov.b
mov
mov.b
mov
muls.w
sts
neg
add
shll
exts.w
mov.w
mov.b
mov
mov.b
mov
muls.w
sts
shll
exts.b
mov.b
mov
add
mov
mov.l
exts.w
shll2
shll2
shll
add
add
mov.l
mov.w
exts.b
mov.b
exts.b
mov.b
exts.b
mov.b
mov.b
mov
mov.b
mov
muls.w
sts
neg
add
shll
exts.w
mov.w
mov.b
mov
mov.b
mov
muls.w
sts
shll
exts.b
mov.b
mov
add
mov
shll2
shll2
shll
add
add
mov.l
mov.l
mov
mov.l
exts.w
mov.w
exts.b
mov.b
exts.b
mov.b
exts.b
mov.b
exts.w
mov.w
mov.b
mov
mov.b
mov
muls.w
sts
shll
exts.b
mov.b
mov
mov.l
add
mov
shll2
shll2
shll
add
add
mov.l
mov.w
mov.w
exts.b
mov.b
exts.b
mov.b
exts.b
mov.b
exts.w
mov.w
mov.b
mov
mov.b
mov
muls.w
sts
shll
exts.b
mov.b
mov
mov.l
add
mov
shll2
shll2
shll
add
add
mov.l
mov.w
mov.w
exts.b
mov.b
exts.b
mov.b
mov
mov.b
exts.w
mov.w
mov.b
mov
mov.b
mov
muls.w
sts
shll
exts.b
mov.b
mov
add
mov
shll2
shll2
shll
add
add
mov.l
mov.w
mov.w
exts.b
mov.b
exts.b
mov.b
exts.b
mov.b
mov.b
mov
mov.b
mov
muls.w
sts
neg
add
shll
exts.w
mov.w
mov.b
mov
mov.b
mov
muls.w
sts
shll
exts.b
mov.b
mov
add
mov
shll2
shll2
shll
add
add
mov.l
mov.l
mov.w
mov.w
bra
nop
mov.l
add
mov.b
mov.b
mov.l
mov.b
mulu.w
mov.b
exts.b
mov.b
exts.b
mov.b
exts.b
mov.b
exts.w
mov.w
mov.b
mov
mov.b
mov
muls.w
sts
shll
exts.b
mov.b
mov
add
mov
shll2
shll2
shll
add
add
mov.l
mov.w
mov.w
exts.b
mov.b
exts.b
mov.b
exts.b
mov.b
mov.b
mov
mov.b
mov
muls.w
sts
neg
add
shll
exts.w
mov.w
mov.b
mov
mov.b
mov
muls.w
sts
shll
exts.b
mov.b
mov
add
mov
shll2
shll2
shll
add
add
mov.l
mov.l
mov.w
mov.w
exts.b
mov.b
exts.b
mov.b
mov
mov.b
exts.w
mov.w
mov.b
mov
mov.b
mov
muls.w
sts
shll
exts.b
mov
mov.b
shll2
shll2
shll
add
add
mov.l
mov.l
mov.w
mov.w
exts.b
mov.b
exts.b
mov.b
exts.b
mov.b
exts.w
mov.w
mov.b
mov
mov.b
mov
muls.w
sts
shll
exts.b
mov.b
add
lds.l
mov.l
mov.l
rts
mov.l
