mov.l
mov.l
sts.l
mov.l
mov.l
mov.l
mov.w
extu.w
mov.w
and
tst
bt
mov
mov.l
mov.l
mov
mov.l
mov.l
jsr
nop
mov.l
mov.b
tst
bf
mov.l
mov.l
tst
bf
mov.l
mov.l
mov.l
add
cmp/pl
bt.s
mov.l
mov.l
jsr
nop
mov.l
mov.l
mov.w
mov.l
mov.l
mov.l
mov
mov.l
mov.l
mov.l
tst
bt
mov
mov.l
and
mov.l
jsr
mov.l
mov
mov.l
jsr
mov.l
bra
nop
mul.l
mov
mov.w
bra
mov.l
