mov.l
mov.l
mov.l
mov.l
mov.l
mov.l
mov.l
sts.l
add
mov
mov.l
mov.l
bra
mov.l
bra
extu.w
bra
mov
bra
nop
cmp/eq
bt
cmp/eq
bt
bra
nop
extu.w
mov.l
shll2
add
mov.l
tst
bt
mov.l
add
mov.l
tst
bf
mov.l
add
mov.l
tst
bt
extu.w
shll2
bra
mov.l
sts
mov.l
sub
sts
sts
sts
extu.w
shll2
add
mov.l
add
mov
mov.l
mov.l
cmp/ge
bf
extu.w
shll2
mov.l
mov.l
sub
mov.l
extu.w
shll2
mov.l
cmp/pz
bt
extu.w
shll2
mov.l
mov.l
add
mov.l
extu.w
mov.l
extu.w
mov.l
shll2
shll2
shll2
mov
shll2
add
shll
add
mov.l
add
mov.l
mov.l
mov.l
mov.l
jsr
mov.l
mov
jsr
mov.l
mov.l
sub
mov.l
mov.l
add
mov.l
mov.l
mov.l
mov.l
jsr
mov.l
neg
jsr
mov.l
mov.l
sub
mov.l
mov.l
mov.l
mov.l
mov.l
mov.l
mov.l
mov.l
jsr
mov.l
mov
jsr
mov.l
mov.l
sub
mov.l
mov.l
mov.l
mov.l
mov.l
jsr
mov.l
mov
jsr
mov.l
mov.l
sub
mov.l
mov.l
mov.l
jsr
mov.l
neg
mov.l
mov.l
jsr
mov.l
mov.l
mov.l
jsr
mov.l
mov.l
mov.l
jsr
mov.l
mov.l
add
lds.l
mov.l
mov.l
mov.l
mov.l
mov.l
mov.l
rts
mov.l
