sts.l
sts.l
mov.w
mov.l
mov.l
mov
mov.w
add
extu.w
shll2
shll
mov.l
mov.l
bra
add
mov.w
mov
cmp/pz
bt
mov.w
mov
extu.w
shll2
mov.l
mov.l
add
mov.l
mov.l
mov.l
extu.w
mov.l
mov.w
bra
nop
mov.w
mov.l
mov.w
mov
mul.l
mov.w
sts
mov
add
extu.w
mov.l
jsr
shll16
mov.w
add
mov.l
mov.w
mov
extu.w
mov.w
mov.l
add
mov.l
mov.w
add
mov.w
add
mov.w
mov.w
extu.w
extu.w
cmp/gt
bt
mov.l
mov.l
cmp/eq
bf
bsr
nop
mov.w
add
mov.w
lds.l
lds.l
mov.l
mov.l
mov.l
mov.l
mov.l
mov.l
rts
mov.l
