mov.l
mov.l
mov.l
mov.l
mov.l
mov.l
mov.l
sts.l
sts.l
add
mov.l
mov.l
mov.l
mov.l
mov.l
mov.l
mov.l
mov.l
mov.l
tst
bt
add
lds.l
lds.l
mov.l
mov.l
mov.l
mov.l
mov.l
mov.l
bra
mov.l
mov.b
extu.b
tst
mov.l
mov.l
and
tst
bt
bra
nop
mul.l
bt
mov.w
add
stc
mov.b
add
add
add
mul.l
mul.l
mov
mov.b
extu.b
tst
mov.l
mov.l
and
mov
mov
mov.b
tst
add
neg
tst
and
tst
bt
mov
mov.b
mov.w
mov.l
mov.w
mov
mov.l
mov.b
mov
mov.l
mov.l
mov.l
mov.l
mov.l
mov.l
mov.l
cmp/eq
bf
mov.l
mov
mov.l
mov.w
mov.l
mov.l
add
jsr
mov.l
shll2
mov
mov.l
mov.l
mov.l
mov.b
mov.l
mov.l
cmp/hs
bt
mov
mov.l
mov.b
mov.l
mov.l
mov.w
mov.l
mov.l
add
jsr
mov.l
shll2
mov.l
mov.l
mov.b
extu.b
tst
bf
bra
nop
mov.l
mov.l
mov.b
add
mov.b
extu.b
mov.w
cmp/ge
bt
mov.l
mov.l
mov
mov.w
mov.w
mov.l
mov.l
mov.l
add
add
jsr
mov.l
mov
mov.l
mul.l
sts
add
jsr
mov
mov.l
mov.l
mov
mov.l
mov.w
mov.l
mov.l
mov.b
mov.l
extu.b
shll8
shll2
shll2
add
jsr
mov
mov.l
mov.l
add
mov.w
bra
nop
mul.l
mov
add
mov.w
mov.l
mul.l
mov.w
mov.l
mul.l
mov
mov.w
mov.l
mov.l
add
mov.l
sub
mov.w
mov
mov.l
cmp/eq
mov.l
sub
mov.l
mov.l
jsr
mov
bsr
mov.l
mov.l
mov.w
mov.l
mov.l
add
jsr
mov
mov.l
mov.l
cmp/hs
bf
mov.l
bsr
nop
bra
nop
bsr
mov.l
mov.l
mov.w
mov.l
mov.l
add
jsr
mov
bra
nop
bsr
nop
mov.l
mov.l
mov.w
add
mov.w
extu.w
cmp/pl
bt
mov
mov.b
add
lds.l
lds.l
mov.l
mov.l
mov.l
mov.l
mov.l
mov.l
bra
mov.l
add
lds.l
lds.l
mov.l
mov.l
mov.l
mov.l
mov.l
mov.l
rts
mov.l
