mov.l
mov.l
mov.l
mov.l
mov.l
mov.l
mov.l
add
mov
mov.w
mov
add
mov
mov.l
mov.w
mov.w
add
mov.l
mov
add
mov.l
mov.w
mov.w
mov
add
mov.l
mov
add
mov.l
mov.w
mov.w
add
mov.l
mov
add
mov.l
mov.w
mov.w
mov
add
mov
add
mov.l
mov
add
mov
add
mov
add
mov
mov
add
mov
add
mov.l
mov.w
extu.w
tst
bt
mov.l
mov.w
tst
bt
mov.l
mov.l
mov
mov
shll
shll
add
mov.l
mov.w
extu.w
tst
bf.s
add
mov.l
mov.l
mov.l
add
mov.l
shar
add
shar
shar
mov.l
shar
bra
mov.l
mov.l
mov.w
extu.w
tst
bf
mov.l
mov.l
add
add
shar
shar
shar
mov.l
shar
mov.l
mov.l
cmp/ge
bf
mov.w
cmp/gt
bt
mov.l
cmp/ge
bf
mov.w
cmp/gt
bt
mov.l
exts.w
mov.w
mov.l
mov.w
extu.w
tst
bt
mov.l
mov.w
tst
bt
mov.l
mov.l
mov.l
mov.l
mov.l
mov
shll
add
mov
shll
add
mov.w
extu.w
tst
bf
mov.l
mov.l
add
add
shar
mov.l
shar
shar
mov.l
mov.l
shar
mov.l
bra
nop
mov.w
mov.w
extu.w
tst
bf
mov.l
mov.l
add
add
shar
mov.l
shar
shar
mov.l
mov.l
shar
mov.l
mov.l
mov.l
cmp/ge
bf
mov.w
cmp/gt
bt
mov.l
mov.l
cmp/ge
bf
mov.w
cmp/gt
bt
mov.l
exts.w
mov.w
mov.l
mov.w
extu.w
tst
bt
mov.l
mov.w
tst
bt
mov.l
mov.l
mov
mov
shll
shll
add
mov.l
mov.w
extu.w
tst
bf.s
add
mov.l
mov.l
add
add
shar
shar
shar
mov.l
shar
bra
mov.l
mov.w
mov.l
mov.w
extu.w
tst
bf
mov.l
mov.l
mov.l
add
mov.l
shar
add
shar
shar
mov.l
shar
mov.l
mov.l
cmp/ge
bf
mov.w
cmp/gt
bt
mov.l
cmp/ge
bf
mov.w
cmp/gt
bt
mov.l
exts.w
mov.w
mov.l
mov.w
extu.w
tst
bt
mov.l
mov.w
tst
bt
mov.l
mov.l
mov
mov
shll
shll
add
mov.w
extu.w
tst
bf.s
add
mov.l
mov.l
add
add
shar
shar
shar
mov.l
shar
bra
mov.l
mov.w
mov.l
mov.w
extu.w
tst
bf
mov.l
mov.l
add
add
shar
shar
shar
mov.l
shar
mov.l
mov.l
cmp/ge
bf
mov.w
cmp/gt
bt
mov.l
cmp/ge
bf
mov.w
cmp/gt
bt
mov.l
exts.w
mov.w
mov.l
mov.l
mov.l
mov.w
mov.w
or
mov.w
or
mov.l
mov.w
or
tst
bf
bra
nop
bra
nop
add
mov.l
mov.l
mov.l
mov.l
mov.l
mov.l
rts
mov.l
