mov.l
mov.l
mov.l
mov.l
mov.l
mov.l
mov.l
mov.l
mov
mov.l
mov.l
mov.l
mov.l
mov.l
mov.l
cmp/eq
bt
mov
shll
add
shll
mov.w
mov
shll2
mov.w
bra
shlr
mov.b
mov.b
mul.l
mov
mov.l
xor
mov.w
tst
bt
cmp/eq
bt
bra
add
mov.l
mov.l
mov.l
mov.l
mov.w
mov.l
mov
cmp/gt
bt
shll
mov.l
add
mov.l
mov.w
mov.w
bra
mov.w
mov.b
mul.l
mov
mov.l
mov.l
mov.l
cmp/eq
xor
tst
bf
mov
shll
add
shll
mov.w
mov
shll2
mov.w
bra
shlr
mov.l
mov.w
shlr
xor
mov
shll
mov.w
mov.l
mulu.w
sts
mov.l
add
mov
mov.l
mov.l
mov.l
dmuls.l
sts
sts
add
mov.l
tst
bf
add
mov.w
tst
bt
neg
cmp/pz
bt
bra
nop
mov.l
cmp/eq
mov.b
sts
mov.b
mov
mov.l
mov.l
dmuls.l
sts
sts
add
mov.l
tst
bf
add
mov.w
tst
bt
neg
cmp/pz
bt
bra
nop
mov
mov.l
mov.l
dmuls.l
sts
sts
add
mov.l
tst
bf
add
mov.w
tst
bt
neg
cmp/pz
bt
bra
nop
mov
mov.l
mov.l
dmuls.l
sts
sts
add
mov.l
tst
bf
add
mov.w
tst
bt
neg
cmp/pz
bf
bra
mov
add
add
cmp/ge
bt
bra
nop
mov.l
tst
bt
cmp/eq
bt
mov.l
mov.l
dmuls.l
sts
sts
mov.l
mov.l
dmuls.l
sts
sts
mov.l
mov.l
add
add
mov
mov.l
mov
shll
mov.w
mov.w
mov.l
mov.l
mov.l
mov.l
mov.l
mov.l
mov.l
rts
nop
