mov.l
mov.l
mov.l
mov.l
mov.l
mov.l
mov.l
mov.l
mov.l
mov.l
mov
mov
extu.w
extu.w
extu.w
extu.b
shll2
mov
add
shll
shll2
shll2
add
shll
mov.l
add
mov.w
extu.b
extu.w
mov.w
add
mov.w
mov.l
mov.w
extu.w
cmp/ge
bf
bra
extu.w
extu.w
extu.w
extu.b
mov.l
shll2
mov
shll
shll2
shll2
add
add
shll
add
extu.b
add
extu.w
mov.l
shll
mov.w
mov.w
extu.w
extu.w
and
tst
bt
extu.w
mov.l
extu.w
shll2
shll
add
mov.l
shll
add
mov.w
mov.w
mov.w
mov.w
mov.l
mov.w
extu.w
mov.w
or
mov.w
add
extu.w
cmp/ge
bf
add
extu.w
mov
cmp/ge
bf
mov.l
mov.l
mov.l
mov.l
mov.l
mov.l
rts
mov.l
