sts.l
mov
mov.w
mov.l
mov.l
shll2
mov.l
add
mov.l
dmuls.l
mov.l
sts
sts
sub
mov
mov.w
mov.l
mov.l
mov.l
cmp/gt
bt
mov
bra
nop
mov.b
mov.l
mov.l
mov.l
mov.b
cmp/gt
bt
mov
shlr2
shlr2
shlr2
shlr
mov.w
mov.w
mov.w
mov.l
shll2
mov.l
shll2
add
add
mov.l
mov.l
dmuls.l
sts
sts
dmuls.l
sts
sts
mov
mov.w
mov.l
mov.l
shll16
mov.l
jsr
mov.l
mov
mov.l
mov
mov.w
sub
mov.l
mov.w
mov.l
mov.l
shll2
add
mov.l
mov.l
mov.l
mov
dmuls.l
sts
sts
mov
mov
mov
dmuls.l
sts
sts
mov
mov
dmuls.l
sts
sts
mov
mov.w
mov.l
mov.w
mov.l
mov
mov.w
mov.l
cmp/ge
bt
shar
mov.l
mov.l
jsr
nop
dmuls.l
sts
sts
shar
mov
mov.w
mov
mov.l
mov.l
mov.l
shll2
add
mov.l
mov.w
mov.w
cmp/pl
bf
mov.w
dmuls.l
sts
sts
bsr
nop
add
shar
mov.w
lds.l
rts
mov.l
mov.b
mov.b
mov.b
mov.b
mov.b
mov.b
mov.l
add
mov.b
add
mov.w
stc
add
mov.b
mov.l
stc
add
mov.b
mov.l
mov
mov.w
mov.w
add
mov.l
tst
mov
bt
add
mov.l
tst
or
bt
add
mov.l
tst
or
bt
add
mov.l
tst
or
bt
add
tst
bt
mov
tst
bf
mov.w
mov.w
mov
cmp/ge
bt
mov
cmp/ge
bt
mov
cmp/eq
bt
mov
cmp/eq
bt
mov
cmp/ge
bt
mov.l
mov.l
shll2
add
mov.l
rts
shar
mov.b
mov.b
mov.b
extu.b
mov.l
mov.l
shll2
add
mov.l
rts
shar
mov.b
extu.b
rts
mov
mov.l
mov.l
shll2
add
mov.l
rts
shll
