mov.l
mov.l
mov.l
sts.l
mov.l
mov.l
mov.l
mov.l
mov.b
tst
bt
mov
mov.l
mov.l
mov.l
mov.l
mov.l
mov.l
mov.l
mov.l
mov.w
shll2
shll2
add
extu.w
add
mov.b
mov.l
extu.b
add
shll2
shll2
shll
shll
add
mov.l
bra
add
mov.w
mov.l
mov.l
mov.l
mov.l
shll2
shll2
add
mov.l
shll
mov.l
add
add
jsr
nop
mov.w
mov.l
mov.l
mov.l
mov.l
mov
mov.b
shll2
add
extu.b
shll
shll2
add
add
mov.l
jsr
add
lds.l
mov.l
mov.l
rts
mov.l
