mov.l
mov.l
mov.l
sts.l
mov.l
mov.l
mov.w
mov.l
mov.l
cmp/eq
bf
mov.l
mov.l
cmp/ge
bf
mov.l
dmuls.l
mov.l
sts
sts
dmuls.l
mov.l
sts
sts
dmuls.l
add
mov.l
mov.l
sts
sts
dmuls.l
mov.l
sts
sts
dmuls.l
add
mov.l
mov.l
sts
sts
dmuls.l
sts
sts
add
add
mov.l
cmp/ge
bf
bra
nop
mov
mov.l
mov.l
mov.l
dmuls.l
mov.l
sts
sts
dmuls.l
mov.l
sts
sts
dmuls.l
add
mov.l
mov.l
sts
sts
dmuls.l
mov.l
sts
sts
dmuls.l
add
mov.l
mov.l
sts
sts
dmuls.l
sts
sts
add
add
mov.l
cmp/ge
bf
bra
nop
mov.w
cmp/eq
bf
mov.l
mov.l
cmp/ge
bf
mov.l
dmuls.l
mov.l
sts
sts
dmuls.l
mov.l
sts
sts
dmuls.l
add
mov.l
mov.l
sts
sts
dmuls.l
mov.l
sts
sts
dmuls.l
add
mov.l
mov.l
sts
sts
dmuls.l
sts
sts
add
add
mov.l
cmp/ge
bf
bra
nop
mov.l
dmuls.l
mov.l
sts
sts
dmuls.l
mov.l
sts
sts
dmuls.l
add
mov.l
mov.l
sts
sts
dmuls.l
mov.l
sts
sts
dmuls.l
add
mov.l
mov.l
sts
sts
dmuls.l
sts
sts
add
add
mov.l
cmp/ge
bf
bra
nop
mov.w
cmp/eq
bf
mov.l
mov.l
cmp/ge
bf
mov.l
dmuls.l
mov.l
sts
sts
dmuls.l
mov.l
sts
sts
dmuls.l
add
mov.l
mov.l
sts
sts
dmuls.l
mov.l
sts
sts
dmuls.l
add
mov.l
mov.l
sts
sts
dmuls.l
sts
sts
add
add
mov.l
cmp/ge
bf
bra
nop
mov.l
dmuls.l
mov.l
sts
sts
dmuls.l
mov.l
sts
sts
dmuls.l
add
mov.l
mov.l
sts
sts
dmuls.l
mov.l
sts
sts
dmuls.l
add
mov.l
mov.l
sts
sts
dmuls.l
sts
sts
add
add
mov.l
cmp/ge
bf
bra
nop
mov.l
mov.l
cmp/ge
bf
mov.l
dmuls.l
mov.l
sts
sts
dmuls.l
mov.l
sts
sts
dmuls.l
add
mov.l
mov.l
sts
sts
dmuls.l
mov.l
sts
sts
dmuls.l
add
mov.l
mov.l
sts
sts
dmuls.l
sts
sts
add
add
mov.l
cmp/ge
bf
bra
nop
mov.l
dmuls.l
mov.l
sts
sts
dmuls.l
mov.l
sts
sts
dmuls.l
add
mov.l
mov.l
sts
sts
dmuls.l
mov.l
sts
sts
dmuls.l
add
mov.l
mov.l
sts
sts
dmuls.l
sts
sts
add
add
mov.l
cmp/ge
bf
lds.l
mov.l
mov.l
rts
mov.l
