mov.l
mov.b
cmp/eq
bf
mov.l
sts.l
jsr
nop
lds.l
mov.l
mov.l
mov.l
mov.l
mov.l
mov.l
mov.l
mov.l
mov.l
sts.l
jsr
nop
lds.l
mov.l
mov.w
mov.l
sts.l
jsr
nop
lds.l
mov.l
mov.b
mov.l
sts.l
jsr
nop
lds.l
mov.l
sts.l
jsr
nop
lds.l
mov.l
mov.l
bra
nop
stc
extu.b
mov.w
mov.b
clrt
mov.b
stc
exts.b
stc
stc
exts.b
bra
stc
swap.b
cmp/eq
bf
mov.l
sts.l
jsr
nop
lds.l
mov.l
mov.l
mov.l
mov.l
mov.l
mov.l
mov.l
mov.l
mov.l
sts.l
jsr
nop
lds.l
mov.l
mov.w
mov.l
add
exts.w
mov.l
sts.l
jsr
nop
lds.l
mov.l
mov.b
mov.l
sts.l
jsr
nop
lds.l
mov.l
sts.l
jsr
nop
lds.l
mov.l
mov.l
bra
nop
stc
extu.b
mov.w
mov.b
clrt
mov.b
stc
exts.b
stc
mov.b
stc
exts.b
bra
stc
swap.b
cmp/eq
bf
mov.l
sts.l
jsr
nop
lds.l
mov.l
mov.l
mov.l
mov.l
mov.l
mov.l
mov.l
mov.l
mov.l
sts.l
jsr
nop
lds.l
mov.l
mov.w
mov.l
sts.l
jsr
nop
lds.l
mov.l
mov.b
mov.l
sts.l
jsr
nop
lds.l
mov.l
sts.l
jsr
nop
lds.l
mov.l
mov.l
bra
nop
stc
extu.b
mov.w
mov.b
sett
mov.b
stc
exts.b
stc
stc
exts.b
bra
stc
swap.b
cmp/eq
bt
bra
nop
mov.l
sts.l
jsr
nop
lds.l
mov.l
mov.l
mov.l
mov.l
mov.l
mov.l
mov.l
mov.l
mov.l
sts.l
jsr
nop
lds.l
mov.l
mov.w
mov.l
sts.l
jsr
nop
lds.l
mov.l
mov.b
mov.l
sts.l
jsr
nop
lds.l
mov.l
sts.l
jsr
nop
lds.l
mov.l
mov.l
mov.l
mov.l
mov.l
cmp/ge
bf
mov.l
sts.l
jsr
nop
lds.l
mov.l
mov.l
mov.l
mov.l
mov.l
sub
mov.l
mov.l
mov.l
mov.l
mov.l
sub
mov.l
sts.l
jsr
nop
lds.l
mov.l
mov.w
