sts.l
mov.l
mov.w
add
mov.l
mov.l
mov.l
mov.l
mov
or
or
or
mov.w
tst
bf
bra
nop
mov.l
mul.l
mov
and
and
and
mov.w
tst
bt
bra
nop
mov.w
tst
bt
mov.l
mov
bra
mov.l
mov.l
mov.w
tst
bt
mov.w
mov
bra
mov.w
mov.b
mov.b
mov
mov.w
mov.l
tst
bt
add
mov.l
tst
bt
add
mov.l
tst
bt
add
mov.l
tst
bt
add
mov.w
mov
add
mov.l
mov
cmp/eq
bt
mov
cmp/eq
bt
mov
mov
and
cmp/eq
bt
tst
bt
mov
tst
bt
bra
nop
mov.l
mov.w
mov.l
mov.l
add
sub
cmp/pz
mov.l
bt
neg
extu.w
cmp/gt
bt.s
mov
shll
add
cmp/gt
bt
add
mov.w
mov.l
add
mov.w
mov
bra
mov.l
shll
mov.l
mov.b
mov
mov.l
shll16
shlr
mov.l
add
mov.w
mov.l
add
sub
cmp/pz
mov.l
bt
neg
extu.w
cmp/gt
bt.s
mov
shll
add
cmp/gt
bt
add
mov.w
add
mov.l
mov
mov.w
bra
mov.l
shll
mov.l
add
mov.b
mov
tst
mov.l
mov
bf
mov.l
mov
mov.w
mov.l
mov.l
sub
cmp/pz
bt
neg
extu.w
cmp/gt
bt.s
mov
shll
add
cmp/gt
bt
add
mov.w
add
mov.l
mov.w
mov.l
bra
mov
shll
mov.l
cmp/eq
mov.l
sub
mov.b
mov
mov.l
mov
tst
bf
mov.l
mov
mov.w
mov.l
mov.l
sub
cmp/pz
bt
neg
extu.w
cmp/gt
bt.s
mov
shll
add
cmp/gt
bt
add
mov.w
add
mov.l
mov.w
mov.l
bra
mov
shll
mov.b
mov.l
add
mov.l
mov.b
lds.l
mov.l
mov.l
rts
mov.l
mov.w
add
mov.l
cmp/eq
bf
lds.l
mov.l
mov.l
rts
mov.l
mov.l
mov.l
mov.l
shll2
add
mov.l
jmp
mov
mov.b
mov.l
mov
mov.b
mov.l
mov
mov.b
mov.w
mov.w
mov.l
mov
cmp/ge
mov.l
bt
or
mov.l
bra
mov.l
mov.b
mul.l
mov.w
mov.l
mov
mov.b
mov.l
mov
mov.b
mov.w
mov.w
mov.l
mov
cmp/ge
mov.l
bt
or
mov.l
bra
mov.l
stc
mov.b
mul.l
mov.w
mov.l
mov
mov.b
mov.l
mov
mov.b
mov.w
mov.w
mov.l
mov
cmp/ge
mov.l
bt
or
mov.l
bra
mov.l
mov.b
mov.b
mul.l
mov.w
mov.l
mov
mov.b
mov.l
mov
mov.b
mov.w
mov.w
mov.l
mov
cmp/ge
mov.l
bt
or
mov.l
mov.l
mov.l
mov.w
mov
mov
mov.l
sub
mov
shll16
exts.w
shlr
cmp/pz
bt
add
shlr
cmp/ge
bt
shll
sub
mov
shar
mov.w
shar
add
mov.l
sub
add
mov
mov.l
mov.w
add
mov.w
mov.w
mov
mov.l
tst
bf
mov.w
mov.l
and
shll
mov.l
mov.w
mov.l
mov.w
mov.l
cmp/ge
bf
mov.l
mov.w
tst
bf
mov.l
jsr
mov.l
bra
mov.l
mov.b
mov.b
sts
mov.b
mov.b
mul.l
mov.w
mov.b
mov.l
mov.b
cmp/ge
bt
mov.l
mov.w
tst
bf
mov.l
jsr
mov.l
bra
mov.l
mov.l
mov.b
mov.l
mov.l
or
mov.l
mov.l
mov.l
mov
mov.l
mov.l
mov.l
mov.l
mov.l
mov
muls.w
mov.l
sts
add
mov
mov.l
shll16
mov.l
mov.l
shll8
dmuls.l
mov.l
mov.l
sts
sts
tst
shlr8
mov
and
bf.s
add
add
mov
mov
cmp/pl
bt
mov
mov
cmp/eq
bt
mov
mov.l
mov
cmp/eq
bf.s
mov
bra
nop
sts
mov.b
cmp/eq
bf
bra
nop
mov.l
add
cmp/pl
bt
neg
bra
nop
neg
mov.l
jsr
mov
mov.l
sub
cmp/pl
bt
neg
bra
nop
stc
add
mov.l
add
neg
dmuls.l
mov
shll16
mov.w
sts
sts
cmp/gt
bf
neg
cmp/gt
bt
shll8
shlr16
shlr8
or
mov.l
shar
shar
shar
shar
shar
shar
shar
shar
add
neg
dmuls.l
sts
sts
mov.l
jsr
add
shll8
bra
nop
add
stc
add
mov.l
add
neg
dmuls.l
sts
sts
mov.l
jsr
add
mov
neg
dmuls.l
neg
sts
sts
add
mov.l
mov.l
sub
sub
cmp/pl
bt
neg
cmp/pl
bt
neg
cmp/gt
bt
shar
shar
bra
add
stc
add
shar
shar
add
bra
nop
mov.l
mov.l
mov.w
mov.w
tst
bt
add
tst
bf.s
mov.w
mov.l
mov.w
mov.w
add
mov.l
mov.l
mov.l
tst
bt
mov.w
mov.w
add
mov.l
mov.l
mov.l
mov.l
rts
nop
mov.b
mov.b
mul.l
mov
mov.l
shar
mov.l
mov.l
mov.l
mov.l
mov.l
mov.l
mov.l
mov.l
mov.l
mov.l
mov.w
mov.l
mov.l
mov.w
mov.l
mov.l
lds.l
mov.l
mov.l
rts
mov.l
mov.l
mov.l
add
mov.l
cmp/eq
mov.l
mov.l
sub
mul.l
mov
mul.l
mov
mov.l
mov.l
mov.l
mov.l
mov.l
mov
sub
mov.w
exts.w
extu.w
cmp/pl
bt
add
shlr
cmp/ge
bt
shll
sub
mov
shar
shar
add
mov.w
mov.l
sub
add
mov.l
mov.w
add
mov.w
mov.l
mov
mov.b
mov.l
mov
mov.b
mov.w
mov.w
mov.l
or
mov.l
mov.l
mov.l
mov.l
mov.w
mov.l
mov
muls.w
sts
add
mov.l
mov.l
mov.w
mov.l
mov.l
mov.l
mov.l
mov.l
mov
tst
bf
mov
tst
bf
jsr
mov.l
bra
mov.l
mov.b
mov.b
sts
mov.b
mov.b
mul.l
mov.w
sts
mov.b
mov.l
mov.b
mov.l
mov.l
or
mov.l
mov.l
mov
mov.w
mov.l
mov.l
bra
nop
mov.b
mov
mov.l
mov
sub
exts.w
mov.l
mov.l
cmp/ge
bt
cmp/ge
bt
bra
nop
exts.w
mov.l
neg
neg
cmp/ge
bt
cmp/ge
bt
bra
nop
mov.l
mov.l
mov.l
mov.l
mov
mov.b
mov.w
mov
add
mov.w
mov
cmp/eq
bt
cmp/eq
bt
cmp/eq
bt
bra
nop
mov.w
mov.l
mov.w
or
mov.l
mov
mov.w
mov.l
mov.l
mov.w
mov
bra
mov.l
mov.l
add
mov.l
mov.w
or
mov.l
mov
mov.w
mov.l
mov.l
mov.w
mov
bra
mov.l
mov.l
mov.l
mov.w
or
mov.l
mov
mov.w
mov.l
mov.l
mov.w
mov
bra
mov.l
mov.l
cmp/eq
mov.l
mov.w
or
mov.l
mov
mov.w
mov.l
mov.l
mov.w
mov
bra
mov.l
mov.l
sub
mov.l
mov.l
mov.b
tst
bf
mov
mov.b
mov.l
sub
cmp/pz
bt
neg
mov.w
cmp/gt
bt
mov
shll
add
cmp/gt
bt
add
exts.w
mov.l
mov.l
mov.l
mov
muls.w
mov.l
sts
add
mov
mov.l
shll16
mov.l
mov.l
shll8
dmuls.l
mov.l
mov.l
sts
sts
tst
shlr8
mov
and
bf.s
add
add
mov
mov
cmp/pl
bt
mov
mov
cmp/eq
bt
mov
mov.l
mov
cmp/eq
bf.s
mov
bra
nop
shll
stc
sts
mov.b
cmp/eq
bf
bra
nop
mov.l
mov.l
mov.b
tst
bf
mov
mov.b
mov.l
sub
cmp/pz
bt
neg
mov.w
cmp/gt
bt
mov
shll
add
cmp/gt
bt
add
exts.w
mov.l
mov.l
mov.l
mov
mov.l
muls.w
sts
add
mov
mov.l
shll16
bra
mov.l
shll
stc
sts
mov.b
mov.l
add
cmp/pl
bt
neg
bra
nop
neg
mov.l
jsr
mov
mov.l
sub
cmp/pl
bt
neg
bra
nop
stc
add
mov.l
add
neg
dmuls.l
mov
shll16
mov.w
sts
sts
cmp/gt
bf
neg
cmp/gt
bt
shll8
shlr16
shlr8
or
mov.l
shar
shar
shar
shar
shar
shar
shar
shar
add
neg
dmuls.l
sts
sts
mov.l
jsr
add
shll8
bra
nop
add
stc
add
mov.l
add
neg
dmuls.l
sts
sts
mov.l
jsr
add
mov
neg
dmuls.l
neg
sts
sts
add
mov.l
mov.l
sub
sub
cmp/pl
bt
neg
cmp/pl
bt
neg
cmp/gt
bt
shar
shar
bra
add
stc
add
shar
shar
add
bra
nop
