mov.l
mov.l
mov.l
mov.l
mov.l
mov.l
mov.l
sts.l
add
mov.w
mov.w
mov.w
mov.l
mov.l
mov.l
mov.l
mov.l
mov.l
mov.l
mov
mov.l
add
tst
bf.s
mov
mov.l
mov.l
mov.l
add
mov.l
mov
mov.l
mov.l
mov.l
add
mov.l
mov
add
mov
mov.l
mov
add
mov.l
mov.l
mov
mov.w
mov.l
mov.l
mov.l
add
mov.l
mov
add
mov.l
mov.w
add
mov.l
exts.w
mov.l
mov.l
mov.l
mov.l
mov.l
mov.l
mov.l
mov.l
mov.l
mov.l
neg
mov.l
mov.l
mov.l
mov.w
mov.l
mov.l
mov.l
exts.w
jsr
mov
exts.w
mov.w
mov.l
mov
add
mov
add
mov.l
mov.l
mov
add
mov.l
add
mov.l
mov.l
add
mov.l
mov.l
add
mov.l
mov.l
add
mov.l
bra
nop
mov.b
mov.w
mov.w
mov.w
mov.w
mov.w
mov.w
mul.l
mov
add
add
mov.w
mov.b
mov.l
cmp/hs
bf
bra
nop
mov.l
mov.l
cmp/eq
bt
bra
nop
mov.l
mov.l
mov.l
add
mov.l
mov
mov.l
mov.l
mov.l
add
mov.l
mov
add
mov
mov.l
mov
add
mov.l
mov.l
mov.l
mov.l
add
mov.l
mov
mov.l
mov
add
mov.l
mov.l
add
mov.l
mov
add
mov
mov.l
mov
add
mov.l
mov.l
mov.l
mov.l
add
mov.l
mov
mov.l
mov
add
mov.l
mov.l
add
mov.l
mov
add
mov
mov.l
mov
add
mov.l
mov.l
mov
mov
add
mov.l
mov
exts.w
mov
shll2
shll2
shll
shll2
add
exts.w
exts.b
add
mov
mov.l
shll2
shll2
shll
add
exts.b
mov.l
add
mov.l
mov.l
mov.l
mov.l
mov.l
mov.l
mov.l
mov.l
mov.l
mov.l
neg
mov.l
mov.l
exts.w
mov.l
mov.l
mov.l
mov.l
mov.w
exts.w
mov.l
mov.w
mov
shll2
add
mov
mov.l
add
mov.l
mov.l
mov.l
add
mov.l
mov
mov.l
add
mov.l
mov
cmp/hs
bf
bra
mov.l
mul.l
mov
clrt
mov.w
clrt
mov.w
clrt
mov.w
clrt
mov.w
clrt
mov.w
clrt
mov.w
mov.w
mov.b
mov
cmp/hs
bt.s
nop
exts.w
mov
shll2
shll
shll2
shll2
add
exts.w
add
mov.l
mov.l
extu.b
mov
shll2
shll2
shll2
add
extu.b
mov.l
add
mov.l
mov.l
mov.l
mov.l
mov.l
mov.l
mov.l
mov.l
mov.l
mov.l
neg
mov.l
mov.l
mov.l
mov.l
mov.l
mov.l
mov.l
mov.l
mov.l
jsr
mov
exts.w
mov.w
mov.l
mov.l
mov.l
mov.l
jsr
mov
mov.w
mov
shll2
add
mov
mov.l
add
mov.l
mov.l
mov.l
add
mov.l
mov
mov.l
add
mov.l
mov
mov.l
add
cmp/hs
bf.s
mov.l
mov
cmp/hs
bf.s
mov.l
bra
nop
exts.w
mov
shll2
shll
shll2
shll2
add
exts.w
add
mov.l
mov.l
shll2
shll2
mov.l
add
mov.l
mov.l
mov.l
mov.l
mov.l
mov.l
mov.l
mov.l
mov.l
mov.l
neg
mov.l
mov.l
mov.l
mov.l
mov.l
exts.w
mov.l
mov.w
mov.l
mov.l
mov.l
mov.l
jsr
mov
mov.w
mov
shll2
mov.l
mov
add
mov.l
mov.l
bra
nop
mov.w
mov.b
mov.w
mov.b
mov.l
add
add
mov.l
mov.l
mov
add
mov.l
mov.l
mov
add
cmp/hs
bf.s
mov.l
bra
nop
mov.l
mov.l
mov
mov.l
add
mov.l
mov
mov.l
mov.l
mov.l
add
mov.l
mov
add
mov
mov.l
mov
add
mov.l
mov.l
mov.l
mov.l
add
mov.l
mov
mov.l
mov
add
mov.l
mov.l
add
mov.l
mov
add
mov
mov.l
mov
add
mov.l
mov.l
mov.l
mov.l
add
mov.l
mov
mov.l
mov
add
mov.l
mov.l
add
mov.l
mov
add
mov
mov.l
mov.l
mov.w
mov.l
mov.l
mov.l
add
mov.l
mov
mov.l
mov
add
mov.l
mov.l
add
mov.l
mov
add
mov
mov.l
mov.l
mov.w
mov.l
mov.l
mov.l
add
mov.l
mov
mov.l
mov
add
mov.l
mov.l
add
mov.l
mov
add
mov
mov.l
mov.l
mov.w
mov.l
mov
add
mov.l
mov
exts.w
mov
shll2
shll2
shll
shll2
add
exts.w
exts.b
add
mov
mov.l
shll2
shll2
shll
add
exts.b
mov.l
add
mov.l
mov.l
mov.l
mov.l
mov.l
mov.l
mov.l
mov.l
mov.l
mov.l
neg
bra
nop
mov.b
rts
mov
rts
mov
rts
mov
rts
mov
rts
mov.l
rts
mov.l
rts
mov.l
rts
mov.l
rts
mov
rts
mov
mov.w
mov.b
mov.l
exts.w
mov.l
mov.l
mov.l
mov.l
mov.l
mov.w
mov.l
exts.w
mov.w
mov
shll2
add
mov.l
mov
mov.l
add
mov.l
mov.l
add
mov.l
mov.l
add
mov.l
mov
cmp/hs
bf
mov
cmp/hs
bt.s
mov.l
exts.w
mov
shll2
shll
shll2
shll2
add
exts.w
add
mov.l
mov.l
shll2
shll2
mov.l
add
mov.l
mov.l
mov.l
mov.l
mov.l
mov.l
mov.l
mov.l
mov.l
mov.l
neg
mov.l
mov.l
mov.l
mov.l
mov.l
mov.l
exts.w
mov.w
mov.l
mov.l
mov.l
mov.l
jsr
mov
mov.w
mov
shll2
add
mov
mov.l
add
mov.l
mov.l
mov.l
add
mov.l
mov
mov.l
add
mov.l
mov
mov.l
add
cmp/hs
bf.s
mov.l
mov
cmp/hs
bt.s
mov.l
exts.w
mov
shll2
shll
shll2
shll2
add
exts.w
add
mov.l
mov.l
shll2
shll2
mov.l
add
mov.l
mov.l
mov.l
mov.l
mov.l
mov.l
mov.l
mov.l
mov.l
mov.l
neg
mov.l
bra
nop
mov.w
mov.b
mov.w
mov.b
mov.l
exts.w
mov.l
mov.l
mov.l
mov.l
mov.w
mov.l
mov.l
mov.l
mov.l
jsr
mov
mov.w
mov
shll2
add
mov
mov.l
add
mov.l
mov.l
mov.l
add
mov.l
mov
mov.l
add
mov.l
mov
mov.l
add
cmp/hs
bf.s
mov.l
mov
cmp/hs
bt.s
mov.l
exts.w
mov
shll2
shll
shll2
shll2
add
exts.w
add
mov.l
mov.l
shll2
shll2
mov.l
add
mov.l
mov.l
mov.l
mov.l
mov.l
mov.l
mov.l
mov.l
mov.l
mov.l
neg
mov.l
mov.l
mov.l
mov.l
mov.l
exts.w
mov.l
mov.w
mov.l
mov.l
mov.l
mov.l
jsr
mov
mov.w
mov
shll2
add
mov.l
mov
mov.l
add
mov.l
mov.l
add
mov.l
mov.l
mov
add
mov.l
mov.l
mov
add
cmp/hs
bf.s
mov.l
mov
cmp/hs
bt.s
mov.l
exts.w
mov
shll2
shll
shll2
shll2
add
exts.w
add
mov.l
mov.l
shll2
shll2
mov.l
add
mov.l
mov.l
mov.l
bra
nop
mov.w
mov.b
mov.w
mov.b
mov.l
exts.w
mov.l
mov.l
mov.l
mov.l
mov.l
mov.l
neg
mov.l
mov.l
mov.l
mov.l
mov.l
mov.l
mov.w
mov.l
mov.l
mov.l
mov.l
jsr
mov
mov.w
mov
shll2
add
mov.l
mov
mov.l
add
mov.l
mov.l
add
mov.l
mov.l
mov
add
mov.l
mov.l
mov
add
cmp/hs
bf.s
mov.l
mov.l
mov.l
mov.l
mov.l
mov.w
mov.w
mov.l
mov.w
mov.w
mov.l
add
mov.l
mov.l
mov.l
exts.w
mov.w
mov.w
mov.l
exts.w
mov.w
mov.l
add
mov.l
mov.l
mov.l
exts.w
mov.w
mov.l
exts.w
mov.w
mov.l
add
mov.l
mov.l
mov.l
exts.w
mov
mov.w
mov.l
exts.w
mov.w
mov
mov.l
mov.l
mov
mov
mov.l
shll2
add
shll
add
mov.l
add
mov.l
jsr
mov.l
mov.l
mov.l
mov.l
mov.l
mov
mov.l
add
jsr
mov.l
mov
add
add
mov.l
jsr
mov.l
mov
add
add
mov.l
jsr
mov.l
mov
add
bra
mov.l
shll
mov.b
mov.w
mov.l
cmp/ge
cmp/ge
mov.l
mov.l
mov.l
jsr
nop
mov.l
mov.l
mov.l
mov.l
mov
mov.l
add
jsr
mov.l
mov
mov.l
add
jsr
mov.l
mov
mov.l
mov.l
mov.l
mov
mov.l
add
jsr
mov.l
mov.l
jsr
nop
add
mov.l
exts.w
mov.l
mov.w
mov.l
exts.w
mov.w
mov
mov.l
mov
shll2
add
shll
add
mov.l
add
mov.l
jsr
mov.l
mov.l
mov.l
mov.l
mov.l
mov
mov.l
add
jsr
mov.l
mov
add
add
mov.l
jsr
mov.l
mov
add
add
mov.l
jsr
mov.l
mov
mov.l
add
jsr
mov.l
mov.l
mov.l
mov.l
mov.l
mov
mov.l
add
jsr
mov.l
mov
mov.l
add
jsr
mov.l
mov
mov.l
mov.l
mov.l
mov
mov.l
add
jsr
mov.l
mov.l
jsr
nop
add
mov.l
exts.w
mov.l
mov.w
mov.l
exts.w
mov.w
mov
mov.l
mov
shll2
add
shll
add
mov.l
add
mov.l
jsr
mov.l
mov.l
mov.l
mov.l
mov.l
mov
mov.l
add
jsr
mov.l
mov
add
add
mov.l
jsr
mov.l
mov
add
add
mov.l
jsr
mov.l
mov
mov.l
add
jsr
mov.l
mov.l
mov.l
bra
nop
mov.l
mov.w
mov.w
mov.w
mov.l
mov.l
mov.l
cmp/ge
cmp/ge
mov.l
mov.l
mov.l
mov
mov.l
add
jsr
mov.l
mov
mov.l
add
jsr
mov.l
mov
mov.l
mov.l
mov.l
mov
mov.l
add
jsr
mov.l
mov.l
jsr
nop
mov.l
add
mov.l
exts.w
mov.w
exts.w
mov.l
mov.w
mov
cmp/hs
bt
bra
nop
mov
add
mov.l
mov.l
mov.l
mov.l
mov.l
mov.l
mov
cmp/hs
bt
mov
mov.l
shll2
shll
add
mov.l
add
mov.l
add
mov.l
jsr
mov.l
mov.l
mov.l
mov.l
mov.l
mov
mov.l
add
jsr
mov.l
add
mov.l
add
mov.l
jsr
mov.l
mov.l
add
mov.l
jsr
mov.l
mov
mov.l
add
jsr
mov.l
mov.l
mov.l
mov.l
mov.l
mov
mov.l
add
jsr
mov.l
mov
mov.l
add
jsr
mov.l
mov
mov.l
mov.l
mov.l
mov
mov.l
add
jsr
mov.l
mov.l
jsr
nop
mov.l
mov.l
mov.w
mov.w
mov.l
mov.w
mov.w
add
mov.l
add
mov.l
bra
nop
mov.w
mov.l
mov.l
mov.l
mov.w
mov.l
cmp/ge
cmp/ge
mov.l
mov.w
mov.w
mov.l
mov
add
mov.l
mov.l
add
mov.l
cmp/hs
bf
mov
mov.l
mov.l
mov
mov
mov.l
shll2
shll
add
add
mov.l
add
mov.l
jsr
mov.l
mov.l
mov.l
mov.l
mov.l
mov
mov.l
add
jsr
mov.l
mov
add
mov.l
jsr
mov.l
mov
add
mov.l
jsr
mov.l
mov
mov.l
add
jsr
mov.l
mov.l
mov.l
mov.l
mov.l
mov
mov.l
add
jsr
mov.l
mov
mov.l
add
jsr
mov.l
mov
mov.l
mov.l
mov.l
mov
mov.l
add
jsr
mov.l
mov.l
jsr
nop
mov.l
add
mov.l
mov.w
mov.w
exts.w
mov.l
mov.w
mov
mov
mov.l
shll2
shll
add
add
mov.l
add
mov.l
jsr
mov.l
mov.l
mov.l
mov.l
mov.l
mov
mov.l
add
jsr
mov.l
mov
add
mov.l
jsr
mov.l
mov
add
mov.l
jsr
mov.l
mov
mov.l
add
jsr
mov.l
mov.l
mov.l
mov.l
mov.l
mov
mov.l
add
jsr
mov.l
mov
mov.l
add
jsr
mov.l
mov
mov.l
mov.l
mov.l
mov
add
bra
mov.l
mov
mov.w
mov.l
mov.w
mov.w
mac.w
mov.l
mov.l
mov.w
mov.l
mov.l
mov.l
jsr
nop
mov.l
jsr
nop
mov.l
add
mov.l
mov.w
mov.w
exts.w
mov.l
mov.w
mov
cmp/hs
bt
bra
nop
mov.l
mov.l
mov
cmp/hs
bt
mov
mov
mov.l
shll2
add
shll
add
add
mov.l
add
mov.l
jsr
mov.l
mov.l
mov.l
mov.l
mov.l
mov
mov.l
add
jsr
mov.l
mov
add
add
mov.l
jsr
mov.l
mov
add
add
mov.l
jsr
mov.l
mov
mov.l
add
jsr
mov.l
mov.l
mov.l
mov.l
mov.l
mov
mov.l
add
jsr
mov.l
mov
mov.l
add
jsr
mov.l
mov
mov.l
mov.l
mov.l
mov
mov.l
add
jsr
mov.l
mov.l
jsr
nop
add
mov.l
exts.w
mov.l
mov.w
mov.l
exts.w
mov.w
mov
cmp/hs
bf
shll2
mov.l
shll
mov.l
add
mov.w
add
add
cmp/hs
bt.s
mov.l
exts.w
mov.l
mov.l
mov.l
add
mov.w
mov.w
mov.l
mov
mov.w
mov.l
cmp/hs
bf
add
lds.l
mov.l
mov.l
mov.l
mov.l
mov.l
mov.l
rts
mov.l
