mov.l
mov.l
mov.l
mov.l
mov.l
mov.l
mov.l
sts.l
add
mov.l
mov.l
mov.w
mov.w
mov
mov.l
mov.l
mov
mov.l
mov.b
mov
extu.b
mov.w
mov.w
extu.w
shll8
shll2
shll2
shll2
mov.w
and
extu.w
mov.l
bra
extu.w
add
cmp/eq
shll
mov.b
bsr
mov.l
sts
cmp/eq
sts
sub
mov.b
extu.b
mov
and
mov.l
mov
mov.w
and
mov.w
extu.w
mov.w
or
mov.w
mov.b
mov
extu.b
mov
and
mov.l
mov.w
and
mov.w
extu.w
mov.w
or
mov.w
mov.w
mov.w
mov.b
mov
extu.b
extu.w
shll8
shll2
shll2
shll2
shll
and
extu.w
mov.w
mov
and
mov
mov.w
mov.w
mov
or
mov
mov.w
mov.w
mov
and
mov
mov.w
extu.w
mov.w
mov
or
mov
mov.w
mov.b
mov
extu.b
mov
and
mov.l
mov.w
mov
and
mov
mov.w
extu.w
mov.w
mov
or
mov
mov.w
mov.b
mov
extu.b
extu.w
shll2
and
extu.w
mov.l
mov.w
and
mov.w
mov.w
or
mov.w
mov.b
mov
extu.b
extu.w
shll2
mov.l
mov.w
shll2
and
and
mov.w
extu.w
mov.w
or
mov.w
mov.b
mov
extu.b
extu.w
shll
and
extu.w
mov.l
mov.w
and
mov.w
mov.w
or
mov.w
mov.l
mov.w
mov
and
mov
mov.w
mov
add
mov
mov.w
mov
bra
add
mov.l
mov
mov.w
and
mov.w
mov.w
mov.w
or
mov.w
mov.b
mov
extu.b
extu.w
shll8
mov.w
and
extu.w
mov.l
mov.w
and
mov.w
mov.w
or
mov.w
mov.w
mov.w
mov.b
mov
extu.b
extu.w
shll8
shll2
shll2
shll2
shll
and
extu.w
mov.w
mov
and
mov
mov.w
mov.w
mov
or
mov
mov.w
mov.w
mov
and
mov
mov.w
extu.w
mov.w
mov
or
mov
mov.w
mov.b
mov
extu.b
extu.w
shll2
and
extu.w
mov.l
mov.w
mov
and
mov
mov.w
mov.w
mov
or
mov
mov.w
mov.b
mov
extu.b
extu.w
shll8
shll2
mov.w
and
extu.w
mov.l
mov.w
and
mov.w
mov.w
or
mov.w
mov.b
mov
extu.b
extu.w
mov.w
mov.l
shll8
shll2
shll2
and
extu.w
mov.w
and
mov.w
mov.w
or
mov.w
mov.b
mov
extu.b
extu.w
shll8
shll
mov.w
and
extu.w
mov.l
mov.w
and
mov.w
mov.w
or
mov.w
mov.l
mov.w
mov
and
mov
mov.w
mov
add
mov
mov.w
mov
bra
add
stc
cmp/eq
mov.b
extu.b
extu.w
shll2
and
extu.w
mov.l
mov
mov.w
and
mov.w
mov.w
or
mov.w
mov.b
mov
extu.b
extu.w
and
extu.w
mov.l
mov.w
mov
and
mov
mov.w
mov.w
mov
or
mov
mov.w
mov.w
mov.w
mov.b
mov
extu.b
extu.w
shll8
shll2
shll2
shll2
shll
and
extu.w
mov.w
mov
and
mov
mov.w
mov.w
mov
or
mov
mov.w
mov.w
mov
and
mov
mov.w
extu.w
mov.w
mov
or
mov
mov.w
mov.b
mov.l
mov
extu.b
extu.w
shll2
shll2
and
extu.w
mov.w
mov
and
mov
mov.w
mov.w
mov
or
mov
mov.w
mov.b
mov
extu.b
extu.w
shll
and
extu.w
mov.l
mov.w
mov
and
mov
mov.w
mov.w
mov
or
mov
mov.w
mov.l
mov.w
mov
and
mov
mov.w
mov
add
mov
mov.w
mov
bra
add
mov.b
extu.b
extu.w
shll2
shll
and
extu.w
mov.l
mov
mov.w
and
mov.w
mov.w
or
mov.w
mov.b
mov
extu.b
extu.w
shll2
shll2
and
extu.w
mov.l
mov.w
mov
and
mov
mov.w
mov.w
mov
or
mov
mov.w
mov.w
mov.w
mov.b
mov
extu.b
extu.w
shll8
shll2
shll2
shll2
shll
and
extu.w
mov.w
mov
and
mov
mov.w
mov.w
mov
or
mov
mov.w
mov.w
mov
and
mov
mov.w
extu.w
mov.w
mov
or
mov
mov.w
mov.b
mov.l
mov
extu.b
extu.w
shll2
shll2
shll2
and
extu.w
mov.w
mov
and
mov
mov.w
mov.w
mov
or
mov
mov.w
mov.b
mov
extu.b
extu.w
shll2
shll2
shll
and
extu.w
mov.l
mov.w
mov
and
mov
mov.w
mov.w
mov
or
mov
mov.w
mov.w
mov.w
mov
and
mov
mov.w
mov
add
mov
mov.w
mov
add
bra
mov
mac.l
mov.b
extu.b
extu.w
shll2
shll2
and
extu.w
mov.l
mov
mov.w
and
mov.w
mov.w
or
mov.w
mov.b
mov
extu.b
extu.w
shll8
mov.w
and
extu.w
mov.l
mov.w
mov
and
mov
mov.w
mov.w
mov
or
mov
mov.w
mov.w
mov.w
mov.b
mov
extu.b
extu.w
shll8
shll2
shll2
shll2
shll
and
extu.w
mov.w
mov
and
mov
mov.w
mov.w
mov
or
mov
mov.w
mov.w
mov
and
mov
mov.w
extu.w
mov.w
mov
or
mov
mov.w
mov.b
mov
extu.b
extu.w
shll8
mov.w
and
extu.w
mov.l
mov.w
mov
and
mov
mov.w
mov.w
mov
or
mov
mov.w
mov.b
mov
extu.b
extu.w
shll8
shll2
mov.w
and
extu.w
mov.l
mov.w
mov
and
mov
mov.w
mov.w
mov
or
mov
mov.w
mov.b
mov
extu.b
extu.w
shll8
shll2
mov.w
and
extu.w
mov.l
mov.w
mov
and
mov
mov.w
mov.w
mov
or
mov
mov.w
mov.b
mov.w
mov.l
mov
extu.b
mov.w
extu.w
shll8
shll2
shll2
and
extu.w
mov
and
mov
mov.w
mov.w
mov
or
mov
mov.w
mov.b
mov
extu.b
extu.w
shll8
shll
mov.w
and
extu.w
mov.l
mov.w
mov
and
mov
mov.w
mov.w
mov
or
mov
mov.w
mov.l
mov.b
extu.b
cmp/eq
bf.s
mov
mov.l
mov.b
extu.b
cmp/eq
bf
bra
nop
add
bf.s
sts
sts
mov.l
mov.w
mov
and
mov
mov.w
mov
add
mov
mov.w
mov
add
mov.l
mov
add
bra
mov.l
mov.l
mov.b
extu.b
cmp/eq
bf
mov.l
mov.w
mov
and
mov
mov.w
mov
add
mov
mov.w
mov
bra
add
mov.l
mov.b
extu.b
cmp/eq
bf
mov.l
mov.w
mov
and
mov
mov.w
mov
add
mov
mov.w
mov
add
bra
nop
sts
sts
mov.l
mov.b
extu.b
cmp/eq
bt
bra
nop
mov.l
mov.b
extu.b
cmp/eq
bt
bra
nop
mov.l
mov
mov.w
and
mov.w
mov.b
extu.b
tst
bt
mov
mov.w
or
mov
add
mov.w
mov
mov.l
mov.b
mov
extu.b
and
extu.w
mov.w
and
mov.w
mov.w
or
mov.w
mov.w
mov.w
mov.b
mov
extu.b
extu.w
shll8
shll2
shll2
shll2
shll
and
extu.w
mov.w
mov
and
mov
mov.w
mov.w
mov
or
mov
mov.w
mov.w
mov
and
mov
mov.w
extu.w
mov.w
mov
or
mov
mov.w
mov.b
mov
extu.b
mov
and
mov.l
mov.w
mov
and
mov
mov.w
extu.w
mov.w
mov
or
mov
mov.w
mov.b
mov
extu.b
extu.w
shll2
shll2
and
extu.w
mov.l
mov.w
and
mov.w
mov.w
or
mov.w
mov.l
mov.w
and
mov.w
mov
mov.l
mov.w
mov
and
mov
mov.w
mov
add
mov
mov.w
mov
bra
add
sts
sts
cmp/eq
bf
bra
nop
cmp/eq
bf
bra
nop
cmp/eq
bf
bra
nop
cmp/eq
bf
bra
nop
cmp/eq
bf
bra
nop
cmp/eq
bf
bra
nop
mov.b
extu.b
cmp/eq
bf
mov.l
add
shlr16
shlr
and
extu.w
mov.w
mov.w
mov.w
mov.l
extu.w
jsr
extu.w
bra
nop
mov.b
extu.b
cmp/eq
bf
mov.b
mov
extu.b
tst
bf
mov.w
mov
mov.w
bra
nop
mov.w
mov
bra
mov.w
mov.b
mov
extu.b
tst
bf
mov.w
mov
mov.w
bra
nop
mov.b
shll
mov.l
mov.w
mov
mov.w
mov.l
mov.w
mov.l
add
jsr
extu.w
mov.w
and
shlr2
shlr2
shlr2
extu.w
mov.w
mov.w
mov.w
mov.l
extu.w
jsr
extu.w
mov.w
mov
or
mov.w
mov.w
extu.w
cmp/pl
bf
mov.w
mov
extu.w
add
shll
add
mov.l
mov.w
extu.w
shll
shll2
mov.l
add
mov.w
mov.l
extu.w
mov.l
mov.l
jsr
add
and
mov
extu.w
add
mov.w
mov.l
mov.l
add
mov.l
add
jsr
mov.l
and
shll8
extu.w
mov.w
mov.l
mov.w
mov
extu.w
mov.w
and
or
mov.w
mov.w
extu.w
add
mov.w
extu.w
cmp/ge
bf
mov.l
tst
bt
mov.w
and
mov.w
mov.w
mov.w
extu.w
shll2
shll2
or
mov.w
extu.w
cmp/pl
bf.s
mov
extu.w
extu.w
mov.l
shll
shll
add
shll2
mov
mov.l
add
mov.w
add
extu.w
mov.l
mov.l
add
jsr
mov.l
and
mov
extu.w
add
mov.w
mov.l
mov.l
add
mov.l
add
jsr
mov.l
bra
nop
mov.l
mov.l
mov.l
and
add
shll8
extu.w
extu.w
mov.w
mov.w
mov.w
extu.w
and
or
extu.w
cmp/ge
bf.s
mov.w
mov.l
mov.w
extu.w
tst
bf
mov
mov.w
add
lds.l
mov.l
mov.l
mov.l
mov.l
mov.l
mov.l
rts
mov.l
