mov.l
mov.l
mov.l
mov.l
mov.l
mov
mov.l
mov.l
mov
mov
mov
extu.w
mov.w
extu.w
mov.w
bra
extu.w
extu.w
cmp/eq
bf
bra
nop
extu.w
shll2
shll
add
mov.w
bra
extu.w
bra
extu.w
extu.w
bra
mov.w
bra
extu.w
extu.w
bra
mov.w
bra
nop
mov.l
mov.b
mov.w
mov.w
mov.w
sub
mov
cmp/hs
bt
shll
mov
mova
mov.w
nop
add
extu.w
cmp/ge
bf
mov.l
mov.l
mov.l
rts
mov.l
