mov.l
mov.l
mov.l
mov.l
mov.l
mov.l
mov.l
sts.l
sts.l
mov.l
mov.l
mov.w
mov.l
mov.l
mov.l
mov.l
mov.l
tst
bf
bra
mov
mul.l
mov
mul.l
mov
mul.l
mul.l
mov
mul.l
bf
mul.l
mov
stc
mov.l
swap.b
mul.l
mov.l
stc
add
mov.l
cmp/eq
mov.l
add
mov.l
sub
mov.l
cmp/eq
mul.l
mov
mul.l
bt
mov.b
mul.l
mov
mul.l
mov.l
sts
add
jsr
mov.l
mov.l
jsr
nop
mov.l
and
tst
bt
bsr
nop
bra
nop
bsr
nop
mov.l
mov
mov.b
tst
bt
mov.l
jsr
nop
mov.l
jsr
mov
mov.l
jsr
mov
mov.l
jsr
mov
mov.l
jsr
mov
mov.l
jsr
mov
add
mov.l
mov.l
cmp/hs
bf
lds.l
lds.l
mov.l
mov.l
mov.l
mov.l
mov.l
mov.l
rts
mov.l
mov.l
swap.b
mov.l
cmp/eq
mov.l
add
mov.l
sub
mov.l
mov.b
mul.l
mov
