mov.w
mov.l
mov
mov.w
mov.l
mov.w
mov.l
mov.w
mov.l
mov.w
mov.l
mov.w
mov.l
mov.w
mov.l
mov.w
extu.w
tst
bt
extu.w
shlr2
bra
shlr2
mov.l
mov.l
sub
mov.l
add
mov.l
mov.l
cmp/hi
mov.l
sub
mov.l
mov.l
add
mov.b
mov.l
mov.l
extu.w
shlr2
shlr
mov.l
mov.w
extu.w
tst
bt
extu.w
shlr
extu.w
extu.w
mov.l
shll8
shll
add
extu.w
mov.w
mov.l
mov.l
mov.w
mov.w
mov.l
mov.w
extu.w
tst
bt.s
add
extu.w
shlr2
bra
shlr2
extu.w
shlr2
