mov.l
mov.l
mov.l
mov.l
bra
mov.l
mov.l
bra
mov.l
mov.l
bra
mov.l
shlr16
exts.w
extu.w
mov
mov.w
shlr16
exts.w
extu.w
bra
mov
shlr16
exts.w
extu.w
mov
mov.w
shlr16
exts.w
extu.w
mov
bra
mov.w
mov
mov.l
mov.l
mov
mov.l
mov.l
mov.l
tst
bt
mov.l
mov.l
tst
bt
mov.l
mov.l
tst
bf
bra
mov.l
mov
mov.l
mov.l
tst
bt
mov
mov
mov
mov.l
jmp
mov.l
mov
mov.l
mov.l
mov
mov.l
mov.l
mov.l
tst
bt
mov.l
mov.l
tst
bt
mov.l
mov.l
tst
bf
bra
mov.l
sts
sts
sub
mov.l
sub
sts
sub
sts
sts
sts
mov.l
sts
sub
sts
sts
sts
mov
mov.l
mov.l
tst
bt
mov
mov
mov
mov.l
jmp
mov.l
cmp/eq
bt
cmp/eq
bt
cmp/eq
bt
cmp/eq
bt
cmp/eq
bt
cmp/eq
bt
rts
mov.l
