mov.l
mov.l
mov.l
mov.l
mov.l
mov.l
sts.l
add
mov.l
mov
mov.w
mov.w
mov
mov.w
add
bra
extu.w
stc
mov.b
mov.l
extu.b
mulu.w
extu.w
shll
sts
shll
cmp/pl
bf.s
extu.w
extu.b
mov
extu.w
muls.w
shll
add
sts
mov
add
exts.w
add
add
add
mov.w
extu.w
extu.w
add
mov.w
extu.w
extu.w
cmp/ge
bf.s
add
extu.w
sub
add
add
extu.w
mov.w
extu.w
cmp/ge
bf
add
lds.l
mov.l
mov.l
mov.l
mov.l
mov.l
rts
mov.l
