mov.l
mov.l
mov.l
mov.l
mov.l
mov.l
mov.l
sts.l
add
mov.l
mov.l
mov.l
mov.l
mov.l
mov.w
mov
mov.w
mov.w
mov
mov.w
mov.l
mov.b
tst
bt
mov.l
jsr
mov
mov.l
mov.b
tst
bt
mov.w
mov.l
extu.w
and
tst
bt
mov
mov.b
extu.b
cmp/ge
bt
mov.b
add
bra
mov.b
mov.w
bsr
mul.l
mov
mul.l
mov.l
sub
mov.w
bra
stc
mov.b
mul.l
mov.b
mov.w
mov.w
extu.w
and
tst
bt
mov
mov.b
extu.b
cmp/gt
bf
mov.b
add
mov.b
mov.b
mov
mov.w
mov.l
extu.b
jsr
mov
mov
mov.w
mov.l
mov.l
jsr
mov
mov.w
mov.w
mov.l
mov.w
mov.w
extu.w
and
tst
bt
mov
mov.l
mov.w
extu.w
cmp/ge
bf
mov.l
mov.b
cmp/eq
bt
mov.l
mov.l
jsr
mov
mov
mov.l
mov.l
mov
mov.w
add
jsr
mov
mov
mov
mov.l
add
jsr
mov
mov
mov.w
mov.l
add
jsr
mov
mov.l
mov.l
mov.l
mov.l
mov.l
mov.l
mov.b
mov.b
mov.l
mov.b
tst
bf
bra
nop
mov
mov
mov.l
mov.b
mov.b
extu.b
mov.l
mov.l
jsr
mov
mov.l
mov
mov.w
mov.l
jsr
mov
bra
nop
shll
mov.b
mov.b
mov.l
mov.b
stc
mov.b
stc
stc
mov.b
mul.l
mul.l
bra
mac.l
mov.l
mov.w
bra
mul.l
mov
mov.w
bra
mul.l
mul.l
bt.s
mov.b
mov
mov.w
mov
extu.w
and
cmp/eq
bf
bsr
nop
mov.l
mov.l
or
mov.l
mov.w
extu.w
tst
bt
mov
mov.l
mov.l
mov
mov
mov.w
mov.l
mov.l
mov.l
jsr
nop
mov
mov.l
mov.l
bra
nop
mov
mov.l
mov.l
mov
mov.l
mov.l
bra
nop
mov.l
mov.w
add
mov.w
extu.w
tst
bt
mov
mov
mov.l
mov.l
mov
jsr
mov
mov.l
mov
mov.w
jsr
mov
bra
nop
mov.w
extu.w
tst
bt
mov
mov
mov.l
jsr
mov
mov.l
bra
nop
mov.b
mov.b
mul.l
mov
mov.w
bra
stc
mov.b
mov.w
mov.w
mov.w
bra
mul.l
mov.w
bra
mov.b
mov.b
shll8
mov.l
mov
mov
jsr
mov
mov.l
mov
mov.w
jsr
mov
mov.w
extu.w
tst
bt
mov.l
jsr
nop
mov.l
mov.b
extu.b
tst
bt
mov
mov.w
mov.l
mov.l
jsr
mov
mov.l
mov.l
or
jsr
mov.l
mov
mov.l
mov.l
add
lds.l
mov.l
mov.l
mov.l
mov.l
mov.l
mov.l
rts
mov.l
