sts.l
mov
mov.l
mov.l
mov.l
mov.w
mov.l
mov
jsr
mov
mov.w
extu.w
and
or
mov.w
mov
mov.w
mov.l
jsr
mov
mov.w
mov.w
extu.w
and
or
mov.w
mov
mov.w
mov.l
jsr
mov
mov.w
mov
extu.w
and
or
extu.w
mov.w
mov
mov.w
mov.l
jsr
mov
mov.w
extu.w
and
mov.w
mov
mov.w
mov.l
jsr
mov
mov
mov.w
mov
mov.w
mov.l
jsr
mov
lds.l
rts
nop
