cmp/pz
bt.s
neg
mov
shll16
add
add
cmp/hi
bf
mov.l
shlr8
shll
tst
mov.w
bf
rts
neg
mov.w
swap.w
extu.w
cmp/hi
bf
mov.w
cmp/hi
bt
mov.w
cmp/hi
bt
mov.w
cmp/hi
bt
mov.w
mov.l
mov.w
bra
swap.w
mov.w
mov.l
mov.w
bra
swap.w
mov.w
cmp/hi
bt
mov.w
mov.l
mov.w
bra
swap.w
mov.l
mov.w
mov
bra
swap.w
mov.w
cmp/hi
bt
mov.w
cmp/hi
bt
mov.l
mov.w
mov
bra
swap.w
mov.l
mov.w
mov
bra
swap.w
mov.w
cmp/hi
bt
mov.w
cmp/hi
bt
mov.l
mov.w
mov
bra
swap.w
mov.l
mov.w
mov
bra
swap.w
mov.l
mov.w
mov
swap.w
sub
dmuls.l
sts
exts.w
tst
bf.s
add
neg
rts
nop
mov.w
tst
bf
rts
neg
