sts.l
jsr
nop
lds.l
mov.l
mov
mov.l
mov.l
tst
bt
add
bra
nop
mov.b
mac.l
stc
mov
sub
mov.l
mov.l
mov.w
mov.l
mov.l
neg
mov.w
mov.w
mov.l
shll2
add
mov.l
mov.l
dmuls.l
mov.l
sts
sts
mov.l
mov
cmp/gt
bt
mov.l
mov.l
mov.l
mov.l
mov.l
mov
mov
mov.l
jsr
nop
mov
mov
mov.l
jsr
nop
dmuls.l
mov
mov.l
sts
sts
mov.l
add
mov.l
dmuls.l
mov.l
sts
sts
mov.l
add
mov.l
lds.l
rts
nop
