mov.l
mov.l
mov.l
mov.l
mov.l
mov
mov.l
sts.l
mov.l
mov.l
mov.l
mov.l
mov.w
mov.l
mov.l
jsr
mov
mov.l
mov.w
mov.l
jsr
add
mov.l
mov.l
add
jsr
mov
mov.l
mov.l
mov.l
jsr
mov
mov.w
mov.l
mov.l
jsr
add
mov.w
mov.l
mov.l
jsr
add
mov.w
mov.l
mov.l
jsr
add
mov
mov
mov
mov
mov
add
add
add
add
mov.l
mov
add
mov
mov.l
add
mov
mov.l
add
add
mov.l
cmp/ge
bf.s
add
mov.l
mov.l
jsr
mov.l
lds.l
mov.l
mov.l
mov.l
mov.l
mov.l
mov.l
jmp
mov.l
