mov.l
mov.l
mov.l
mov.l
sts.l
mov.l
mov.l
mov.l
mov.w
mov.w
mov
extu.w
and
tst
bt
mov.l
mov.l
mov.w
mov.w
mov
extu.w
mov.l
and
cmp/eq
or
tst
bt
mov.l
tst
bf.s
mov
mov
mov.b
add
mov.b
add
extu.b
mov.b
add
extu.b
bra
mov.b
mov.l
jsr
mov
mov.l
add
mov.l
mov
add
extu.b
bra
mov.b
mov.l
cmp/eq
bf
lds.l
mov.l
mov.l
mov.l
bra
mov.l
mov.l
add
mov.l
add
mov.l
mov.b
mov.l
add
cmp/pz
bt
mov.l
bra
nop
mov.l
add
shll2
mov.l
add
mov.l
jsr
mov
mov.l
cmp/eq
bf
mov
mov.l
mov.l
mov.l
jsr
mov
lds.l
mov.l
mov.l
mov.l
rts
mov.l
mov.l
shll8
mov.l
sub
shal
bra
mac.l
bra
mac.l
mov.w
bsr
shll2
bra
mov.l
mov.l
mov
mov.l
cmp/hs
bt
mov.l
mov.l
mov.w
add
mov.w
exts.w
cmp/pl
bt
bra
nop
rts
nop
mov
