mov.l
mov.l
mov.l
mov.l
sts.l
add
mov.l
mov.l
jsr
mov
mov.l
jsr
mov
mov.w
mov.l
mov.l
mov.l
jsr
nop
mov.l
jsr
nop
mov.l
mov.w
mov
extu.w
tst
bf
mov
bra
mov
mul.l
cmp/eq
mul.l
cmp/eq
mov.l
mul.l
cmp/eq
bra
mac.l
mov.l
stc
mov.w
mov.w
xor
mov.b
stc
add
mulu.w
mov.l
sub
mov
mov
mov.l
mov
mov.l
shll2
shll
add
mov.l
mov.l
mov.l
mov.w
mov.l
add
mov.l
jsr
mov
mov
shll2
shll
add
mov.l
mov.l
mov.l
mov.w
mov.l
add
mov.l
jsr
mov
mov.w
add
mov.l
mov.l
mov.w
mov.w
mov.l
add
mov.l
jsr
mov
mov.l
mov.l
jsr
mov
mov
mov.l
mov
mov.b
mov
mov.l
mov.l
mov.l
mov.l
mov.l
mov.l
mov.l
mov.l
mov
mov.l
mov.l
mov.l
mov.b
tst
bt
mov.l
mov.l
mov.l
mov.l
mov.l
mov.l
mov.l
extu.b
mov.l
mov.b
mov.l
mov.w
mov.w
mov.l
jsr
mov
mov.l
mov.b
tst
bf
mov.l
jsr
mov
mov.l
jsr
mov
mov.l
jsr
nop
add
lds.l
mov.l
mov.l
mov.l
mov.l
jmp
mov.l
