mov.l
mov.l
mov.l
sts.l
mov.l
mov.l
mov.l
mov.l
mov.w
extu.w
tst
bt
mov.l
mov.w
extu.w
tst
bt
mov.w
extu.w
bra
or
mov.w
extu.w
or
extu.w
bra
mov.w
mov.l
sub
mov.l
add
mov.b
stc
sts
sts
sts
tst
mov.b
mov.l
tst
bt
mov.l
cmp/eq
bf
mov.l
mov.l
tst
bt
mov.l
jsr
nop
mov.l
cmp/eq
bf
mov.l
mov.w
mov.l
mov.w
bra
nop
mov.w
extu.w
or
extu.w
mov.w
mov
mov.l
mov.l
mov.l
lds.l
mov.l
mov.l
rts
mov.l
