sts.l
mov.w
mov.w
mov.l
mov.l
bsr
or
mov
mov.w
mov.w
mov.l
mov.l
bsr
or
mov
mov.w
mov.w
mov.l
mov.l
neg
neg
mov
mov.w
mov.w
mov.l
mov.l
mov
xor
cmp/pz
bt
mov
mov.l
mov.l
mov.l
mov
dmuls.l
mov.l
sts
sts
mov
dmuls.l
mov.l
mov.l
sts
sts
mov.l
cmp/pz
bt
mov
mov
jsr
shar
dmuls.l
mov.w
mov.l
sts
sts
mov
tst
mov
mov.l
bf
shll
add
bra
add
mov.b
mov.b
mov.b
mov.b
mov.b
mov.w
stc
add
or
mov.l
neg
shll
add
add
dmuls.l
mov.l
sts
sts
dmuls.l
sts
sts
mov
dmuls.l
sts
sts
add
sub
dmuls.l
mov.l
sts
sts
dmuls.l
sts
sts
mov.l
dmuls.l
sts
sts
add
add
dmuls.l
mov.l
sts
sts
dmuls.l
sts
sts
mov.l
mov.l
cmp/gt
bt
mov
bra
nop
stc
mov.b
cmp/ge
bt
mov
mov.l
mov.l
cmp/gt
bt
mov
bra
nop
cmp/ge
bt
mov
mov
mov.w
mov.w
mov.l
mov.l
sub
sub
shar
shar
shar
shar
add
add
mov.l
lds.l
rts
mov.l
mov.b
mov.l
mov
mov.l
cmp/ge
bt.s
mov
mov
mov.w
tst
not
bt.s
and
mov.w
mov
mov.w
tst
not
bt.s
and
mov.w
add
add
mov.w
tst
not
bt.s
and
mov.w
add
add
mov.w
tst
not
bt.s
and
mov.w
add
add
mov.w
tst
not
bt.s
and
mov.w
add
add
mov
cmp/eq
bt
mov.w
add
add
tst
bt.s
mov
mov.l
mov
cmp/eq
bt
shll
cmp/eq
bt
shll
cmp/eq
bt
mov.l
mov
mov.l
