mov.l
mov
mov.l
extu.b
mov.l
mov.l
mov
shll2
shll2
shll2
shll2
add
exts.w
add
mov.l
cmp/gt
bf
extu.b
mov
shll2
shll2
shll2
shll2
add
exts.w
add
mov.l
mov.l
add
mov.l
extu.b
mov
cmp/ge
bt
extu.b
mov
shll2
shll2
shll2
shll2
add
exts.w
add
mov.l
mov.l
cmp/ge
bf
extu.b
mov
shll2
shll2
shll2
shll2
add
exts.w
add
mov.l
bra
mov.l
