mov.l
mov.l
mov.l
mov.l
sts.l
mov.l
mov.w
mov.l
tst
bf.s
mov
mov
mov.w
mov.l
jsr
mov
mov.w
exts.w
mov
extu.w
and
add
extu.w
mov.w
mov
mov.w
mov.l
jsr
mov
exts.w
mov.w
mov
extu.w
and
add
extu.w
mov.w
mov
mov.w
mov.l
jsr
mov
mov.w
mov
extu.w
and
exts.w
add
extu.w
mov
bra
mov.w
mov
mov.w
mov.l
jsr
mov
exts.w
mov.w
mov
extu.w
and
add
extu.w
mov.w
mov
mov.w
mov.l
jsr
mov
mov.w
exts.w
mov
extu.w
and
add
extu.w
mov.w
mov
mov.w
mov.l
jsr
mov
mov.w
mov
extu.w
and
exts.w
add
extu.w
mov
mov.w
lds.l
mov.l
mov.l
mov.l
rts
mov.l
