mov.l
mov.l
mov.l
mov.l
mov.l
mov.l
mov.l
sts.l
add
mov.l
mov.l
mov.l
mov.l
mov.l
mov.l
mov.l
mov.l
shll2
shll
mov.l
mov.l
mov.l
shll
add
shll2
mov.l
mov.l
mov.l
mov.l
shll2
shll2
mov.l
mov.l
mov.l
shll2
mov
add
shll2
mov.l
mov
mov.l
add
shll2
mov.l
mov
mov.l
add
shll2
mov.l
mov.l
mov.l
mov.l
mov.l
add
shlr16
shlr2
shlr2
shlr
mov.l
neg
add
add
mov
shlr16
mov
shlr2
shlr2
shlr
mov
mov
shll2
shll2
shll2
add
mov.l
mov.l
mov
mov.l
mov
mov.l
cmp/eq
bf.s
mov
mov
bra
mov.l
tst
bf
mov
mov
cmp/eq
bf
mov
bra
mov.l
mul.l
mov
mul.l
mov
mov.l
mov.l
tst
mov.l
mov.b
mov.l
sub
tst
bf
mov
mov.l
mov.l
bra
mov.l
mov.l
mov.l
mov.l
mov.l
add
cmp/gt
bt.s
add
mov
mov
mov.l
mov.l
shll
add
add
mov.w
exts.w
cmp/pl
bf.s
mov.w
mov
mov.l
mov.l
mov.l
shll2
shll2
mov.l
shll
add
mov.l
add
mov.l
cmp/eq
bt
mov.w
mov.l
mov.l
jsr
mov
bra
nop
mov.w
mov.l
mov.l
jsr
mov
exts.w
cmp/pl
bf
mov
mov.l
mov.l
mov.l
shll2
shll
add
shll2
add
mov.l
mov.l
mov.l
cmp/eq
bt.s
add
mov
mov.w
mov.l
mov.l
jsr
mov
bra
nop
mov.w
mov.l
mov.b
stc
mov.w
stc
bsr
stc
bra
mov
mov.w
mov.l
mov.l
jsr
mov
add
mov.l
cmp/gt
bf.s
add
mov.l
add
mov.l
mov.l
mov.l
cmp/gt
bf
mov.l
mov.l
mov.l
and
tst
bf
bra
mov.l
mov.l
jsr
nop
bra
nop
mov.l
jsr
nop
bra
nop
mov.l
jsr
nop
bra
nop
cmp/eq
bt
cmp/eq
bt
cmp/eq
bt
add
lds.l
mov.l
mov.l
mov.l
mov.l
mov.l
mov.l
mov.l
jmp
mov.l
add
lds.l
mov.l
mov.l
mov.l
mov.l
mov.l
mov.l
rts
mov.l
