mov.l
sts.l
mov.l
mov.w
bra
extu.w
bsr
nop
bra
nop
mov.l
mov.l
mov.l
mov.w
mov.l
extu.w
mov
shll2
shll2
shll
add
bsr
mov.l
mov.l
mov.l
mov.l
mov.w
mov.l
extu.w
shll2
bsr
mov.l
bsr
nop
mov
bra
mov.w
sts
sts
sub
sts
cmp/eq
sts
sub
sts
sub
sts
sub
mov.l
add
mov.l
cmp/eq
sts
sts
cmp/eq
mov.l
cmp/hs
sts
add
sts
sub
cmp/eq
bt
cmp/eq
bt
cmp/eq
bt
cmp/eq
bt
cmp/eq
bt
cmp/eq
bt
cmp/eq
lds.l
bra
mov.l
shlr
mov
mov
cmp/hs
bt
add
mov.w
mov.w
add
cmp/hs
bf.s
add
rts
nop
