mov.l
mov
mov.l
sts.l
add
mov.l
mov.l
mov.l
mov.l
add
mov.b
cmp/eq
bt
bra
mov
mov
cmp/ge
bf
bra
mov
sts
mov.l
mov.l
mov
mov.l
tst
bf
mov.l
mov
mov
mov.l
mov
exts.b
exts.b
mov.l
shll2
mov
add
shll2
add
mov.b
mov.l
add
add
mov.b
mov
mov.l
mov.l
add
add
add
jsr
mov
mov
mov.l
add
add
mov.l
mov.l
mov.l
add
add
mov.l
mov.l
mov.l
add
mov.l
bsr
mov
mov
add
lds.l
mov.l
rts
mov.l
