mov.l
sts.l
sts.l
mov.l
mov.l
mov.l
tst
bt.s
mov.l
mov
bra
mov.l
mov.b
mul.l
mov
mul.l
mov
mov.w
stc
add
mul.l
mov
mul.l
mov
mov.l
jsr
nop
mov.l
jsr
nop
mov.l
mov.l
jsr
mov.l
shlr16
exts.w
mov.l
mov.l
mov.l
jsr
mov.l
mov.w
mov.l
mov.l
mov.l
add
mul.l
mov.l
sts
add
add
mov.l
add
mov.l
tst
bf
mov
mov.w
mov.l
mov.w
add
mov.l
lds.l
lds.l
rts
mov.l
