mov.b
mov
mov
and
tst
bf
mov
and
tst
bt
mov
and
tst
bf
mov
and
tst
bt
extu.b
mov.b
mov
or
bra
mov
extu.b
mov.b
mov
and
mov
mov.b
mov
and
tst
bf
mov.w
and
tst
bt
mov
and
tst
bf
mov.w
and
tst
bt
extu.b
mov.b
or
bra
mov.b
extu.b
mov.b
and
mov.b
mov
and
tst
bt
mov
and
tst
bt
extu.b
mov.b
mov
or
bra
mov
extu.b
mov.b
mov
and
mov
mov.b
mov
and
tst
bt
mov
and
tst
bt
extu.b
mov.b
mov
or
bra
mov
extu.b
mov.b
mov
and
mov
mov.b
mov
and
tst
bt
mov
and
tst
bt
extu.b
mov.b
mov
or
bra
mov
extu.b
mov.b
mov
and
mov
mov.b
mov.w
and
tst
bt
mov.w
and
tst
bt
extu.b
mov.b
mov
or
bra
mov
extu.b
mov.b
mov
and
mov
mov.b
mov.l
and
tst
bt
mov.l
and
tst
bt
extu.b
mov.b
mov
or
bra
mov
extu.b
mov.b
mov
and
mov
mov.b
mov.l
and
tst
bt
mov.l
and
tst
bt
extu.b
mov.b
mov
or
mov
bra
nop
