mov.l
mov.l
mov.l
mov.l
sts.l
mov.l
mov.l
or
bsr
mov.l
mov.l
jsr
mov
mov
mov.l
mov.l
mov.l
or
mov.l
mov
mov.l
mov.w
mov.l
mov.l
jsr
mov.l
mov.l
mov.l
or
mov
mov.l
mov.l
mov.w
jsr
mov.l
mov
mov.l
mov.b
mov
mov.l
mov.b
mov.l
mov.l
bsr
nop
mov.l
mov.l
add
mov.b
jsr
mov.l
jsr
mov.l
lds.l
mov.l
mov.l
mov.l
rts
mov.l
