mov.w
mov.l
shll2
mov.l
mov.l
mov.l
shll2
add
mov.l
shll2
add
mov
mov.w
add
mov.l
mov.w
add
mov.l
mov.w
mov.l
mov.w
mov.l
mov.l
mov
sub
mov
sub
mov.l
sts.l
jsr
nop
lds.l
neg
exts.w
mov.l
exts.w
mov.w
mov.l
exts.w
mov
sub
exts.w
mov.l
cmp/gt
bt
bra
nop
mov.b
mov.b
sett
clrmac
mul.l
mov
stc
mov
stc
add
mov.l
cmp/gt
bf
mov
mov
add
exts.w
mov.l
mov.l
mov.l
mov.l
mov.l
add
mov.l
mov.l
dmuls.l
sts
sts
mov.w
mov.l
mov.w
mov.l
cmp/gt
bf
mov.l
mov.l
tst
bf
mov.w
mov.l
mov.l
sts.l
jsr
nop
lds.l
nop
mov.w
mov.l
exts.w
mov
sub
mov.l
add
