mov.l
mov.l
mov.l
mov.l
mov.l
mov.l
mov.l
sts.l
sts.l
add
mov.l
mov.l
mov.w
mov.l
mov.w
mov.l
mov.l
mov.l
mov.l
shll2
add
shll
and
mov.l
shlr8
mov.l
shlr2
mov.l
shlr2
shll
add
shll2
mov.l
mov.l
mov.w
mul.l
sts
mov.l
add
mov.w
add
mov.l
mov.l
mov.l
shll2
shll2
mov.l
mov.l
mov.l
shll2
mov
add
shll2
mov.l
mov.l
mov
add
shll2
mov.l
mov.l
mov
add
shll2
mov.l
mov.l
mov.l
mov.l
mov.l
mov.l
add
neg
shlr16
add
shlr2
add
shlr2
mov
shlr
shlr16
shlr2
shlr2
shlr
mov
shll2
shll2
shll2
add
mov.l
mov
mov.l
mov
mov
mov.l
mov.l
mov
cmp/hs
bf
mov
sub
bra
mov.l
mov.b
mov.l
mov.b
mul.l
mov
mov.l
cmp/eq
mov.l
tst
mac.l
mov.l
mov.b
mov.l
sub
mov
cmp/hs
bt
mov
sub
mov
cmp/hs
bf
mov
sub
bra
mov.l
mov
cmp/hs
bt
mov
sub
mov.l
mov.l
bra
mov.l
mov.l
mov.l
mov.l
mov
mul.l
sts
bra
mov.l
mov.l
mov.l
mov.l
add
shll
mov.w
tst
bf
bra
nop
exts.w
mov.l
mov.l
mov.l
add
shll
add
mov.w
add
exts.w
cmp/pl
bf.s
mov.w
exts.w
mov.l
mov.l
mov.l
add
shll2
shll2
mov.l
shll
mov.l
add
exts.w
mov.l
add
mov.l
mov.l
add
cmp/hs
bf
mov.l
mov
sub
exts.w
mov.l
cmp/eq
bt
exts.w
mov.w
mov.l
mov.l
extu.w
jsr
mov.l
bra
nop
mov.w
mov.l
mov.b
stc
bra
exts.w
mov.w
mov.l
mov.l
extu.w
jsr
mov.l
exts.w
cmp/pl
bf
exts.w
mov.l
mov.l
mov.l
mov.l
add
shll
shll2
add
shll2
add
mov.l
mov.l
exts.w
add
mov.l
add
cmp/hs
bf
mov.l
mov
sub
exts.w
mov.l
cmp/eq
bt
exts.w
mov.w
mov.l
mov.l
extu.w
jsr
mov
bra
nop
exts.w
mov.w
mov.l
mov.l
extu.w
jsr
mov
mov.l
add
mov.l
mov.l
mov.l
cmp/hs
bf
mov.l
add
mov.l
mov.l
mov.l
cmp/hs
bt
bra
nop
add
lds.l
lds.l
mov.l
mov.l
mov.l
mov.l
mov.l
mov.l
rts
mov.l
