sts.l
shll2
mov.l
shll2
add
exts.w
add
mov.l
mov.l
cmp/eq
bt.s
mov
extu.b
mov
shll2
shll2
shll2
shll2
add
exts.w
add
mov.l
mov.l
add
mov.l
mov.l
cmp/pz
xor
mov.l
cmp/gt
add
neg
and
tst
bt
extu.b
mov
shll2
shll2
shll2
shll2
add
exts.w
add
mov.l
mov.l
extu.b
mov
shll2
shll2
shll2
shll2
add
exts.w
add
mov.l
cmp/pz
mov.l
mov.l
cmp/ge
and
tst
bt
extu.b
mov
shll2
shll2
shll2
shll2
add
exts.w
add
mov.l
mov.l
extu.b
mov
shll2
shll2
shll2
shll2
add
exts.w
add
mov.l
mov.l
add
mov
mov.l
mov.l
mov.l
jsr
sub
mov.l
cmp/gt
bt
extu.b
mov
shll2
shll2
shll2
shll2
add
exts.w
add
mov.l
cmp/pz
bt
extu.b
mov
shll2
shll2
shll2
shll2
add
exts.w
add
mov.l
mov.w
bra
mov.l
mov.l
mac.l
extu.b
mov
shll2
shll2
shll2
shll2
add
exts.w
add
mov.l
mov.l
mov.w
extu.b
mov
shll2
shll2
shll2
shll2
add
exts.w
add
mov.l
tst
bt
extu.b
mov
shll2
shll2
shll2
shll2
add
exts.w
add
mov.l
shll
mov.l
shll
extu.b
mov
shll2
shll2
shll2
shll2
add
exts.w
add
mov.l
sub
mov.l
extu.b
mov
shll2
shll2
shll2
shll2
add
exts.w
add
mov.l
cmp/pz
xor
mov.l
mov.l
cmp/gt
add
neg
and
tst
bt.s
mov
extu.b
mov
shll2
shll2
shll2
shll2
add
exts.w
add
mov.l
mov.l
bra
extu.b
extu.b
mov
shll2
shll2
shll2
shll2
add
exts.w
add
mov.l
cmp/pz
mov.l
mov.l
cmp/ge
and
tst
bt
extu.b
mov
shll2
shll2
shll2
shll2
add
exts.w
add
mov.l
mov.l
extu.b
bsr
extu.b
extu.b
tst
bt
extu.b
mov
mov
shll2
shll2
shll2
shll2
add
exts.w
add
mov.b
add
mov.b
mov
mov.b
extu.b
cmp/gt
bf
extu.b
mov
shll2
shll2
shll2
shll2
add
exts.w
add
bra
mov
mov.b
extu.b
mov
shll2
shll2
shll2
shll2
add
exts.w
add
mov.b
mov
add
mov
mov.b
lds.l
mov.l
mov.l
mov.l
rts
mov.l
