mov.l
mov.l
mov.l
mov.l
sts.l
add
mov
mov.w
mov.l
mov.l
mov.l
mov.l
tst
bf.s
mov.l
bra
nop
mov.l
mov.w
cmp/gt
bt
bra
nop
mov.l
mov.l
mov.l
and
tst
bf
bra
nop
mov
mov
mov.l
jsr
mov
mov.w
mov.l
tst
bf
bsr
nop
bra
nop
mov
mov.b
tst
bt
mov.l
mov.l
cmp/ge
bt
bsr
nop
bra
nop
mov.w
mov.l
add
mov.l
add
bra
mov.l
mov.l
mov.l
cmp/ge
bt
bra
nop
mov.l
mov.b
mul.l
mov
mul.l
mov
mov.l
mov
mov.b
tst
bt
mov.w
mov.l
cmp/eq
bf
mov.l
mov.w
cmp/gt
bf
mov
mov.w
mov.l
cmp/ge
bt
bsr
nop
bra
nop
bsr
nop
bra
nop
mov.w
mov.l
cmp/eq
bf
mov.w
mov
mov.l
mov.l
shar
shar
shar
shar
shar
shar
shar
shar
shar
shar
shar
shar
shar
shar
shar
shar
cmp/hs
bt
mov
cmp/hs
bt
mov.w
mov.w
mov.l
add
bra
mov.l
mov
cmp/hi
bf
mov
cmp/hi
bf
mov.w
mov.w
mov.l
add
mov.l
bra
nop
bsr
nop
mov.l
tst
bf
bsr
nop
add
lds.l
mov.l
mov.l
mov.l
rts
mov.l
mov.b
mov.b
mov.w
mov.l
mov.l
mov.l
mov
mov.l
mov.l
and
tst
bt.s
mov.l
mov.w
mov.l
mov.l
cmp/ge
bt
mov.w
mov.l
bra
add
mov.w
mov.l
mov.w
add
cmp/pz
bt
mov
mov.w
mov.l
bra
nop
mov.w
cmp/gt
bf
mov.w
mov.w
mov.l
bra
nop
mov.w
mov.l
mov.w
mov.l
rts
nop
