mov
mov.l
mov
sub
exts.w
mov.l
mov.l
cmp/ge
bt
cmp/ge
bt
bra
nop
exts.w
mov.l
neg
neg
cmp/ge
bt
cmp/ge
bt
bra
nop
mov.l
mov.l
mov.l
mov.l
mov
mov.b
mov.w
mov
add
mov.w
mov
cmp/eq
bt
cmp/eq
bt
cmp/eq
bt
bra
nop
mov.w
mov.l
mov.w
or
mov.l
mov
mov.w
mov.l
mov.l
mov.w
mov
bra
mov.l
mov.l
add
mov.l
mov.w
or
mov.l
mov
mov.w
mov.l
mov.l
mov.w
mov
bra
mov.l
mov.l
mov.l
mov.w
or
mov.l
mov
mov.w
mov.l
mov.l
mov.w
mov
bra
mov.l
mov.l
cmp/eq
mov.l
mov.w
or
mov.l
mov
mov.w
mov.l
mov.l
mov.w
mov
bra
mov.l
mov.l
sub
mov.l
mov.l
mov.b
tst
bf
mov
mov.b
mov.l
sub
cmp/pz
bt
neg
mov.w
cmp/gt
bt
mov
shll
add
cmp/gt
bt
add
exts.w
mov.l
mov.l
mov.l
mov
muls.w
mov.l
sts
add
mov
mov.l
shll16
mov.l
mov.l
shll8
dmuls.l
mov.l
mov.l
sts
sts
tst
shlr8
mov
and
bf.s
add
add
mov
mov
cmp/pl
bt
mov
mov
cmp/eq
bt
mov
mov.l
mov
cmp/eq
bf.s
mov
bra
nop
shll
stc
sts
mov.b
cmp/eq
bf
bra
nop
mov.l
mov.l
mov.b
tst
bf
mov
mov.b
mov.l
sub
cmp/pz
bt
neg
mov.w
cmp/gt
bt
mov
shll
add
cmp/gt
bt
add
exts.w
mov.l
mov.l
mov.l
mov
mov.l
muls.w
sts
add
mov
mov.l
shll16
bra
mov.l
shll
stc
sts
mov.b
mov.l
add
cmp/pl
bt
neg
bra
nop
neg
mov.l
jsr
mov
mov.l
sub
cmp/pl
bt
neg
bra
nop
stc
add
mov.l
add
neg
dmuls.l
mov
shll16
mov.w
sts
sts
cmp/gt
bf
neg
cmp/gt
bt
shll8
shlr16
shlr8
or
mov.l
shar
shar
shar
shar
shar
shar
shar
shar
add
neg
dmuls.l
sts
sts
mov.l
jsr
add
shll8
bra
nop
add
stc
add
