mov.l
sts.l
mov
mov
mov
mov
mov.l
mov.l
mov.l
mov.w
tst
bt
bra
nop
mul.l
mov
mul.l
mov
mov.l
mov.w
extu.w
mov.l
mov.w
cmp/pl
mov.w
bf
tst
bt
mov.w
tst
bt
add
bra
mov.w
mov.l
mov.l
mov.l
mov.l
mov.w
tst
bt
mov.w
mov
cmp/eq
bt
add
bra
mov.w
mov.l
mov.l
mov.w
tst
bt
mov
bra
mov.w
mov.l
mov.l
mov.w
tst
bt
mov
bra
mov.w
mov.l
mov.l
mov.w
tst
bt
mov
bra
mov.w
mov.l
mov.l
mov.w
tst
bt
mov
mov.w
mov.w
mov
mov.l
mov.w
extu.w
mov
mov.l
mov.w
tst
bt
mov
extu.b
or
mov.w
mov.l
add
mov.l
mov.w
cmp/gt
bt
add
mov.w
cmp/gt
bt
mov
bra
mov.l
mov.b
mov.l
mov.l
sub
mov.l
mov.w
mov
mov.l
extu.b
mov
cmp/gt
bt
bra
add
mov.b
shlr2
shlr2
sub
mov
cmp/ge
bt
mov
mov.l
mov.l
mov
mov.l
mov.l
mov.w
tst
bt
mov
or
mov.w
mov.l
mov.w
mov.l
mov.w
mov.l
mov.l
cmp/gt
bt
add
bra
mov.l
mov.b
mov.b
mov.l
mov.l
mov.l
mov.l
mov.l
mov
mov
shlr
sub
cmp/ge
bt
mov
mov.l
mov.l
mov.l
mov.l
mov
mov.w
mov.w
tst
bt
bra
mov
mov.l
mov.b
mov.l
mov.w
tst
bt
mov
or
mov
mov
mov.w
mov.l
mov.w
mov.l
mov.w
mov.l
mov.w
mov.l
cmp/pl
bf
mov
shar
cmp/gt
bt
mov
mov
sub
mov.l
mov.l
sts.l
mov.l
mov
jsr
mov
add
lds.l
mov.l
mov.l
mov
bra
mov.l
mov.b
mov.b
mov.l
sub
stc
mov
mov.l
mov.w
extu.w
tst
bt
mov
or
mov
mov
mov.w
mov.l
mov.w
mov.l
mov.w
mov.l
mov.w
mov.l
cmp/pz
bt
mov
shar
cmp/gt
bt
mov
mov
sub
mov.l
mov.l
sts.l
mov.l
mov
jsr
mov
add
lds.l
mov.l
mov.l
mov
bra
mov.l
mov.b
mov.b
mov.l
stc
mov
mov.w
mov
mov.l
mov.w
mov.l
tst
bt
cmp/pl
bt.s
mov
mov
mov
cmp/ge
bt
sub
bra
nop
mov.b
mov
mov
cmp/ge
bt
sub
mov.l
mov.w
mov
mov.l
mov.w
mov.l
bra
nop
mov.b
mov.l
mov.w
mov.l
mov.b
tst
bf
not
extu.b
mov
mov
add
mov.w
mov.l
mov.l
mov.l
mov.l
mov.l
add
add
mov.b
tst
add
add
bt
mov.b
mov.w
cmp/ge
bt
add
mov.l
lds.l
mov.l
mov.l
mov.l
mov.l
mov.l
mov.l
rts
mov.l
mov.b
mov.l
mov.l
add
mul.l
mul.l
mov
mul.l
mov
mov.l
mov.l
mov.l
add
add
mov.b
mov.w
extu.b
mov
mov
and
mov.w
mov.l
mov
mov
extu.b
tst
bt
mov.w
mov.l
add
mov.l
mov.w
cmp/gt
bt
add
mov.w
cmp/gt
bt
mov
bra
mov.l
mov.l
mov.b
mul.l
mov
mul.l
mov
mov.w
mov
mov.l
extu.b
mov
cmp/gt
bt
bra
add
mov.b
shlr2
shlr2
sub
mov
cmp/ge
bt
mov
mov.l
mov.l
mov
mov.l
mov
tst
bt
mov.w
mov.l
mov.w
mov.l
mov.w
mov.l
mov.l
cmp/gt
bt
add
bra
mov.l
mov.b
mov.b
mov.l
mov.l
mov.l
mov.l
mov
mov
shlr
sub
cmp/ge
bt
mov
mov.l
mov.l
mov.l
mov.l
mov
mov.l
mov.b
tst
bt
bra
mov
mov.b
mul.l
mov
mov
tst
bt
mov
mov
mov.w
mov.l
mov.w
mov.l
mov.w
mov.l
mov.w
mov.l
cmp/pl
bf
mov
shar
cmp/gt
bt
mov
mov
sub
mov.l
mov.l
sts.l
mov.l
mov
jsr
mov
add
lds.l
mov.l
mov.l
mov
bra
mov.l
mov.b
mov.b
stc
mov
mov
tst
bt
mov
mov
mov.w
mov.l
mov.w
mov.l
mov.w
mov.l
mov.w
mov.l
cmp/pz
bt
mov
shar
cmp/gt
bt
mov
mov
sub
mov.l
mov.l
sts.l
mov.l
mov
jsr
mov
add
lds.l
mov.l
mov.l
mov
bra
mov.l
mov.b
mov.b
stc
mov
mov.w
mov
mov.l
mov.w
mov.l
tst
bt
cmp/pl
bt.s
mov
mov
mov
cmp/ge
bt
sub
bra
nop
mov.b
mov
mov
cmp/ge
bt
sub
mov.l
mov.w
mov
mov.l
mov.w
mov.l
bra
nop
mov.b
mov.l
mov.l
mov.l
add
mov.b
mov
extu.b
add
mov.w
mov.l
mov.l
mov.l
mov.l
add
mov.l
lds.l
mov.l
mov.l
mov.l
mov.l
mov.l
mov.l
rts
mov.l
