mov.l
mov.l
mov.l
mov
mov.l
mov.l
mov.l
mov.l
sts.l
add
mov.l
mov.l
mov.l
mov.l
mov.l
mov.l
mov.l
mov.l
tst
bt.s
mov.l
mov.l
mov.l
tst
bf
mov
mov.w
mov.l
jsr
mov
mov
mov.w
mov.l
jsr
mov
mov
mov.w
mov.l
jsr
mov
mov
mov.w
mov.l
jsr
mov
bra
nop
mov.l
mov.l
mov.l
mov.l
mov.w
mov.l
mov.b
bra
mov.w
mov.l
mov.w
mov.l
mul.l
mov
mov.l
add
mov.l
cmp/eq
mov
mov.b
tst
bt
mov
mov.l
mov
mov.w
mov.w
mov.l
jsr
mov
mov
mov.b
tst
bt
mov
mov.l
mov
mov.w
mov.w
mov.l
jsr
mov
mov
mov.b
tst
bt
mov
mov.l
mov
mov.w
mov.w
mov.l
jsr
mov
mov
mov.b
tst
bt
mov
mov.l
mov
mov.w
mov.w
mov.l
jsr
mov
mov.l
mov.w
extu.w
cmp/pl
bf
mov.l
jsr
nop
mov.l
mov.l
cmp/eq
bf
mov.l
mov.l
cmp/eq
bf
mov.l
mov.l
mov.l
jsr
mov
mov.w
mov.l
mov
jsr
mov
bra
nop
mov.l
mov.l
mov.l
mov.l
mov.l
mov.w
mov.l
mov.w
mov.l
mov.w
mov.l
mov.w
mov.l
stc
add
mov.l
add
mov.l
cmp/eq
shll
stc
add
stc
add
mov.l
mov.l
mov.l
jsr
mov
mov.w
mov.l
jsr
nop
mov.b
extu.b
add
shll2
mov.l
mov.l
mov.l
mov.l
mov.l
add
add
mov.l
jsr
mov.l
mov.b
extu.b
add
shll2
mov.l
mov.l
mov.l
mov.l
mov.l
mov.l
add
mov.w
add
mov.l
extu.w
jsr
mov.l
mov.l
add
mov.l
mov.b
add
mov.b
mov.b
mov
extu.b
cmp/ge
bf
extu.b
mov.b
mov.l
mov.w
add
mov.l
mov.w
bra
nop
mov.l
mov.w
extu.w
cmp/pl
bt
bra
nop
mov.l
jsr
nop
mov.l
mov.l
cmp/eq
bf
mov.l
mov.l
cmp/eq
bf
mov.l
mov.l
mov.l
jsr
mov
mov.w
mov.l
mov
jsr
mov
bra
nop
mov.l
mov.l
stc
add
stc
add
mov.l
tst
mov.l
tst
mov.l
mov.b
mov.w
mov.l
tst
mov.l
mov.w
mov.l
mov.w
mov.l
stc
add
mov.l
add
mov.l
cmp/eq
shll
bsr
stc
add
mov.l
mov.l
mov.l
jsr
mov
mov.w
mov.l
jsr
nop
mov.b
extu.b
add
shll2
mov.l
mov.l
mov.l
mov.l
mov.l
add
add
mov.l
jsr
mov.l
mov.b
extu.b
add
shll2
mov.l
mov.l
mov.l
mov.l
mov.l
mov.l
add
mov.w
add
mov.l
extu.w
jsr
mov.l
mov.l
add
mov.l
mov.b
add
mov.b
mov.b
mov
extu.b
cmp/ge
bf
extu.b
mov.b
mov.l
mov.w
add
mov.l
mov.w
bra
nop
add
bsr
stc
add
stc
add
mov.l
tst
mov.l
tst
mov.l
mov.b
mov.w
mov.l
tst
mov.l
mov.w
mov.l
mov.l
mov.w
extu.w
cmp/pl
bf
mov.l
jsr
nop
mov.l
mov.l
mov.l
jsr
mov
mov.w
mov.l
jsr
nop
mov.b
extu.b
add
shll2
mov.l
mov.l
mov.l
mov.l
mov.l
add
add
mov.l
jsr
mov.l
mov.b
extu.b
add
shll2
mov.l
mov.l
mov.l
mov.l
mov.l
mov.l
add
mov.w
add
mov.l
extu.w
jsr
mov.l
mov.l
add
mov.l
mov.b
add
mov.b
mov
mov.b
extu.b
cmp/ge
bf
extu.b
mov.b
mov.l
mov.w
add
mov.l
mov.w
bra
nop
mov.l
mov.w
mov.l
stc
add
cmp/ge
extu.b
stc
add
stc
add
mov.l
tst
mov.l
tst
mov.l
mov.b
mov.w
mov.l
tst
mov.l
mov.l
mov.w
extu.w
cmp/pl
bf
mov.l
jsr
nop
mov.l
mov.l
mov.l
jsr
mov
mov.w
mov.l
jsr
nop
mov.b
extu.b
add
shll2
mov.l
mov.l
mov.l
mov.l
mov.l
add
add
mov.l
jsr
mov.l
mov.b
extu.b
add
shll2
mov.l
mov.l
mov.l
mov.l
mov.l
mov.l
add
mov.w
add
mov.l
extu.w
jsr
mov.l
mov.l
add
mov.l
mov.b
add
mov.b
mov
mov.b
extu.b
cmp/ge
bf
extu.b
mov.b
mov.l
mov.w
add
mov.l
mov.w
mov.l
mov.l
tst
bf
bra
nop
add
mov.w
mov.l
stc
add
cmp/ge
mov.w
stc
add
stc
add
mov.l
tst
mov.l
tst
mov.l
mov.b
mov.w
mov.l
tst
mov.l
mov.w
mov.w
mov.w
mov.w
tst
bf
mov.w
mov.w
tst
bf
exts.w
mov.w
mov.w
mov.w
tst
bf
mov.w
mov.w
tst
bt
mov.l
jsr
nop
mov.l
mov.l
mov.w
mov.l
mov.l
neg
add
add
mov.l
jsr
mov.l
mov.l
jsr
mov
mov.w
mov.l
shll
add
mov.w
add
shll2
mov.l
mov.l
mov.l
mov.l
mov.l
add
add
mov.l
jsr
mov.l
mov.w
mov.l
shll
add
mov.w
add
shll2
mov.l
mov.l
mov.l
mov.l
mov.l
mov.l
add
mov.w
add
mov.l
extu.w
jsr
mov.l
mov.l
add
mov.l
mov.w
add
mov.w
mov.w
mov
cmp/ge
bf
exts.w
mov.w
add
lds.l
mov.l
mov.l
mov.l
mov.l
mov.l
mov.l
rts
mov.l
