sts.l
mov.l
mov.w
mov.l
mov.l
mov.l
mov.l
mov.l
exts.w
mul.l
exts.w
sts
mov.l
shar
mov.l
shar
shar
shar
shar
shar
shar
shar
shar
shar
add
mov.l
mov.l
cmp/eq
bf.s
exts.w
mov.l
exts.w
mov.w
mov.w
exts.w
mul.l
sts
mul.l
sts
add
shar
shar
shar
shar
shar
shar
shar
shar
shar
shar
mov.l
bra
nop
exts.w
mov.l
rts
lds.l
