mov.l
mov.l
mov.l
mov.l
mov.l
mov.l
mov.l
sts.l
add
mov.l
mov.w
mov.l
mov.l
mov.l
mov.l
mov.b
extu.b
tst
bt.s
mov
bra
nop
mov.l
mov.l
mov.w
extu.w
jsr
mov
mov
cmp/ge
bt
mov
extu.w
mov.l
jsr
mov
add
extu.w
cmp/ge
bf
bra
nop
mov
extu.w
mov.l
jsr
mov
extu.w
shll2
shll
mov.l
add
mov.l
mov.w
mov.w
mov
extu.w
cmp/eq
bt
bra
mov
mov.b
mov.l
cmp/eq
mov.l
mov.b
mov.w
mov.w
mov.l
mov.l
mov.w
mov.l
bra
mov
extu.w
extu.w
mov
mov.w
mov.l
mov.l
add
mov.l
mov.l
shll2
shll
add
mov.l
mov.l
mov.l
add
shll
mov.l
mov.l
add
mov.l
mov.b
mov
extu.b
shll2
shll2
shll2
mov.l
mov.b
extu.b
add
shll
mov.l
mov.l
mov.l
add
mov.l
mov.l
mov.l
jsr
shll2
mov.w
mov
mov.l
mov
extu.w
mov.w
shll8
mov
shll2
extu.w
shll2
shll2
shll
add
mov.l
mov.l
mov.l
add
mov.l
add
mov.l
mov.b
mov.l
mov
mov.b
extu.b
extu.b
shll2
shll2
shll2
add
shll
mov.l
mov.l
mov.l
mov.l
mov.l
jsr
shll2
add
extu.w
cmp/ge
bf
mov.l
mov.w
extu.w
tst
bt
mov.l
and
tst
bf
mov
mov.l
mov.b
mov.l
mov.b
extu.b
tst
bf
bra
nop
mov.w
bf.s
mov.b
mov.w
mov.w
stc
mov.b
mov.w
mov.w
mov.l
mov.b
mov.l
mov.l
mov.l
mov.w
extu.w
tst
bf
bra
nop
extu.w
mov.l
and
tst
bf
bra
nop
extu.w
mov.l
and
tst
bt
mov.l
add
mov.l
mov
mov
cmp/gt
bf
mov
mov.l
mov.l
mov.w
extu.w
cmp/eq
bf
mov.l
mov.l
cmp/eq
bf
mov
mov.l
mov.l
mov.w
extu.w
cmp/eq
bf
mov.l
mov.l
cmp/eq
bf
mov
mov.l
mov.l
mov.w
extu.w
cmp/eq
bf
mov.l
mov.l
cmp/eq
bf
mov
mov.l
mov.l
mov.w
extu.w
cmp/eq
bt
bra
nop
mov.l
mov.l
cmp/eq
bt
bra
nop
bra
mov.l
extu.w
mov.w
and
tst
bt
mov.l
add
mov.l
mov
cmp/pz
bt
mov
mov.l
mov.l
mov.w
extu.w
cmp/eq
bf
mov.l
mov.l
cmp/eq
bf
mov
mov.l
mov.l
mov.w
extu.w
cmp/eq
bf
mov.l
mov.l
cmp/eq
bf
mov
mov.l
mov.l
mov.w
extu.w
cmp/eq
bf
mov.l
mov.l
cmp/eq
bf
mov
mov.l
mov.l
mov.w
extu.w
cmp/eq
bf
mov.l
mov.l
cmp/eq
bf
mov
mov.l
bra
nop
shll
mov.l
mov.b
mov.b
mov.w
mov.w
mov.w
extu.w
mov.w
and
tst
bt
mov
mov.l
mov.b
mov
mov.l
mov.w
mov
mov.l
mov.b
mov
add
lds.l
mov.l
mov.l
mov.l
mov.l
mov.l
mov.l
bra
mov.l
mov
extu.w
extu.w
mov.l
shll
add
mov.w
extu.w
and
tst
bt
bra
nop
add
extu.w
cmp/ge
bf
extu.w
mov.l
bsr
mov
mov
extu.b
mov.l
mov
shll2
shll2
shll
add
extu.b
add
mov.w
mov
mov.l
extu.w
shll2
shll
add
mov.w
mov
extu.w
cmp/eq
bf
bra
nop
add
mov
extu.w
cmp/ge
bf
extu.w
mov.l
mov.l
mov.l
mov.l
shll2
extu.b
shll
mov
add
shll2
shll2
shll
add
extu.b
add
mov.l
mov.l
mov.l
mov.l
mov.l
shll2
shll
shll
add
add
mov.w
mov.w
mov.l
shll2
shll
add
mov.l
extu.b
mov.l
mov
shll2
shll2
shll
add
extu.b
add
mov.w
mov.w
bsr
mov
mov.l
cmp/pz
bt
bra
nop
mov.l
mov.l
mov.w
mov.l
mov.l
mov.w
mov.w
mov.l
mov.l
mov.l
mov.l
mov.w
extu.w
jsr
mov
mov
cmp/ge
bt
extu.w
mov.l
extu.w
add
lds.l
mov.l
mov.l
mov.l
mov.l
mov.l
mov.l
mov.l
jmp
mov.l
mov.l
mov.l
extu.b
mov
shll2
shll2
shll
add
extu.b
mov.w
add
mov.w
mov
extu.w
cmp/eq
bt
bra
mov
mov
extu.w
mov
mov.w
mov.l
mov.l
shll2
shll
add
mov.l
mov.l
shll2
shll
add
mov.l
mov.l
mov.l
mov.l
add
shll
mov.l
add
mov.l
mov.b
mov
extu.b
shll2
shll2
shll2
mov.l
mov.b
extu.b
add
mov.l
mov.l
mov.l
shll
mov.l
mov.l
jsr
shll2
mov.w
mov.l
mov
extu.b
extu.w
mov
shll8
shll2
shll2
shll2
shll
shll2
add
extu.b
mov.l
add
mov.w
mov
extu.w
shll2
mov
shll
add
mov.l
mov.l
mov.l
add
shll
mov.l
add
mov.l
mov.b
mov
mov.l
mov.l
mov.l
extu.b
mov.b
mov.l
shll2
shll2
extu.b
shll2
shll2
add
shll
shll
mov.l
add
mov.l
shll2
add
lds.l
mov.l
mov.l
mov.l
mov.l
mov.l
mov.l
mov.l
jmp
mov.l
mov.b
mov.w
mov.l
bra
mov.l
mov.l
mov.w
bf.s
mov.b
mov.w
mov.w
stc
mov.b
mov.w
mov.w
add
lds.l
mov.l
mov.l
mov.l
mov.l
mov.l
mov.l
rts
mov.l
