mov.l
mov.l
mov.l
mov.l
mov.l
mov.l
mov.w
mov
extu.w
and
tst
bt.s
mov
mov.l
add
mov.l
exts.b
bra
mov.b
mov.w
mov.w
mov
extu.w
and
tst
bt
mov.l
add
mov.l
exts.b
bra
mov.b
mov.w
extu.w
and
tst
bt
mov.b
cmp/eq
bf
mov.l
add
mov.l
exts.b
mov.b
bra
nop
mov.w
extu.w
and
tst
bt
mov.b
cmp/eq
bf
mov.l
add
mov.l
exts.b
mov.b
mov.l
mov
cmp/gt
bf
mov.l
mov.l
cmp/pz
bt
mov
mov.l
mov.l
bra
mov.l
