sts.l
add
mov
mov
mov.l
mov.l
mov.l
mov.l
mov.l
add
add
jsr
mov
mov.w
mov.l
mov
extu.w
and
tst
bt
mov.b
add
mov.b
mov.b
mov
cmp/ge
bf
mov
mov.b
mov.w
mov.w
mov
extu.w
and
tst
bt
mov.b
add
mov.b
mov.b
cmp/pl
bt
mov
mov.b
mov.w
mov.w
mov
extu.w
and
tst
bt
mov.b
mov.b
mov.b
extu.b
cmp/eq
bf
mov.b
add
mov.b
mov.b
cmp/eq
bf
mov
mov.l
mov.b
add
lds.l
rts
nop
