sts.l
add
mov.l
mov.l
mov
mov.l
mov.w
mov.l
cmp/eq
bf.s
mov
mov.l
mov.w
mov.l
tst
bf
mov.l
mov.w
mov.l
mov.l
cmp/eq
bf
mov.l
mov.w
mov.l
mov.l
jsr
mov
mov
tst
bt
bra
mov
mov
mov.l
jsr
add
mov.l
mov
add
mov.b
mov
mov.b
mov.l
mov.l
add
mov.l
mov.l
mov
mov.w
mov.l
bra
nop
mov.l
mov.w
mov.l
tst
bf
bra
mov
mov.b
mov.b
sts
mov.l
mov.b
mov.l
mov
mov.w
mov.l
mov.l
mov.w
mov.l
cmp/eq
bf
mov.l
mov.w
mov.l
mov.l
mov.l
mov.l
add
mov.l
add
jsr
mov.l
mov
mov.l
mov.l
add
tst
bf.s
mov.l
mov.l
mov
mov.w
mov
mov.l
mov.l
jsr
add
mov.l
mov
add
mov.b
mov
mov.b
mov.l
mov.w
mov.l
cmp/eq
bf
mov.w
mov.l
jsr
mov.l
mov
mov.l
exts.w
and
tst
bt
bra
mov
mov
tst
bt
mov
mov.l
mov.w
mov.l
cmp/eq
bf
mov
mov.l
jsr
mov.l
mov
mov.l
exts.w
and
tst
bt
bra
mov
mov
tst
bt
mov
mov
cmp/eq
bf
bra
mov
mov.b
extu.b
mov.l
mov.l
mov.l
jsr
nop
mov.l
mov.w
mov.l
mov.l
mov.l
mov
add
lds.l
mov.l
mov.l
rts
mov.l
