mov.l
mov.l
sts.l
mov.l
mov.w
mov.l
mov.l
mov
mov.l
mov.l
mov.b
bra
extu.b
bra
mov
mov.b
extu.b
add
mov.l
mul.l
sts
mov.l
add
add
extu.b
mov
mov.b
add
mov.b
extu.b
cmp/hs
bf
bra
nop
mov.l
mov.l
mov
shll
shll2
add
add
extu.w
mov.w
mov.l
mov
shll
shll2
add
bra
nop
mov.l
exts.w
mov.l
mov
shll
shll2
shll2
add
add
extu.w
mov.w
mov.l
mov.l
mov
shll
shll2
shll2
add
add
mov.w
mov.l
mov
shll
shll2
shll2
add
mov.l
add
exts.w
mov.w
mov.l
mov
mov.l
exts.w
extu.w
shll
shll2
shll2
add
add
mov.w
mov
mov.l
mov.l
mov
shll
shll2
shll2
add
add
mov.w
mov.l
mov
shll
shll2
shll2
add
mov.l
add
exts.w
mov.w
mov.l
mov
shll
shll2
mov.l
exts.w
shll2
add
add
mov.w
mov.l
mov
shll
shll2
shll2
add
mov.l
add
exts.w
mov
mov.w
bra
nop
mac.l
sts
sts
sts
sts
mac.w
mov.l
extu.w
mov.l
mov
shll
shll2
shll2
add
add
mov.w
mov.l
exts.w
mov.l
mov
shll
shll2
shll2
add
add
mov.w
mov.l
mov
shll
shll2
shll2
add
mov.l
add
exts.w
mov.w
mov.l
mov
mov.l
extu.w
shll
shll2
shll2
add
add
mov.w
mov.l
mov.l
mov
shll
shll2
shll2
add
add
mov.w
exts.w
mov.l
mov.l
mov
shll
shll2
shll2
add
add
mov.w
mov.l
mov
shll
shll2
shll2
exts.w
mov.l
add
mov
add
mov.w
mov.l
mov
shll
shll2
shll2
add
mov.l
add
extu.w
mov
mov.w
bra
nop
extu.b
mov.l
mov.l
mov
shll
shll2
shll
add
add
extu.w
mov.w
mov.l
mov.l
mov
shll
shll2
shll
add
add
mov.b
mov.l
mov
shll
shll2
shll
add
mov.l
add
extu.b
mov.b
mov.l
mov
extu.w
mov.l
shll
shll2
mov
shll
add
add
mov.w
mov.l
extu.b
mov.l
mov
shll
shll2
shll
add
add
mov.b
mov.l
mov
shll
shll2
shll
add
mov.l
add
extu.b
mov
mov.b
bra
nop
mov.l
mov.l
mov
shll
add
add
mov.b
mov.l
mov
shll
add
mov.l
add
extu.b
bra
mov.b
mov.l
mov.l
mov
shll
shll2
add
add
extu.w
mov.w
mov.l
mov
shll
shll2
add
mov.l
add
extu.w
mov
bra
mov.w
cmp/eq
bf
bra
nop
cmp/eq
bf
bra
nop
cmp/eq
bf
bra
nop
cmp/eq
bt
mov.w
cmp/eq
bt
mov.w
cmp/eq
bt
mov.w
cmp/eq
bf
bra
nop
lds.l
mov.l
rts
mov.l
