mov.l
mov.l
mov.l
mov.l
mov.l
sts.l
add
mov.l
mov.l
mov.l
mov.l
mov
mov.w
mov.w
mov.w
mov.w
mov.w
mov.w
mov.w
mov.w
mov.w
cmp/eq
bf
mov.w
cmp/eq
bf
mov.l
dmuls.l
mov.l
sts
sts
dmuls.l
mov.l
sts
sts
dmuls.l
add
mov.l
mov.l
sts
sts
dmuls.l
mov.l
sts
sts
dmuls.l
add
mov.l
mov.l
sts
sts
dmuls.l
sts
sts
bra
add
mov
mov.l
mov.l
sub
mov.l
dmuls.l
mov.l
sts
sts
dmuls.l
mov.l
sts
sts
dmuls.l
add
mov.l
mov.l
sts
sts
dmuls.l
mov.l
sts
sts
dmuls.l
add
mov.l
mov.l
sts
sts
dmuls.l
sts
sts
add
add
mov.l
cmp/gt
bf
mov
mov.w
mov.w
cmp/eq
bf
mov.w
cmp/eq
bf
mov.l
dmuls.l
mov.l
sts
sts
dmuls.l
mov.l
sts
sts
dmuls.l
add
mov.l
mov.l
sts
sts
dmuls.l
mov.l
sts
sts
dmuls.l
add
mov.l
mov.l
sts
sts
dmuls.l
sts
sts
bra
add
mov.l
dmuls.l
mov.l
sts
sts
dmuls.l
mov.l
sts
sts
dmuls.l
add
mov.l
mov.l
sts
sts
dmuls.l
mov.l
sts
sts
dmuls.l
add
mov.l
mov.l
sts
sts
dmuls.l
sts
sts
add
add
mov.l
cmp/gt
bf
mov
mov.w
mov.w
cmp/eq
bf
mov.w
cmp/eq
bf
mov.l
dmuls.l
mov.l
sts
sts
dmuls.l
mov.l
sts
sts
dmuls.l
add
mov.l
mov.l
sts
sts
dmuls.l
mov.l
sts
sts
dmuls.l
add
mov.l
mov.l
sts
sts
dmuls.l
sts
sts
bra
add
mov.l
dmuls.l
mov.l
sts
sts
dmuls.l
mov.l
sts
sts
dmuls.l
add
mov.l
mov.l
sts
sts
dmuls.l
mov.l
sts
sts
dmuls.l
add
mov.l
mov.l
sts
sts
dmuls.l
sts
sts
add
add
mov.l
cmp/gt
bf
mov
mov.w
mov.w
cmp/eq
bf
mov.w
cmp/eq
bf
mov.l
dmuls.l
mov.l
sts
sts
dmuls.l
mov.l
sts
sts
dmuls.l
add
mov.l
mov.l
sts
sts
dmuls.l
mov.l
sts
sts
dmuls.l
add
mov.l
mov.l
sts
sts
dmuls.l
sts
sts
bra
add
mov.l
dmuls.l
mov.l
sts
sts
dmuls.l
mov.l
sts
sts
dmuls.l
add
mov.l
mov.l
sts
sts
dmuls.l
mov.l
sts
sts
dmuls.l
add
mov.l
mov.l
sts
sts
dmuls.l
sts
sts
add
add
mov.l
cmp/gt
bf
mov
mov.w
mov.w
mov.w
add
mov.w
add
mov.w
add
cmp/eq
bt
bra
nop
add
lds.l
mov.l
mov.l
mov.l
mov.l
rts
mov.l
