mov.l
mov.l
mov.l
mov
mov.l
sts.l
mov.l
mov.l
mov.b
tst
bt.s
mov
bra
nop
mov.l
mov.w
extu.w
tst
bf
bra
nop
mov.l
mov.b
extu.b
cmp/eq
bf
bra
nop
mov.l
mov.l
mov.w
add
mov.w
add
extu.w
cmp/eq
bt
bra
nop
mov.l
mov.l
mov.l
mov.l
tst
bf.s
mov
mov.w
bra
extu.w
mov.l
mov.w
mov.l
bsr
mov
bra
nop
mov.l
mov
mov.w
bsr
mov
bra
nop
mov.l
mov.w
mov.l
bsr
mov
bra
mov
bra
muls.w
mov.b
mov.l
mov.l
mul.l
mov
swap.b
bra
muls.w
bra
muls.w
bra
muls.w
mov.l
mov
mov.w
bsr
mov
bra
extu.w
mov.l
mov.w
mov.l
bsr
mov
bra
mov
mov.l
mov
mov.w
bsr
mov
extu.w
bra
mov.w
extu.w
bra
mov.w
cmp/eq
bt
cmp/eq
bt
cmp/eq
bt
cmp/eq
bt
cmp/eq
bt
cmp/eq
bt
bra
nop
mov.l
cmp/eq
bf
mov.w
bra
extu.w
mov
mov.l
mov.w
bsr
mov
bra
nop
mov.l
mov
mov.w
bsr
mov
bra
nop
mov.l
mov.w
mov.l
bsr
mov
extu.w
bra
mov.w
extu.w
bra
mov.w
cmp/eq
bt
cmp/eq
bt
cmp/eq
bt
bra
nop
mov.l
cmp/eq
bf
mov.w
extu.w
cmp/eq
bf
mov.l
mov.w
mov.l
bsr
mov
extu.w
mov.w
mov.l
mov.b
extu.b
cmp/eq
bf
mov.l
mov.l
mov.w
add
mov.w
add
extu.w
cmp/eq
bf
extu.b
mov.b
mov.l
mov.w
mov.w
mov.l
mov
lds.l
mov.l
mov.l
mov.l
bra
mov.l
lds.l
mov.l
mov.l
mov.l
rts
mov.l
