mov.l
mov.l
mov.l
mov.l
mov.l
mov.l
mov.l
sts.l
add
mov.l
mov.l
mov.l
mov.l
mov.l
mov.w
mov.l
mov.l
mov.l
add
cmp/hs
bt
mov.w
bra
mov.l
mov
mov.l
mov.l
cmp/eq
bf
mov.w
mov.l
mov
add
cmp/pz
bt.s
mov.l
bra
mov
mov
cmp/gt
bt.s
mov
mov
mov.l
shll2
add
mov.l
cmp/gt
bf
mov
bsr
mov
mov
mov.l
cmp/eq
bf
bra
mov
mov
mov
add
shll2
shll2
shll2
mov.l
add
shll
jsr
mov
mov
mov
mov.l
add
add
shll
jsr
mov
add
cmp/gt
bf.s
add
bra
nop
mov.b
stc
mov.b
stc
mov.b
nop
muls.w
mul.l
mov
mov.l
sub
mul.l
mov
mul.l
mov
mov.w
mov.l
mov.l
cmp/eq
bt
mov
cmp/ge
bt
bra
mov.l
mov.l
mov.l
mov.w
mov.l
mov.l
mov
shll2
add
sub
cmp/gt
bf
mov
bsr
mov
mov
mov
mov.l
add
shll2
shll2
shll2
mov.l
add
shll
jsr
mov
mov
mov
mov.l
add
add
shll
jsr
mov
add
lds.l
mov.l
mov.l
mov.l
mov.l
mov.l
mov.l
rts
mov.l
