mov.l
mov.l
mov.l
mov
mov.l
mov.l
mov.l
mov.l
sts.l
mov.w
add
mov
mov
mov
mov.l
mov
add
add
add
mov
mov.b
mov.l
mov.l
cmp/eq
bf.s
mov
mov
mov
exts.w
neg
exts.w
mov
mov.w
mov
mov.w
mov
mov.w
exts.w
neg
exts.w
mov
mov.w
exts.w
neg
mov.w
exts.w
neg
exts.w
mov.w
mov
mov.w
mov.w
mov
add
mov
mov.b
mov
extu.b
mov
shll2
shll2
mov.l
shll2
shll2
add
exts.w
mov.l
add
jsr
mov.l
mov
extu.b
mov
extu.b
shll2
add
shll
add
mov.l
mov
mov.l
add
mov.l
add
mov.l
mov.w
jsr
shll16
mov.l
mov.l
mov.l
add
mov.l
mov.w
jsr
shll16
mov.l
add
mov.l
mov.l
mov
add
add
mov.l
mov.l
mov.l
mov.w
jsr
shll16
mov.l
mov.l
mov.l
mov.w
jsr
shll16
add
mov.l
sub
mov.l
mov.l
mov
mov
add
add
mov.l
extu.b
cmp/ge
bra
nop
