mov.l
mov
mov.l
mov.l
mov.l
sts.l
mov.l
mov.l
mov.w
mov.l
cmp/gt
shar
shll16
jsr
mov
mov
mov.w
jsr
mov
mov
mov.w
jsr
mov
mov
mov
mov.l
mov
shll
mov.l
sub
mov.l
mov.l
add
mov.l
mov.l
add
mov.l
mov.l
mov.l
sub
mov.l
mov.l
sub
mov.l
mov.l
sub
mov.l
mov.l
mov.l
add
mov.l
mov.l
jsr
mov
mov.l
sub
mov.l
mov.l
sub
mov.l
mov.l
mov.l
add
mov.l
mov.l
add
mov.l
mov.l
add
mov.l
lds.l
mov.l
mov.l
mov.l
rts
mov.l
