mov.l
mov.l
mov.l
mov.l
mov.l
mov
mov.l
sts.l
mov.l
mov.l
mov.l
mov.l
mov.l
mov.w
mov
extu.w
and
tst
bt.s
mov
mov.l
mov.w
mov.b
mov.b
extu.b
extu.b
shll2
shll2
shll2
add
shll
mov.l
jsr
mov
mov.b
mov
mov.b
extu.b
mov.l
mov.b
bra
nop
mov.w
mov.w
mov
extu.w
and
tst
bt
mov.l
mov.w
mov.b
mov.b
extu.b
extu.b
shll2
shll2
shll2
add
shll
mov.l
jsr
mov
mov
mov.b
exts.b
mov.b
extu.b
mov.l
mov.b
mov.w
mov.w
mov
extu.w
and
tst
bt
mov.b
extu.b
cmp/eq
bf
mov.b
add
mov.b
mov.b
cmp/eq
bf
bra
nop
shll
mov.l
mov.l
sub
mov.l
mov.l
mov.b
mov.b
stc
mov.b
mov.l
mov.b
tst
bf
mov.l
mov
mov.w
mov.l
mov.l
mov.l
mov.w
mov.l
mov.l
bsr
nop
mov
mov.l
mov.l
bra
nop
mov.b
cmp/eq
bf
mov.l
jsr
nop
bra
nop
mov.b
cmp/eq
bf
mov.l
jsr
nop
bra
nop
mov.w
mov.w
mov
extu.w
and
tst
bt
mov.l
mov
mov.w
mov.l
mov.w
mov.l
mov.l
bsr
nop
lds.l
mov.l
mov.l
mov.l
mov.l
mov.l
bra
mov.l
mov.l
mov.b
add
mov.b
mov.b
extu.b
tst
bf
mov.l
mov.w
mov.l
mov.l
mov.b
mov.b
extu.b
extu.b
shll2
shll2
shll2
add
shll
mov.l
jmp
mov
