mov.l
mov
extu.w
mov
mov.l
mov.l
mov.l
mov.l
mov.l
mov.l
sts.l
add
mov.l
mov.l
mov.l
mov.w
cmp/eq
bf.s
mov
extu.w
mov.l
add
mov.b
mov
mov.b
bra
extu.w
bra
extu.b
extu.b
mov
extu.w
mov.l
add
mov.l
extu.b
shll2
bra
mov.l
cmp/eq
bt
cmp/eq
bt
bra
nop
mov
mov
extu.b
mov.l
mov.b
mov
extu.b
add
shll
add
mov.b
mov.b
mov
extu.b
extu.b
shll2
shll2
shll2
add
shll
jsr
mov.l
add
extu.b
mov.l
mov.b
extu.b
cmp/ge
bf
extu.w
mov.l
shll
mov.l
add
bra
mov
extu.w
mov.l
add
mov.b
mov.b
bra
extu.w
bra
extu.b
mov.b
mov.w
stc
mov.b
mov.w
mov.b
mov.w
mov.b
mov.w
mov.b
mov.w
mov.b
mov.w
mov.w
mov.w
mov.b
mov.w
extu.b
mov
extu.w
mov.l
add
mov.l
extu.b
shll2
bra
mov.l
cmp/eq
bt
cmp/eq
bt
bra
nop
mov
mov
mov.b
extu.b
extu.b
add
shll
add
mov.b
mov.b
mov
extu.b
extu.b
shll2
shll2
shll2
add
shll
jsr
mov.l
add
extu.b
mov.l
mov.b
extu.b
cmp/ge
bf
mov.l
mov
extu.w
shll
mov.l
add
mov.l
mov.b
mov.l
mov
mov.b
extu.b
extu.b
shll2
shll2
shll2
add
shll
extu.b
shll2
add
lds.l
mov.l
mov.l
mov.l
mov.l
mov.l
mov.l
mov.l
jmp
mov.l
