mov.l
mov.l
mov.l
mov.l
mov.l
mov.l
mov.l
sts.l
mov.l
mov.l
mov.l
mov.l
mov.l
mov.l
mov.l
add
mov.l
mov.l
mov.w
mov.w
extu.w
and
tst
bt.s
mov
mov.l
mov.l
tst
bf
mov.l
add
mov.l
jsr
mov.l
mov
mov.l
mov.l
mov.l
jsr
mov.l
cmp/eq
bt
mov
bra
mov.l
swap.b
mov.b
mov.l
mov.b
mov.w
bsr
shll
stc
mov.b
mov.w
mov.w
mov.b
mov.b
mov.b
stc
add
mov.b
extu.b
mov.l
sub
mov.l
mov.l
mov.l
add
mov.l
jsr
mov.l
mov
mov.l
mov.l
mov.l
jsr
mov.l
cmp/eq
bt
mov
mov.l
bra
nop
mov
mov.l
bsr
nop
mov.l
tst
bt
bra
nop
mov.l
add
mov.l
jsr
mov.l
mov
mov.l
mov.l
mov.l
jsr
mov.l
cmp/eq
bt
bra
nop
mov.l
add
mov.l
jsr
mov.l
mov
mov.l
mov.l
mov.l
jsr
mov.l
cmp/eq
bt
bsr
nop
bra
nop
mov.l
add
mov.l
jsr
mov.l
mov
mov.l
mov.l
mov.l
jsr
mov.l
cmp/eq
bf
mov.l
mov.l
add
mov.l
jsr
mov.l
mov
mov.l
mov.l
mov.l
jsr
mov.l
cmp/eq
bt
bsr
nop
bra
nop
mov.l
add
mov.l
jsr
mov.l
mov
mov.l
mov.l
mov.l
jsr
mov.l
cmp/eq
bf
bsr
nop
bra
nop
mov.l
add
mov.l
jsr
mov.l
mov
mov.l
mov.l
mov.l
jsr
mov.l
cmp/eq
bt
bsr
nop
bra
nop
mov.l
add
mov.l
jsr
mov.l
mov
mov.l
mov.l
mov.l
jsr
mov.l
cmp/eq
bf
mov.l
mov.l
add
mov.l
jsr
mov.l
mov
mov.l
mov.l
mov.l
jsr
mov.l
cmp/eq
bt
bsr
nop
bra
nop
mov.l
add
mov.l
jsr
mov.l
mov
mov.l
mov.l
mov.l
jsr
mov.l
cmp/eq
bf
bsr
nop
bra
nop
mov.l
add
mov.l
jsr
mov.l
mov
mov.l
mov.l
mov.l
jsr
mov.l
cmp/eq
bt
bsr
nop
bra
nop
mov.l
add
mov.l
jsr
mov.l
mov
mov.l
mov.l
mov.l
jsr
mov.l
cmp/eq
bf
mov.l
mov.l
cmp/pl
bf
bsr
nop
bra
nop
mov.l
mov.b
mov.l
mov.b
shll
mov.l
mov.b
mov.l
cmp/eq
bf
mov
mov.l
jsr
mov
mov
mov.l
jsr
mov
mov.l
cmp/eq
bf
bsr
nop
mov
mov.l
jsr
mov
mov
mov.l
jsr
mov
mov.l
cmp/eq
bf
mov
mov.l
jsr
mov
mov
mov.l
jsr
mov
mov
mov.l
mov.l
mov.l
jsr
nop
mov.l
mov.l
lds.l
mov.l
mov.l
mov.l
mov.l
mov.l
mov.l
rts
mov.l
