mov.l
mov.l
sts.l
mov.l
mov.w
mov.l
mov.l
tst
bf.s
mov
bra
mov
mov.l
mov.w
add
bsr
nop
tst
bf
bra
mov
mov.l
mov.b
mov.b
mov.b
sts
mov.l
mov
mov.w
mov.w
add
add
mov.l
mov
add
jsr
mov
mov
mov
mov
mov.w
mov.l
add
add
mov.l
mov.l
jsr
add
mov.l
tst
bf
bra
mov
mov
extu.b
mov.b
extu.b
mov.b
extu.b
mov.b
extu.b
mov.b
mov
lds.l
mov.l
rts
mov.l
