mov.l
mov.l
mov
mov.l
mov.l
mov.l
mov
mov.l
sts.l
mov.w
mov.l
tst
bf.s
mov
mov
mov
mov
lds.l
mov.l
mov.l
mov.l
mov.l
mov.l
mov.l
jmp
mov.l
mov.b
mov.b
sts
swap.b
mov.l
mov
cmp/eq
bt
mov.w
cmp/ge
bf
mov
mov.l
mov
mov.l
jsr
mov.l
mov
mov.l
mov.l
neg
add
cmp/hs
bt
bra
mov
mov
sub
mov
mov.l
mov.l
add
jsr
mov
mov.l
add
cmp/hs
bt.s
mov.l
sub
mov
mov
mov.l
mov.l
jsr
mov.l
mov
mov
mov.l
mov.l
jsr
add
mov.l
lds.l
mov.l
mov.l
mov.l
mov.l
mov.l
rts
mov.l
