sts.l
jsr
nop
lds.l
mov.l
mov.b
cmp/eq
bf
mov.l
mov.l
sts.l
bsr
nop
lds.l
mov.l
add
mov.l
cmp/ge
bf
mov.l
mov.l
mov.l
mov.l
mov.l
mov.l
mov.l
rts
nop
mov.l
sub
stc
mov.b
mov.l
div0u
mov.l
mov.l
mulu.w
sts
mov.l
add
mov.l
mov.l
mov.l
mov.b
cmp/eq
bt
cmp/eq
bt
mov.l
mov.b
cmp/eq
bt
cmp/eq
bt
cmp/eq
bt
