mov.l
mov.l
sts.l
mov
stc
shlr2
shlr2
and
mov
stc
mov.w
and
or
ldc
bsr
mov
mov
mov
bsr
mov
mov.l
mov
mov.l
mov.w
mov.w
mov
mov.l
mov.w
mov.l
mov.l
mov.w
mov
mov.l
mov.w
mov.l
mov.l
mov.w
mov.l
mov.l
add
extu.w
mov.l
mov.l
mov.l
mov.l
add
extu.w
bsr
mov
add
mov.l
mov.l
mov
mov.w
mov.b
mov.l
add
mov
mov.b
mov
and
shll2
shll2
stc
mov.w
and
or
ldc
mov
mov.l
mov.l
lds.l
mov.l
rts
mov.l
