mov.l
mov.l
mov.l
mov.l
mov.w
mov.l
sts.l
mov.l
mov.w
add
mov.l
mov.l
mov.l
mov.l
mov
or
or
or
mov.w
tst
bf
bra
nop
mov.l
mul.l
mov
and
and
and
mov.w
tst
bt
bra
nop
mov.w
tst
bt
mov.l
mov
bra
mov.l
mov.l
mov.w
tst
bt
mov.w
mov
bra
mov.w
mov.b
mov.b
mov
mov.w
mov.l
tst
bt
add
mov.l
tst
bt
add
mov.l
tst
bt
add
mov.l
tst
bt
add
mov.w
mov
add
mov.l
mov
cmp/eq
bt
mov
cmp/eq
bt
mov
mov
and
cmp/eq
bt
tst
bt
mov
tst
bt
bra
nop
mov.l
mov.w
mov.l
mov.l
add
sub
cmp/pz
mov.l
bt
neg
extu.w
cmp/gt
bt.s
mov
shll
add
cmp/gt
bt
add
mov.w
mov.l
add
mov.w
mov
bra
mov.l
shll
mov.l
mov.b
mov
mov.l
shll16
shlr
mov.l
add
mov.w
mov.l
add
sub
cmp/pz
mov.l
bt
neg
extu.w
cmp/gt
bt.s
mov
shll
add
cmp/gt
bt
add
mov.w
add
mov.l
mov
mov.w
bra
mov.l
shll
mov.l
add
mov.b
mov
tst
mov.l
mov
bf
mov.l
mov
mov.w
mov.l
mov.l
sub
cmp/pz
bt
neg
extu.w
cmp/gt
bt.s
mov
shll
add
cmp/gt
bt
add
mov.w
add
mov.l
mov.w
mov.l
bra
mov
