mov
mov
mov.w
mov.l
tst
bt
cmp/pz
bf
add
add
mov.l
mov.w
mov.w
mov.w
shll2
mov.l
mov.l
tst
bt
mov.l
add
mov.l
cmp/gt
bt
mov.l
add
mov.l
cmp/ge
bt
bra
nop
mov.b
mov.b
add
mov.b
add
mov
mov.l
mov.w
mov
add
mov.w
mov.w
mov.l
mov.l
shll16
shll2
add
mov.l
dmuls.l
sts
sts
mov
shlr16
bra
mov.l
mov.b
add
mov
mov.l
mov.w
add
mov
mov.w
mov.w
mov.l
shll16
mov.l
shll2
add
mov.l
mov.l
sts.l
jsr
nop
lds.l
mov
shlr16
mov
mov.l
mov.w
mov.l
mov.w
mov.l
mov.w
mov.l
add
sub
mov.w
shll
shll2
mov.l
add
mov.l
mov.l
cmp/gt
bt
