mov.l
mov.l
mov.l
mov.l
mov.l
mov.l
mov
mov.l
mov
mov.w
mov
extu.b
mov.l
mov
extu.w
mov.l
mov.w
mov
add
mov.l
mov.l
mov
mov.b
mov.b
extu.b
extu.b
cmp/eq
bf.s
mov
add
mov.b
mov.b
extu.b
extu.b
cmp/eq
bf
add
mov.b
mov.b
extu.b
extu.b
cmp/eq
bf
add
mov
cmp/eq
bf
mov
mov.l
mov.l
shll2
add
mov.l
mov
mov.l
cmp/hs
bt
cmp/hs
bt.s
mov
bra
nop
mov
mov
mov.l
shll2
mov.l
and
add
exts.w
mov
shll
add
exts.w
mov.l
add
mov.b
mov.b
add
mov.b
mov.b
add
mov.b
mov.b
bra
extu.b
mac.l
mov.w
bsr
mul.l
mov
mov.w
bsr
mul.l
mov
mov.w
bsr
extu.b
extu.w
mov.l
mov.w
mov.b
extu.b
cmp/eq
bf.s
add
extu.b
extu.b
cmp/eq
bt
mov.l
mov
mov.l
mov.l
mov.l
mov.l
mov.l
rts
mov.l
