mov.l
mov
mov.l
mov
mov
mov.l
sts.l
mov.l
mov.l
mov.l
mov.l
mov
mov
add
jsr
mov
mov.w
mov.l
mov
extu.w
and
extu.w
mov.w
mov
mov
mov.l
jsr
mov
mov.w
mov
extu.w
and
extu.w
mov
mov.w
mov
mov.l
jsr
mov
mov.w
mov
extu.w
and
extu.w
mov.w
mov
mov
mov.l
jsr
mov
mov.w
mov.l
mov
extu.w
and
extu.w
mov.w
mov
mov
mov.l
jsr
mov
mov.w
mov.l
mov
extu.w
and
extu.w
mov.w
mov
mov
mov.l
jsr
mov
mov.w
mov.l
mov
extu.w
and
extu.w
mov.w
mov
mov
mov.l
jsr
mov
mov.w
mov.l
mov
extu.w
and
extu.w
mov
mov.w
tst
bf
bra
nop
mov
mov
mov.l
jsr
mov
mov.w
mov.l
mov.w
mov
extu.w
and
or
mov
extu.w
and
mov
mov.w
tst
bt
mov
mov
mov.l
jsr
mov
mov.w
mov
extu.w
and
or
extu.w
mov
mov.w
mov
and
tst
bt
mov
mov
bra
mov
sts
sts
shll8
mov.l
jsr
nop
mov.w
mov
extu.w
and
or
extu.w
mov
mov.w
mov
and
tst
bt
mov
mov
mov.l
jsr
mov
mov.w
mov
extu.w
and
or
extu.w
mov
mov.w
mov.w
and
tst
bt
mov
mov
mov.l
jsr
mov
mov.w
mov
extu.w
and
or
extu.w
mov
mov.w
mov
and
tst
bt
mov
mov
mov.l
jsr
mov
mov.w
extu.w
mov.l
and
or
extu.w
mov.w
mov
and
tst
bt
mov
mov
mov.l
jsr
mov
mov.w
extu.w
mov.l
and
or
extu.w
mov.w
mov
and
tst
bt
mov
mov
mov.l
jsr
mov
mov.w
extu.w
mov.l
and
or
extu.w
mov.w
mov.l
and
tst
bt
mov
mov
mov.l
jsr
mov
mov.w
extu.w
mov.l
and
or
extu.w
mov.w
lds.l
mov.l
mov.l
rts
mov.l
