mov.l
mov.l
mov.l
mov.l
mov.l
sts.l
add
mov.l
mov.l
mov.l
mov.l
mov
mov.w
mov.w
mov.w
mov.w
mov.w
mov.w
mov.w
mov.w
cmp/eq
bt
bra
mov.w
mov
mov.l
mov.l
sub
mov.w
cmp/eq
bt
mov.l
dmuls.l
mov.l
sts
sts
dmuls.l
mov.l
sts
sts
dmuls.l
add
mov.l
mov.l
sts
sts
dmuls.l
mov.l
sts
sts
dmuls.l
add
mov.l
mov.l
sts
sts
dmuls.l
mov
sts
sts
add
add
mov.l
cmp/gt
bf
mov.w
mov.w
cmp/eq
bt
mov.l
dmuls.l
mov.l
sts
sts
dmuls.l
mov.l
sts
sts
dmuls.l
add
mov.l
mov.l
sts
sts
dmuls.l
mov.l
sts
sts
dmuls.l
add
mov.l
mov.l
sts
sts
dmuls.l
mov
sts
sts
add
add
mov.l
cmp/gt
bf
mov.w
mov.w
cmp/eq
bf
bra
nop
mov.l
dmuls.l
mov.l
sts
sts
dmuls.l
mov.l
sts
sts
dmuls.l
add
mov.l
mov.l
sts
sts
dmuls.l
mov.l
sts
sts
dmuls.l
add
mov.l
mov.l
sts
sts
dmuls.l
sts
sts
add
add
mov.l
cmp/gt
bt
bra
nop
mov
mov.w
bra
nop
cmp/eq
bt
bra
mov.w
mov.w
cmp/eq
bt
mov.l
dmuls.l
mov.l
sts
sts
dmuls.l
mov.l
sts
sts
dmuls.l
add
mov.l
mov.l
sts
sts
dmuls.l
mov.l
sts
sts
dmuls.l
add
mov.l
mov.l
sts
sts
dmuls.l
mov
sts
sts
add
add
mov.l
cmp/gt
bf
mov.w
mov.w
cmp/eq
bt
mov.l
dmuls.l
mov.l
sts
sts
dmuls.l
mov.l
sts
sts
dmuls.l
add
mov.l
mov.l
sts
sts
dmuls.l
mov.l
sts
sts
dmuls.l
add
mov.l
mov.l
sts
sts
dmuls.l
mov
sts
sts
add
add
mov.l
cmp/gt
bf
mov.w
mov.w
cmp/eq
bf
bra
nop
mov.l
dmuls.l
mov.l
sts
sts
dmuls.l
mov.l
sts
sts
dmuls.l
add
mov.l
mov.l
sts
sts
dmuls.l
mov.l
sts
sts
dmuls.l
add
mov.l
mov.l
sts
sts
dmuls.l
sts
sts
add
add
mov.l
cmp/gt
bt
bra
nop
mov
mov.w
bra
nop
cmp/eq
bt
bra
mov.w
mov.w
cmp/eq
bt
mov.l
dmuls.l
mov.l
sts
sts
dmuls.l
mov.l
sts
sts
dmuls.l
add
mov.l
mov.l
sts
sts
dmuls.l
mov.l
sts
sts
dmuls.l
add
mov.l
mov.l
sts
sts
dmuls.l
mov
sts
sts
add
add
mov.l
cmp/gt
bf
mov.w
mov.w
cmp/eq
bt
mov.l
dmuls.l
mov.l
sts
sts
dmuls.l
mov.l
sts
sts
dmuls.l
add
mov.l
mov.l
sts
sts
dmuls.l
mov.l
sts
sts
dmuls.l
add
mov.l
mov.l
sts
sts
dmuls.l
mov
sts
sts
add
add
mov.l
cmp/gt
bf
mov.w
mov.w
cmp/eq
bf
bra
nop
mov.l
dmuls.l
mov.l
sts
sts
dmuls.l
mov.l
sts
sts
dmuls.l
add
mov.l
mov.l
sts
sts
dmuls.l
mov.l
sts
sts
dmuls.l
add
mov.l
mov.l
sts
sts
dmuls.l
sts
sts
add
add
mov.l
cmp/gt
bt
bra
nop
mov
mov.w
bra
nop
cmp/eq
bt
mov.l
dmuls.l
mov.l
sts
sts
dmuls.l
mov.l
sts
sts
dmuls.l
add
mov.l
mov.l
sts
sts
dmuls.l
mov.l
sts
sts
dmuls.l
add
mov.l
mov.l
sts
sts
dmuls.l
mov
sts
sts
add
add
mov.l
cmp/gt
bf
mov.w
mov.w
cmp/eq
bt
mov.l
dmuls.l
mov.l
sts
sts
dmuls.l
mov.l
sts
sts
dmuls.l
add
mov.l
mov.l
sts
sts
dmuls.l
mov.l
sts
sts
dmuls.l
add
mov.l
mov.l
sts
sts
dmuls.l
mov
sts
sts
add
add
mov.l
cmp/gt
bf
mov.w
mov.w
cmp/eq
bt
mov.l
dmuls.l
mov.l
sts
sts
dmuls.l
mov.l
sts
sts
dmuls.l
add
mov.l
mov.l
sts
sts
dmuls.l
mov.l
sts
sts
dmuls.l
add
mov.l
mov.l
sts
sts
dmuls.l
mov
sts
sts
add
add
mov.l
cmp/gt
bf
mov.w
mov.w
mov.w
add
mov.w
add
mov.w
add
cmp/eq
bt
bra
mov.w
add
lds.l
mov.l
mov.l
mov.l
mov.l
rts
mov.l
