mov.l
mov.l
mov.l
sts.l
mov.l
mov.l
mov.l
mov.w
mov.w
extu.w
and
tst
bt
mov
mov.l
mov.w
mov.l
mov
mov.w
extu.w
cmp/gt
bt
mov.w
extu.w
tst
bf
bsr
mov
extu.w
extu.w
cmp/eq
bt
mov
mov
mov.l
mov.w
shll2
shll2
extu.w
shll2
shll2
add
exts.w
mov
add
shll
add
shll
mov.w
mov.b
mov.w
extu.w
mov
shll
add
shll
add
mov.w
mov
mov
mov.b
mov.w
extu.w
mov
shll
add
shll
add
mov.w
mov
mov.w
mov.w
add
mov.w
mov.w
extu.w
tst
bf
bra
nop
mov.w
add
bsr
mov.w
lds.l
mov.l
mov.l
bra
mov.l
