mov.l
sts.l
mov
mov
mov
mov.l
mov
mov
mov.l
dt
bf.s
add
mov.l
mov.l
mov
mul.l
sts
add
mov.l
add
mov.l
mov.l
mov.l
mov.l
mov.w
extu.w
bsr
mov
mov.l
mov.l
mov.l
mov.l
mov.l
mov.w
tst
bf
mov.l
mov
clrmac
mac.l
mac.l
mac.l
add
sts
sts
clrmac
mac.l
mov.l
mac.l
mac.l
add
sts
sts
clrmac
mac.l
mov.l
mac.l
mac.l
add
sts
sts
mov.l
clrmac
mac.l
mac.l
mac.l
add
sts
sts
cmp/pl
bt
bra
nop
shal
mov.l
sub
stc
bsr
stc
bsr
mov.w
stc
bsr
stc
bsr
mov.w
mov.l
bsr
mov
mov.l
add
mov.w
bsr
nop
mov.w
mov.l
bsr
mov
bsr
mov
mov.l
add
mov.w
bsr
nop
mov.w
mov.l
bsr
mov
bsr
mov
mov.l
add
mov.w
bsr
nop
mov.w
mov.l
bsr
mov
bsr
mov
mov.l
add
mov.w
bsr
nop
mov.l
mov
mov.l
mulu.w
mov.l
sts
add
add
mov.w
mov.l
mov.l
mov.l
mov.l
cmp/gt
bf
cmp/gt
bf
cmp/gt
bf
cmp/gt
bf
bra
nop
stc
bsr
stc
bsr
stc
bsr
stc
bsr
mov.l
mov.b
bra
mov.w
cmp/gt
bt
cmp/gt
bt
cmp/gt
bt
cmp/gt
bt
mov.w
mov.l
mov.l
mov.l
mov.l
cmp/gt
bf
cmp/gt
bf
cmp/gt
bf
cmp/gt
bt
mov.w
cmp/gt
bt
cmp/gt
bt
cmp/gt
bt
cmp/gt
bf
mov
add
mov.w
mov.w
mov.w
mov.w
mov.w
mov.w
mov.w
mov.w
mov.w
mov.w
mov.w
shlr2
shlr2
and
mov.b
mov
mov.b
mov.w
mov.l
and
shll2
mov.l
mova
mov.l
mov.l
mov.l
jmp
mov.l
stc
bsr
add
add
add
bra
shlr2
cmp/ge
bt
mov
cmp/ge
bt
mov
cmp/ge
bt
mov
bra
nop
cmp/gt
bf
mov
cmp/gt
bf
mov
cmp/gt
bf
mov
bra
nop
mov
bra
shll16
mov.l
cmp/gt
bf
mov
cmp/gt
bf
mov
cmp/gt
bf
mov
add
mov.l
mov.l
mov.l
mov.l
mov.l
add
cmp/gt
bf
mov.l
add
mov.l
neg
mov.l
shlr8
mov.l
shlr2
shlr2
shll
mov.w
shar
add
mov.l
mov.l
dt
bt
bra
nop
rts
mov.b
stc
bsr
mov.l
stc
sts
mov.l
mov.b
mov.l
bra
lds.l
mov.l
mov.l
mov.l
mov.l
mov.l
mov.l
rts
mov.l
mul.l
mov.l
sts
add
mov.w
mov.w
mov.w
shll8
shll2
shll
mov.l
shll8
shll2
shll
mov.l
shll8
shll2
shll
mov.l
mov
add
clrmac
mac.l
mac.l
mac.l
add
mov.l
sts
sts
add
cmp/gt
bf
mov.w
mov.w
mov.l
mov.l
mov
mov.l
clrmac
mac.l
mac.l
mac.l
add
mov.l
sts
sts
clrmac
mac.l
add
mac.l
mac.l
mov.l
sts
sts
add
rts
add
stc
bsr
mov.w
mov.l
dmuls.l
neg
sts
dmuls.l
mov.l
sts
mov.l
add
mov.w
cmp/gt
bt
mov.w
cmp/gt
bt
mov.w
cmp/gt
bt
mov.w
cmp/gt
bt
mov.l
mov.l
mov.l
mov.l
rts
nop
and
mov.l
shll2
shll2
add
mov.l
cmp/pz
bf
cmp/eq
bf
mov.l
mov.l
mov.l
mov.l
mov.l
add
mov.l
jmp
add
shal
rts
nop
