mov.l
mov.l
sts.l
add
mov.b
mov.l
mov.b
tst
mov.l
mov.l
tst
or
mov.l
mov.l
mov.b
mov.l
or
tst
or
tst
bt
add
lds.l
mov.l
bra
mov.l
mov.l
mul.l
mov
mul.l
mul.l
mov
mov.l
mov.w
mov.l
cmp/hs
bt.s
mov
mov.l
jsr
mov
mov.l
jsr
nop
mov.l
jsr
nop
mov
mov.w
mov.l
mov.l
jsr
mov
mov
mov.w
mov.l
jsr
mov
mov.l
mov
mov.w
jsr
mov
mov.l
mov.w
mov.w
jsr
mov
mov.b
mov.l
jsr
extu.b
extu.b
mov.l
mov.b
mov
mov.l
mov.b
mov
mov.l
mov.b
exts.b
mov.l
mov.b
bra
nop
mov.l
mov.w
add
lds.l
mov.l
bra
mov.l
add
lds.l
mov.l
rts
mov.l
