mov.l
mov.l
mov.l
mov.l
sts.l
mov
mov
mov.l
mov.l
mov.l
mov.l
mov
mov
mov.w
add
cmp/hs
mov.w
bf.s
add
mov.l
mov
mov.l
mov.l
mov.l
mov.l
mov.l
mov.l
mov.l
mov.l
mov.l
mov.l
mov.l
mov.l
mov.l
mov.l
mov.l
mov.l
mov.l
mov
mov.l
mov.w
mov.l
mov.w
mov
and
add
add
mov.w
mul.l
extu.w
add
mov.w
sts
shll
add
mov.w
add
cmp/hs
bf
mov
mov.l
mov.l
mov.l
mov
mov.w
mov
mov.w
mov
extu.w
cmp/pl
bf.s
add
mov.w
add
cmp/pl
mov.w
bt.s
add
add
cmp/gt
bf
mov.l
mov.l
mov
mov.l
mov.l
mov.l
mov.l
mov.l
mov.l
mov.l
mov.l
mov.l
mov.l
mov.l
mov.l
mov.l
mov.l
mov.l
mov.l
mov
mov
mov.w
extu.w
shll
mov.l
mov.w
extu.w
shlr2
shlr2
shlr
and
mov
add
mov.l
add
mov.w
mov
add
mov.w
mov.w
mul.l
extu.w
shll
sts
add
sts
add
mov.l
mov.w
cmp/hs
bf.s
mov.w
mov
mov.l
mov.l
mov.l
mov
mov.w
mov
mov.w
mov
extu.w
cmp/pl
bf.s
add
mov.w
add
cmp/pl
mov.w
bt.s
add
add
cmp/gt
bf
mov.l
mov.l
mov
mov.l
mov.l
mov.l
mov.l
mov.l
mov.l
mov.l
mov.l
mov.l
mov.l
mov.l
mov.l
mov.l
mov.l
mov.l
mov.l
mov
mov
mov.w
extu.w
mov
add
mov.l
mov.b
shlr2
and
mov
add
mov.l
add
mov.w
mov
add
mov.w
mov.w
mul.l
extu.w
shll
sts
add
sts
add
mov.l
mov.w
cmp/hs
bf.s
mov.w
mov
mov.l
mov.l
mov.l
mov
mov.w
mov
mov.w
mov
extu.w
cmp/pl
bf.s
add
mov.w
add
cmp/pl
mov.w
bt.s
add
add
cmp/gt
bf
mov.l
lds.l
mov.l
mov.l
mov.l
rts
mov.l
