mov.l
mov.l
mov.l
mov
mov.l
mov.l
mov.l
mov
mov.l
sts.l
mov.l
mov.l
mov.l
mov.l
mov.b
tst
bt.s
mov
bra
nop
mov.l
mov.w
mov.w
extu.w
and
tst
bf
bra
nop
mov
mov.l
mov.l
and
tst
bf.s
mov
mov.w
extu.w
cmp/gt
mov
cmp/ge
add
neg
and
tst
bt
exts.b
mov.b
extu.b
mov.l
jsr
extu.b
add
extu.b
cmp/ge
bf
exts.w
mov.w
mov
mov.w
extu.w
cmp/gt
bf.s
mov
mov
extu.b
bra
mov.w
mov.w
extu.w
cmp/ge
mov
cmp/ge
add
neg
and
tst
bt
mov.b
exts.w
mov.w
mov.w
extu.w
add
extu.w
mov.w
bra
nop
mov.l
mov.l
mov.l
mov.l
mov.l
mul.l
mov
add
mov.w
extu.w
cmp/gt
mov
cmp/ge
add
neg
and
tst
bt
exts.b
mov.b
extu.b
mov.l
jsr
extu.b
add
extu.b
cmp/ge
bf
exts.w
mov.w
mov
mov.w
extu.w
cmp/gt
bf.s
mov
mov
extu.b
bra
mov.w
mov.w
extu.w
cmp/ge
mov
cmp/ge
add
neg
and
tst
bt
mov.b
exts.w
mov.w
mov.w
extu.w
add
extu.w
mov.w
mov.l
mov.b
tst
bt
mov.l
jsr
nop
bsr
nop
mov.l
jsr
nop
mov.l
mov
mov.l
mov
add
shll2
shll
add
extu.b
mov.l
mov
shll2
shll2
shll2
shll2
add
exts.w
add
mov.l
tst
xor
mov.l
cmp/eq
add
mov.l
neg
and
cmp/eq
add
neg
and
tst
bt
extu.b
add
shll2
shll
add
mov
mov
mov.w
bra
mov
extu.b
add
shll2
shll
add
mov
mov.w
mov
mov
add
extu.b
cmp/ge
bf.s
mov.w
lds.l
mov.l
mov.l
mov.l
mov.l
mov.l
mov.l
rts
mov.l
