mov.l
mov.l
mov.l
mov.l
mov.l
shll
mov
add
shll2
add
tst
bt.s
mov.l
mov.l
mov.l
mov.l
cmp/ge
bt
mov.l
cmp/pl
bf
mov.l
mov.w
mov.l
mov.l
mov.l
mov.l
mov.l
mov.l
mov.l
exts.b
shll2
mov
shll2
shll2
shll
add
exts.b
add
mov.l
mov.l
cmp/hs
bt
mov.l
mov.l
tst
bt
mov.l
exts.b
mov
shll2
shll2
shll
add
exts.b
add
mov.l
shll2
mov.l
mov.l
rts
nop
