mov.l
mov.l
mov.l
mov.l
mov.l
mov.l
mov.l
sts.l
mov.l
mov.l
mov.l
add
shlr16
shlr2
shlr2
shlr
mov.l
mov.l
sub
shlr16
shlr2
shlr2
shlr
shll2
shll2
shll2
add
mov.l
mov.l
cmp/eq
bf
mov.l
mov
mov.l
xor
mov.w
tst
bt
cmp/eq
bt
bra
add
mac.l
mul.l
mov
mov.l
mov.l
mov.l
mov.l
mov.w
mov.l
mov
cmp/gt
bt
shll
mov.l
add
mov.l
mov.w
mov.w
bra
mov.w
mov.b
mul.l
mov
mov.l
mov.l
mov.l
cmp/eq
xor
mov.l
tst
bt
bra
mov
mov
shll2
mov.l
add
mov.w
extu.w
mov.w
mov
cmp/pl
bt
mov
mov
bra
mov
mov.b
mov.b
mov.l
mov.w
mov
mov.l
muls.w
sts
add
mov.l
add
mov
mov.l
shll16
mov.l
shll8
dmuls.l
mov.l
mov.l
sts
sts
tst
add
bf
add
mov.w
tst
bt
cmp/pl
bf
add
bra
add
sts
mov.b
cmp/pz
bt
add
bra
add
mov
mov.l
mov.l
shll
dmuls.l
mov.l
mov.l
sts
sts
tst
add
bf
add
mov.w
tst
bt
cmp/pl
bf
add
bra
add
cmp/pz
bt
add
bra
add
mov.l
mov.l
shll
dmuls.l
mov.l
mov.l
sts
sts
tst
add
bf
add
mov.w
tst
bt
cmp/pl
bf
add
bra
add
cmp/pz
bt
add
bra
add
mov.l
mov.l
shll
dmuls.l
mov.l
mov.l
sts
sts
tst
add
bf
add
mov.l
tst
bt
cmp/pl
bf
add
bra
add
cmp/pz
bt
add
bra
add
mov.l
add
mov.l
mov.w
and
mov
mov.w
mov
cmp/eq
bt
add
mov.w
mov.l
mov
mov
mov
mov.l
jsr
mov.l
mov.l
mov.w
mov.l
mov.l
mov.l
cmp/pl
bt
mov.w
bra
mov.l
mac.l
mov.b
sts
mov.b
stc
mov
mul.l
mov
mov.l
mov.l
mov.l
shll
mov.l
add
mov.w
extu.w
mov.l
lds.l
mov.l
mov.l
mov.l
mov.l
mov.l
mov.l
rts
mov.l
