mov.l
mov.l
mov.l
mov.l
mov.l
sts.l
add
mov.l
mov.l
mov.l
mov.l
bsr
mov.l
mov
mov.l
mov.w
extu.w
cmp/eq
bt.s
add
mov.w
mov.l
cmp/pl
bt
mov.w
mov.l
cmp/pl
bf
bsr
mov
bra
nop
mov.b
clrs
stc
add
mul.l
mov
mul.l
mov
mul.l
add
mov.l
mov.l
mov
mov.b
tst
bf
mov.w
mov.l
cmp/pl
bt
mov.w
mov.b
tst
bf
mov
mov.l
cmp/gt
bt
mov.w
mov
mov.l
cmp/ge
bt
bsr
mov
mov.w
mov.l
cmp/pl
bf
mov.w
mov.l
add
mov.l
bsr
mov
mov.l
add
bra
mov.l
mov
bsr
mov
bra
nop
mov
bsr
mov
mov.l
mov.w
extu.w
cmp/eq
bf
mov.w
mov.l
jsr
mov.l
mov.w
add
mov.l
mov
bsr
mov
mov.l
mov.l
mov.l
mov.l
and
tst
bf
mov.w
mov
mov.l
mov.w
mov.w
mov.l
mov.l
add
add
jsr
neg
mov.w
mov.l
jsr
mov.l
mov.l
add
mov.l
mov.w
mov.l
jsr
mov.l
mov.l
add
mov.l
mov
bra
mov.l
mov.b
mov.b
mov.b
mul.l
mov
add
mul.l
mov
stc
add
bsr
mov
mov
bsr
mov
mov
mov
mov.l
add
mov.l
mov.l
mov.l
jsr
mov.l
mov
mov.l
mov.l
jsr
mov.l
add
lds.l
mov.l
mov.l
mov.l
mov.l
rts
mov.l
