mov.l
mov.l
mov.l
mov.l
mov.l
mov.l
mov.l
mov.l
mov.l
mov.l
mov.l
mov.l
mov.l
mov.l
mov.l
mov.l
mov
mov
mov
mov.l
mov.l
shlr
mov
mov.w
and
cmp/eq
bf
mov.b
extu.b
or
mov
mov
mov
and
cmp/pl
bf
mov.b
extu.b
mov.b
add
mov.b
add
bra
and
stc
mac.l
mov.b
extu.b
mov.b
extu.b
mov
or
cmp/eq
bt
mov
mov.w
or
shll8
or
add
mov
mov
and
shar
shar
shar
shar
add
mov
mov
mov
add
and
mov.b
mov.b
add
mov.b
add
and
add
cmp/gt
bt
bra
nop
mov.l
mov.l
mov.l
mov.l
mov.l
mov.l
mov.l
mov.l
mov.l
mov.l
mov.l
mov.l
mov.l
mov.l
mov.l
rts
nop
