sts.l
mov.l
mov.l
mov
mov.l
mov.w
mov.l
add
mov.l
mov.l
shll2
add
mov.w
tst
bt
mov.l
mov.w
add
mov.w
cmp/gt
bt
mov.w
cmp/gt
bt
mov
mov.l
shll16
cmp/ge
bt
mov.l
mov.w
tst
bf
or
mov.l
mov.l
jsr
mov
bra
nop
mov.b
shll
mul.l
mov
mov.l
mul.l
mov
stc
stc
bra
mac.l
add
tst
add
bf
mov.l
mov.w
tst
bt
not
and
mov.l
mov.l
jsr
mov
mov.w
add
mov.w
mov.l
mov.w
cmp/gt
bt
mov
bra
nop
shll
mov.b
mov.b
bra
mac.l
cmp/gt
bt
mov
sub
shll8
mov.w
bsr
shlr
mov
mov
cmp/gt
bt
mov
bra
nop
mov.l
cmp/gt
bt
mov
mov
jsr
mov
mov.l
mov.b
mov.w
add
mov.l
tst
bf
mov.w
add
mov.w
tst
bt
cmp/eq
bf
mov.l
tst
bt
mov.l
bra
nop
mov.b
mov.l
mov.w
mov.l
bra
mov.l
bra
mac.w
cmp/eq
mov.l
bf
tst
bt
mov.l
jsr
mov
mov.l
mov.b
mov.w
add
mov
mov.l
cmp/eq
bf
tst
mov.l
bt
mov.l
jsr
mov
mov.l
mov.b
tst
bt
cmp/eq
add
mov
bt.s
mov.b
mov.l
tst
bt
mov.w
mov
mov.l
extu.b
cmp/ge
bt
mov
mov.b
mov
jsr
mov
mov.w
mov.l
cmp/pz
bt
neg
shlr8
mov
shlr2
cmp/ge
bt
mov
jsr
mov
lds.l
mov.l
mov.l
rts
mov.l
