mov.l
mov.l
mov.l
mov
mov.l
mov
mov.l
mov
mov.l
sts.l
mov.l
mov.w
mov.l
mov.l
jsr
mov
tst
bf
bra
mov
mov.l
mov.l
jsr
mov
tst
bf
bra
mov
bsr
bsr
mov.b
mov.w
mov.w
mov.b
mov.w
mov.w
mov
cmp/ge
bt.s
add
mov
mov
add
jsr
mov
tst
bf
bra
mov
mov.b
mov
extu.b
and
tst
bt
bra
nop
add
cmp/ge
bf.s
add
mov
lds.l
mov.l
mov.l
mov.l
mov.l
mov.l
rts
mov.l
