mov.l
sts.l
mov.l
jsr
nop
mov.l
jsr
nop
mov.l
mov.l
mov.l
mov.l
jsr
mov.l
mov.l
mov.l
jsr
mov.w
mov.l
jsr
mov
mov.l
jsr
mov
mov.l
mov
mov.l
cmp/ge
bf
mov.w
mov.l
jsr
nop
mov.l
mov.l
mov.l
mov.l
mov.l
mov.l
add
shll2
add
jsr
mov.l
mov.l
mov.l
mov.l
mov.l
mov.l
mov.l
mov.w
mov.l
add
shll2
add
jsr
mov.l
lds.l
mov.l
jmp
mov.l
