sts.l
add
mov.l
mov.l
mov.w
mov.l
mov.l
mov.l
mov
shll2
shll2
shll
shll2
add
add
mov.l
mov.l
mov
mov.l
sub
cmp/pz
bt
mov.l
mov
sub
bra
nop
mov
mov.l
mov.l
mov.l
mov.l
mov.l
mov.l
sub
cmp/pz
bt.s
mov.l
mov.l
mov.l
sub
bra
nop
mov.l
mov
mov.l
add
mov.l
mov
jsr
mov.l
mov
mov.l
mov.l
mov.l
mov.l
mov
shll2
add
sub
mov.l
mov.l
mov.l
tst
bt
mov.l
mov.l
mov.l
sub
mov.l
mov.l
mov.l
mov.l
add
lds.l
rts
nop
