mov.l
mov.l
mov.l
mov.l
mov.l
mov.l
mov.l
sts.l
sts.l
add
mov.w
mov.l
mov.l
mov.l
mov.l
mov.l
mov.l
bra
mov.l
mov
mov.l
mov.w
mov
and
mov
mov.w
mov.w
bra
or
mov
mov.w
and
mov.w
mov.w
mov.w
mov
or
mov
bra
mov.w
bra
nop
cmp/eq
bt
cmp/eq
bt
bra
nop
mov.b
mov.b
mov.b
sts
sub
mov.l
sub
bsr
mov.l
mov.l
bsr
mov.l
exts.b
mov.l
mov
shll2
shll2
shll2
shll
add
exts.b
mov.l
add
mov
add
mov.l
mov.l
mov.l
mov
add
mov.l
mov.l
mov.l
mov
add
mov.l
mov.l
mov.l
mov
add
mov.l
mov.l
mov.l
mov
add
mov.l
mov.l
mov.l
mov
add
mov.l
mov.l
mov.l
mov.l
mov.l
mov.l
mov.l
jsr
mov.l
mov.l
mov.l
jsr
mov.l
mov.l
add
mov.l
mov.l
mov.l
mov.l
mov.l
jsr
mov.l
neg
mov.l
mov.l
jsr
mov.l
mov.l
add
mov.l
mov.l
mov.l
mov.l
mov.l
jsr
mov.l
mov.l
mov.l
jsr
mov.l
mov.l
add
mov.l
mov.l
mov.l
mov.l
mov.l
jsr
mov.l
neg
mov.l
mov.l
jsr
mov.l
mov.l
add
mov.l
mov.l
mov.l
mov.l
mov.l
jsr
mov.l
mov.l
mov.l
bra
mov.l
sts
mov.l
mov.b
jsr
nop
mov.l
add
mov.l
mov.l
mov.l
mov.l
mov.l
jsr
mov.l
neg
mov.l
mov.l
jsr
mov.l
mov.l
extu.w
add
mov.l
shll2
mov.l
shll2
shll2
shll
mov.l
add
mov.l
mov.l
mov.l
mov.l
mov.l
mov.l
mov.l
mov.l
mov.l
mov.l
mov.l
mov.l
mov.l
mov.l
mov.l
mov
mov.w
mov
mov.w
mov
sub
mul.l
mov.l
mov
sts
mov.l
mov.w
mov
mov.w
mov
sub
mul.l
mov.l
sts
add
mov.l
mov.l
mov.w
mov
mov.l
mov.w
mov.l
sub
mov
add
mul.l
exts.w
sts
mov.l
add
jsr
mov.l
mov
mov.l
mov.l
mov.l
mov
mov.l
add
jsr
mov.l
mov.l
jsr
nop
add
extu.w
mul.l
shll2
sts
mov.l
neg
mov.l
add
mov.l
mov.l
add
mov.l
mul.l
sts
sub
mov.l
mov.l
mov.l
mov.l
tst
bf
bra
nop
extu.w
shll2
shll2
shll2
shll
mov.l
add
mov.l
mov.l
add
mov
mov.l
extu.w
shll2
mov.l
mov.l
add
bra
nop
sts
sub
mov.l
mov.l
mov.l
sts
sts
mov.b
mov.l
bsr
mov.l
mov
add
mov.l
mov.l
bsr
mov.l
mov
add
mov
mov.l
mov.l
mov.l
mov.w
add
mov.l
extu.w
exts.b
shll2
mov
add
shll2
shll2
mov.l
shll2
extu.w
shll
shll2
add
shll2
exts.b
mov.l
shll2
add
add
mov.l
shll
mov.l
add
mov.l
mov.w
muls.w
sts
exts.w
mov.l
add
bra
mov.l
mov.l
mov
mov
mov.l
mov.l
mov.w
sub
mov.w
add
mul.l
mov.l
sts
add
mov.l
mov.l
jsr
mov
tst
bt
mov.l
jsr
mov
neg
cmp/gt
bt
mov.l
jsr
mov
neg
cmp/pz
bt
mov
shll
mov.l
add
bra
nop
mov
mov.l
shll
add
mov.l
mov.l
jsr
mov
neg
shar
shar
shar
shar
shar
shar
extu.w
mov.w
and
extu.w
mov.l
bra
mov.w
add
sts
sts
mov.l
sts
sub
sts
sub
mov
shll
mov.l
add
extu.w
mov.w
add
mov.l
mov.l
cmp/hs
bf
bra
nop
extu.w
mov.l
shll2
mov.l
mov
cmp/eq
bt
tst
bt
extu.w
extu.w
mov.l
shll2
shll2
shll2
mov.l
shll2
add
shll
mov.l
add
mov
cmp/gt
shar
jsr
mov.l
mov.l
mov.l
mov.l
mov
mov.l
add
jsr
mov.l
mov.l
jsr
nop
mov.l
add
mov
add
bra
mov.l
sts
sts
sub
mov.l
mov.l
mov.l
extu.w
shll2
shll2
shll2
shll
mov.l
add
mov.l
mov
mov.l
extu.w
mov.l
shll2
shll2
shll2
shll
add
mov
mov.l
add
mov.l
bsr
mov
mov.l
mov.l
mov
mov.l
add
mov.l
bsr
mov
extu.w
mov
mov.l
shll2
mov.l
mov.l
mov.l
add
mov.w
extu.w
add
mov.l
extu.w
exts.b
shll2
mov
add
shll2
shll2
mov.l
shll2
shll
add
exts.b
mov.l
add
add
mov.l
extu.w
shll2
shll2
shll2
shll
mov.l
add
mov.l
mov.w
muls.w
sts
exts.w
mov.l
add
bra
mov.l
mov
mov
mov.l
mov.l
mov.w
sub
mov.l
mov.l
mul.l
sts
add
mov.l
mov.l
jsr
mov
tst
bt
mov.l
jsr
mov
neg
cmp/gt
bt
mov.l
jsr
mov
neg
cmp/pz
bt
mov
shll
mov.l
add
bra
nop
sts
sub
sts
mov.l
cmp/eq
sts
mov.l
sts
sub
mov
mov.l
shll
add
mov.l
mov.l
jsr
mov
neg
shar
shar
shar
shar
shar
shar
extu.w
mov.w
and
extu.w
mov.l
bra
mov.w
mov
shll
mov.l
add
extu.w
mov.w
add
mov.l
mov.l
cmp/hs
bf
extu.w
shll
mov.l
add
mov
mov.w
add
lds.l
lds.l
mov.l
mov.l
mov.l
mov.l
mov.l
mov.l
rts
mov.l
