mov.l
mov.l
mov.l
mov.l
mov.l
mov
mov.l
mov
mov.l
sts.l
mov.l
mov.l
mov.l
mov.l
mov.b
tst
bt.s
mov
bra
mov.b
bsr
nop
mov.l
mov.l
mov.b
extu.b
mov
shll2
shll2
shll
add
bsr
add
extu.b
mov
cmp/ge
bf
bsr
nop
mov.b
mov.l
extu.b
add
mov.b
mov
jsr
mov.b
bra
nop
mov
mov.b
mov.l
extu.b
add
mov.b
mov
cmp/ge
bf
add
mov.b
mov.l
extu.b
extu.b
add
mov.b
bsr
nop
lds.l
mov.l
mov.l
mov.l
mov.l
mov.l
mov.l
bra
mov.l
