mov
mov.l
mov
shll2
shll2
add
mov.l
mov.l
and
cmp/eq
bf
mov
shll2
shll2
add
mov.l
mov.l
mov
mov.l
and
cmp/eq
bf
mov
shll2
shll2
add
mov.l
mov.l
mov
mov.l
shll2
and
shll2
add
cmp/eq
bf.s
mov.l
mov.l
and
mov.l
shll8
shll2
shll2
shll2
or
mov.l
and
cmp/eq
bf
mov.w
and
mov.l
shll8
shll2
shll2
or
mov.l
and
cmp/eq
bf
mov.w
and
mov.l
or
mov.l
and
cmp/eq
bf
mov.w
and
mov.l
or
mov
mov
mov.l
and
and
cmp/eq
bf.s
and
mov
and
mov.l
or
mov.l
mov.w
and
mov
cmp/eq
bf
mov
and
mov.l
mov.w
mov.l
and
cmp/eq
bf
mov.w
add
mov.l
extu.b
mov.b
rts
nop
