mov.l
mov
mov.l
mov
mov.l
mov.l
mov.l
mov
mov.l
mov
mov.l
sts.l
mov.l
mov.l
mov.l
mov.l
mov.l
mov.l
mov.l
mov
jsr
mov
mov.w
mov.l
mov
extu.w
and
extu.w
mov.w
mov
mov
mov.l
jsr
mov
mov.w
mov.l
mov
extu.w
and
extu.w
mov
mov.w
mov.w
and
tst
bt
extu.b
cmp/ge
bt
mov
mov
mov.l
jsr
mov
mov.w
mov
extu.w
and
or
extu.w
mov.w
mov
mov.w
mov.l
jsr
mov
mov.w
extu.w
and
extu.b
or
extu.w
bra
mov.w
sts
sts
sts
sts
sts
shll8
mov
mov
mov.l
jsr
mov
mov.w
mov
extu.w
and
extu.w
mov
mov.w
mov.w
and
tst
bt
extu.b
cmp/ge
bt
mov
mov
mov.l
jsr
mov
mov.w
mov
extu.w
and
or
extu.w
mov.w
mov
mov.w
mov.l
jsr
mov
mov.w
extu.w
and
extu.b
shll8
or
extu.w
bra
mov.w
mov
mov
mov.l
jsr
mov
mov.w
mov
extu.w
and
extu.w
mov
mov.w
mov.w
and
tst
bt
extu.b
cmp/ge
bt
mov
mov
mov.l
jsr
mov
mov.w
mov
extu.w
and
or
extu.w
mov.w
mov
mov.w
mov.l
jsr
mov
mov.w
mov
extu.w
and
extu.b
or
extu.w
mov
bra
mov.w
mov
mov
mov.l
jsr
mov
mov.w
mov
extu.w
and
extu.w
mov
mov.w
mov.w
and
tst
bt
extu.b
cmp/ge
bt
mov
mov
mov.l
jsr
mov
mov.w
mov
extu.w
and
or
extu.w
mov.w
mov
mov.w
mov.l
jsr
mov
mov.w
extu.w
and
extu.b
shll8
or
extu.w
bra
mov.w
mov
mov
mov.l
jsr
mov
mov.w
mov
extu.w
and
extu.w
mov
mov.w
mov.w
and
tst
bt
extu.b
cmp/ge
bt
mov
mov
mov.l
jsr
mov
mov.w
mov
extu.w
and
or
extu.w
mov.w
mov
mov.w
mov.l
jsr
mov
mov.w
mov
extu.w
and
extu.b
or
extu.w
mov
bra
mov.w
mov
mov
mov.l
jsr
mov
mov.w
mov
extu.w
and
extu.w
mov
mov.w
mov.w
and
tst
bt
extu.b
cmp/ge
bt
mov
mov
mov.l
jsr
mov
mov.w
mov
extu.w
and
or
extu.w
mov.w
mov
mov.w
mov.l
jsr
mov
mov.w
extu.w
and
extu.b
shll8
or
extu.w
bra
mov.w
mov
mov
mov.l
jsr
mov
mov.w
mov
extu.w
and
extu.w
mov
mov.w
mov.w
and
tst
bt
extu.b
cmp/ge
bt
mov
mov
mov.l
jsr
mov
mov.w
mov
extu.w
and
or
extu.w
mov.w
mov
mov.w
mov.l
jsr
mov
mov.w
mov
extu.w
and
extu.b
or
extu.w
mov
bra
mov.w
mov.l
mov.b
shll
mov
mov
mov.l
jsr
mov
mov.w
mov
extu.w
and
extu.w
mov
mov.w
mov.l
and
tst
bt
extu.b
cmp/ge
bt
mov
mov
mov.l
jsr
mov
mov.w
mov
extu.w
and
or
extu.w
mov.w
mov
mov.w
mov.l
jsr
mov
mov.w
extu.w
and
extu.b
shll8
or
extu.w
bra
mov.w
mov
mov
mov.l
jsr
mov
mov.w
mov
extu.w
and
extu.w
mov
mov.w
mov
and
tst
bf
mov
and
tst
bt
extu.b
cmp/ge
bt
mov
mov
mov.l
jsr
mov
mov.w
mov.l
mov
extu.w
and
or
extu.w
mov.w
mov
mov.w
mov.l
jsr
mov
mov.w
extu.w
and
extu.b
or
extu.w
bra
mov.w
mov.b
mov
mov
mov.l
jsr
mov
mov.w
mov
extu.w
mov.l
and
extu.w
mov
mov.w
mov
and
tst
bf
mov.w
and
tst
bt
extu.b
cmp/ge
bt
mov
mov
mov.l
jsr
mov
mov.w
mov.l
extu.w
and
or
mov.w
mov
mov.w
mov.l
jsr
mov
mov.w
extu.w
and
extu.b
shll8
or
extu.w
bra
mov.w
mov
mov
mov.l
jsr
mov
mov.w
mov
extu.w
mov.l
and
extu.w
mov
mov.w
mov
and
tst
bt
extu.b
cmp/ge
bt
mov
mov
mov.l
jsr
mov
mov.w
mov.l
extu.w
and
or
mov.w
mov
mov.w
mov.l
jsr
mov
mov.w
mov
extu.w
and
extu.b
or
extu.w
mov
bra
mov.w
mov
mov
mov.l
jsr
mov
mov.w
mov
extu.w
mov.l
and
extu.w
mov
mov.w
mov
and
tst
bt
extu.b
cmp/ge
bt
mov
mov
mov.l
jsr
mov
mov.w
mov.l
extu.w
and
or
mov.w
mov
mov.w
mov.l
jsr
mov
mov.w
extu.w
and
extu.b
shll8
or
extu.w
bra
mov.w
mov
mov
mov.l
jsr
mov
mov.w
mov
extu.w
mov.l
and
extu.w
mov
mov.w
and
tst
bt
mov.l
extu.b
cmp/ge
bt
mov
mov
mov.l
jsr
mov
mov.w
extu.w
and
or
mov.w
mov
mov.w
mov.l
jsr
mov
extu.b
mov
bra
mov.w
mov
mov
mov.l
jsr
mov
mov.w
mov
extu.w
and
extu.w
mov
mov.w
lds.l
mov.l
mov.l
mov.l
mov.l
mov.l
mov.l
rts
mov.l
