sts.l
shll2
shll2
mov.l
shll2
shll2
add
exts.w
add
mov.l
mov.l
add
mov.l
mov
mov.l
mov.l
jsr
sub
mov.l
cmp/gt
xor
mov.l
mov.b
extu.b
tst
and
tst
bt
extu.b
mov.l
mov.b
mov
shll2
shll2
shll2
shll2
add
exts.w
add
mov.l
mov.l
mov.l
mov.l
jsr
mov
mov.l
mov
extu.b
cmp/ge
xor
extu.b
mov
shll2
shll2
shll2
shll2
add
exts.w
add
mov.l
mov.l
cmp/gt
add
neg
and
tst
bt
extu.b
mov
shll2
shll2
shll2
shll2
add
exts.w
add
mov.l
mov.l
bra
extu.b
mov.l
mov.w
bsr
extu.b
cmp/ge
extu.b
mov
shll2
shll2
shll2
shll2
add
exts.w
add
mov.l
mov.l
cmp/ge
and
tst
bt
extu.b
mov
shll2
shll2
shll2
shll2
add
exts.w
add
mov.l
mov.l
extu.b
mov.l
mov.b
tst
bt
extu.b
mov.w
mov
shll2
shll2
shll2
shll2
add
exts.w
add
mov.l
add
mov.l
mov
cmp/pz
bf
extu.b
mov
shll2
shll2
shll2
shll2
add
exts.w
add
mov
mov.l
bsr
extu.b
extu.b
tst
bt
extu.b
mov
shll2
shll2
shll2
shll2
add
exts.w
add
mov
mov
mov.b
lds.l
mov.l
mov.l
mov.l
mov.l
rts
mov.l
