mov.l
mov.l
mov.l
mov.l
mov.l
mov.l
mov.l
sts.l
add
mov.l
mov.l
mov.l
mov.l
mov.l
mov.l
mov.l
mov.l
mov.l
mov.l
jsr
mov.l
mov.l
jsr
nop
mov.l
mov.l
mov.l
mov.l
jsr
add
mov.l
mov.l
jsr
mov
mov.l
mov.l
jsr
mov
mov.l
mov.l
jsr
mov
mov.l
mov.l
jsr
mov
mov.l
mov.l
mov.l
jsr
nop
mov.l
mov.l
mov.l
jsr
nop
mov.l
mov.l
mov.l
jsr
nop
mov.l
mov.l
mov.l
jsr
nop
mov.l
add
mov.l
mov.l
mov.l
add
mov.l
mov.l
add
mov.l
mov.l
add
mov.l
mov.l
mov.l
add
mov.l
mov.l
add
mov.l
mov.l
add
mov.l
mov.l
mov.l
add
mov.l
mov.l
add
mov.l
mov.l
add
mov.l
mov.l
mov.l
add
mov.l
mov.l
add
mov.l
mov.l
mov.l
add
mov.l
mov.l
add
mov.l
mov.l
mov.l
add
mov.l
mov.l
add
bra
nop
mov.l
sub
mov.l
add
mov.l
mov.l
cmp/eq
mul.l
mov
stc
extu.b
stc
extu.b
mov.l
cmp/eq
stc
exts.b
mov.b
stc
extu.b
mov.b
mov.b
mov.b
mov.l
add
mov.b
mov.l
cmp/eq
mov.b
mov.l
sub
mov.b
mov.l
mov.b
mov.l
mov
mov.l
add
mov.l
add
mov.l
mov.l
add
mov.l
mov.l
mov.l
add
mov.l
mov.l
add
mov.l
mov.l
mov.l
mov.l
jsr
mov.l
mov
mov
mov.l
jsr
mov.l
mov
add
mov.l
mov.l
mov.l
jsr
mov.l
mov
mov
mov.l
jsr
mov.l
mov
add
mov.l
mov.l
mov.l
jsr
mov.l
mov
mov
mov.l
jsr
mov.l
mov
add
mov.l
mov.l
mov.l
jsr
mov.l
mov
mov
mov.l
jsr
mov.l
mov
mov.l
mov.l
mov.l
add
add
mov.l
add
mov
shar
shar
mov.l
mov.l
mov.l
mov.l
jsr
add
mov.l
mov
add
add
mov.l
mov.l
mov.l
add
mov.l
mov.l
add
mov.l
mov.l
mov
add
mov.l
mov.l
mov.l
jsr
mov.l
mov
mov.l
mov.l
jsr
mov.l
mov.l
mov.l
cmp/eq
bt
mov.l
mov.l
cmp/eq
bf
mov.w
mov.w
mov.l
cmp/ge
bf
mov.l
mov.l
mov.l
mov.l
jsr
add
mov.l
bra
mov
mov.b
mov.b
mov.l
sub
mov.l
swap.b
stc
add
mov.b
stc
extu.b
mul.l
mov
mov.b
stc
add
stc
mov.l
mov.l
mov.l
mov.l
mov.l
add
mov.l
jsr
nop
mov.l
mov.l
mov.l
mov.l
add
mov.l
jsr
nop
mov.l
mov.l
mov.l
mov.l
add
mov.l
jsr
nop
mov
mov.l
mov.l
sub
mov.l
jsr
mov
mov.l
mov.l
mov.l
mov.l
mov.l
jsr
sub
mov.l
mov.l
mov.l
add
mov.l
add
lds.l
mov.l
mov.l
mov.l
mov.l
mov.l
mov.l
rts
mov.l
