mov.l
mov.l
mov.l
mov.l
mov.l
mov.l
mov.l
sts.l
mov
mov
mov
mov.l
mov.l
cmp/gt
bt
mov.l
mov.l
mov.l
bra
mov.l
mov.l
mov.l
mov.l
mov.l
mov.l
mov
sub
mov
sub
mov.l
sts.l
jsr
nop
lds.l
neg
exts.w
mov.l
mov.l
mov.w
extu.w
sub
extu.w
cmp/gt
bt.s
mov.l
sub
mov.w
sub
extu.w
extu.w
cmp/gt
bt.s
shlr8
sub
shlr
shll2
shlr8
shlr
shll2
mov.l
add
add
mov.l
sub
mov.l
add
cmp/pl
bt
bra
nop
mov.b
stc
add
mov.w
bsr
mov.l
mov.l
sub
extu.w
mov.w
cmp/ge
bt
mov
shll
add
cmp/ge
bt
mov.l
mov.l
mov.l
add
cmp/ge
bt
mov.l
mov.l
or
mov.l
bra
nop
shll
exts.b
mov.l
mov.l
mov.l
sub
cmp/ge
bt
mov.l
mov.l
or
mov.l
mov.l
sub
mov.w
extu.w
cmp/ge
bt
mov
shll
add
cmp/ge
bt
bra
nop
shll
exts.b
mov.l
mov.l
mov.l
mov
mov.l
jsr
nop
mov.l
mov.l
sub
dmuls.l
sts
sts
add
mov.l
mov.l
sub
mov.l
mov.l
shlr
mov
mov.l
neg
mov
mov.l
mov.l
mov.l
mov.l
mov.l
jsr
nop
mov
neg
mov.l
jsr
nop
dmuls.l
sts
sts
add
mov.l
dmuls.l
sts
sts
add
mov.l
mov.l
mov.l
add
neg
mov
mov.l
mov.l
mov.l
mov.l
mov.l
jsr
nop
mov
neg
mov.l
jsr
nop
dmuls.l
sts
sts
add
mov.l
dmuls.l
sts
sts
add
mov.l
lds.l
mov.l
mov.l
mov.l
mov.l
mov.l
mov.l
rts
mov.l
stc
add
stc
add
mov.b
mov.l
mov
sub
mov
sub
mov.l
sts.l
jsr
nop
lds.l
neg
exts.w
mov.l
mov.l
mov.w
extu.w
sub
extu.w
cmp/gt
bt.s
mov.l
sub
sub
extu.w
cmp/gt
bt.s
shlr8
sub
shlr
shll2
shlr8
shlr
shll2
mov.l
add
add
mov.l
sub
mov.l
add
cmp/pl
bt
bra
nop
mov.b
stc
add
mov.w
bsr
mov.l
mov.l
sub
extu.w
mov.w
cmp/ge
bt
mov
shll
add
cmp/ge
bt
mov.l
mov.l
mov.l
add
cmp/ge
bf
bra
nop
shll
exts.b
mov.l
mov.l
mov.l
or
or
mov.l
mov.l
bra
nop
mov.l
mov.l
mov.l
sub
cmp/ge
bt
mov.l
mov.l
mov.l
or
or
mov.l
mov.l
mov.l
sub
mov.w
extu.w
cmp/ge
bt
mov
shll
add
cmp/ge
bt
bra
nop
shll
exts.b
mov.l
mov.l
mov.l
mov.l
mov
mov.l
jsr
nop
mov.l
mov.l
sub
dmuls.l
sts
sts
add
mov.l
mov.l
sub
mov.l
mov.l
shlr
mov
mov.l
neg
mov
mov.l
mov.l
mov.l
mov.l
mov.l
jsr
nop
mov
neg
mov.l
jsr
