mov.l
mov.l
mov.l
mov.l
mov.l
mov.l
mov.l
sts.l
mov.l
mov.l
add
mov
mov.l
mov.w
cmp/gt
bf
mov.l
mov.l
mov
jsr
add
mov.l
mov.w
cmp/eq
bf
mov.l
mov.l
mov.l
mov.l
mov.l
mov.w
mov.l
bra
mov.l
mov
mov.l
jsr
mov
mov.l
jsr
mov
mov
mov.l
bra
mov
mov
mov.l
jsr
mov
mov.l
jsr
mov
mov
mov.l
bra
mov
mov
mov.l
jsr
mov
mov.l
jsr
mov
mov
mov
mov.l
jsr
mov
bra
nop
mov.l
mul.l
mov
mov.b
mov.l
mov.b
stc
mov.b
stc
stc
add
shll
mul.l
mov
mov.b
mov.l
mov.l
mov.l
mov.b
mov.l
mov.b
mov.l
mov.b
mov.b
mov.l
bra
mov.l
mov.l
cmp/eq
bt
cmp/eq
bt
cmp/eq
bt
mov.l
cmp/eq
bf
mov
mov.l
lds.l
mov.l
mov.l
mov.l
mov.l
mov.l
mov.l
rts
mov.l
