mov.l
mov.l
mov.l
mov
mov.l
mov.l
mov.l
mov
mov.l
sts.l
add
mov.l
mov.w
mov.l
mov.l
mov.l
jsr
mov.l
mov.l
tst
bt
mov.l
add
mov.b
mov.l
add
exts.b
mov.b
bra
nop
mov.l
add
mov.b
mov.l
add
exts.b
mov.b
mov
jsr
add
mov
add
mov.b
extu.b
bra
and
bra
mov
bra
mov
bra
mov
cmp/eq
bt
cmp/eq
bt
cmp/eq
bt
cmp/eq
bt
mov
mov
mov.l
mov.l
jsr
mov
mov
tst
bt
bra
mov
mov
bra
mov
mac.l
sts
mov.l
mov.b
mulu.w
mov.w
mov.l
jsr
mov.l
mov
mov.l
exts.w
and
tst
bt
bra
mov
mov
tst
bf
bra
nop
mov.l
mov.l
jsr
nop
add
mov.w
cmp/gt
bf
bra
mov
mov
jsr
add
mov
add
mov.b
extu.b
bra
and
bra
mov
bra
mov
cmp/eq
bt
cmp/eq
bt
cmp/eq
bt
cmp/eq
bt
tst
bt
mov.l
mov.w
mov.l
add
mov.l
jsr
mov
mov
tst
bt
bra
mov
mov.b
mov.l
mov.l
sts
mov
mov.l
add
jsr
mov
mov
mov
mov.l
add
add
mov.b
jsr
extu.b
mov
mov.l
add
mov.b
extu.b
add
shll2
mov.l
and
tst
bf
bra
mov
mov.w
mov.l
jsr
mov
mov.l
mov.l
mov.l
bra
nop
mov.l
mov.l
add
tst
bf.s
mov.l
bra
mov
mov
mov.l
mov.l
jsr
nop
mov
mov.l
exts.w
and
tst
bt
bra
mov
mov
tst
bt
mov.l
mov.l
mov.l
jsr
add
mov
add
lds.l
mov.l
mov.l
mov.l
mov.l
mov.l
mov.l
rts
mov.l
