mov.l
mov.l
mov.l
mov
mov
clrmac
mac.l
add
mac.l
add
dt
mac.l
add
add
sts
sts
mov.l
bf.s
add
add
dt
bf.s
add
mov
add
add
mov
clrmac
mac.l
mac.l
dt
mac.l
add
sts
sts
mov.l
add
mov.l
bf.s
add
add
add
mov.l
mov.l
mov.l
mov.l
mov.l
mov.l
mov.l
mov.l
mov.l
mov.l
mov.l
mov.l
mov.l
mov.l
mov.l
mov.l
mov.l
mov.l
mov.l
mov.l
mov.l
mov.l
mov.l
rts
mov.l
