mov.l
mov.l
sts.l
add
mov.l
mov.w
extu.w
mov.w
and
tst
bt.s
mov
mov.l
mov.b
add
mov.b
mov.l
mov.b
add
mov.b
mov.l
mov.b
mov.l
mov.l
mov.l
mov.l
mov.l
mov.l
or
jsr
mov.l
mov
mov.l
mov.b
mov
mov.l
mov.b
extu.b
cmp/ge
bt
mov.l
mov.w
mov.l
mov.l
mov
add
add
mov.b
mov.b
extu.b
extu.b
shll2
shll2
shll2
add
add
shll
mov
add
lds.l
mov.l
mov.l
jmp
mov.l
mov.l
mov.w
mov.l
mov.l
mov.l
mov.w
mov.l
mov.w
mov.w
mov.w
bsr
mov.b
stc
mov.b
mov.l
mov.w
mov.l
mov.b
mov.w
mov.b
mov.w
stc
mov.b
mov.l
mov.w
mov.l
mov.l
mov
mov
mov.l
add
add
mov.b
mov.b
extu.b
extu.b
shll2
shll2
shll2
add
add
mov.l
shll
jsr
mov
mov.b
mov
extu.b
cmp/gt
bf
extu.b
mov.b
add
lds.l
mov.l
rts
mov.l
