mov.l
mov.l
mov.l
mov.l
mov.l
mov.l
sts.l
mov.l
mov.l
mov.w
mov.l
mov
mov
mov.l
bra
mov.l
cmp/gt
bf
bra
mov
cmp/ge
bt
bra
mov
tst
bf
mov
cmp/gt
bf
bra
mov
cmp/ge
bt
bra
mov
tst
bf
mov
mov
jsr
mov
mov
mov
jsr
mov
bra
mov
cmp/eq
bt
cmp/eq
bt
cmp/eq
bt
cmp/eq
bt
mov.l
mov.l
mov.l
mov.l
bra
mov.l
mov.l
bra
mov.l
mov.l
bra
mov.l
shll
mac.l
mov.b
mov.l
sub
sts
sub
sts
sub
sts
sub
mov
mov
mov.l
mov
mov.l
mov.w
extu.w
tst
bt
mov
mov
mov
lds.l
mov.l
mov.l
mov.l
mov.l
mov.l
mov.l
jmp
mov.l
mov
mov.w
add
mov.l
mov
mov.l
mov.w
mov.l
mov
extu.w
and
tst
bt
mov
mov
mov
lds.l
mov.l
mov.l
mov.l
mov.l
mov.l
mov.l
jmp
mov.l
cmp/eq
bt
cmp/eq
bt
cmp/eq
bt
cmp/eq
bt
lds.l
mov.l
mov.l
mov.l
mov.l
mov.l
rts
mov.l
