sts.l
mov.l
mov.l
mov.l
mov.b
bra
extu.b
mov.l
mov.b
extu.b
add
mov.l
mul.l
sts
mov.l
add
bra
mov.b
mov.l
mov
shll
shll2
add
bra
nop
mov.l
mov
shll
shll2
shll2
add
bra
nop
mov.l
mov
shll
shll2
shll2
add
mov.l
add
mov
bra
mov.b
mov.l
mov
shll
shll2
shll
add
mov.l
add
mov
bra
mov.b
mov.l
mov
shll
add
mov.l
add
mov
bra
mov.b
mac.l
sts
sts
sts
mac.w
sts
mov.l
mov
shll
shll2
add
mov.l
add
mov
bra
mov.b
cmp/eq
bt
cmp/eq
bt
cmp/eq
bt
cmp/eq
bt
