mov.l
mov
mov.l
extu.b
extu.b
mov.l
mov.l
mov.l
mov.l
mov.l
sts.l
mov
mov.l
mov.l
mov.l
mov.l
mov.l
mov.b
mov.l
mov.b
mov.l
mov.b
extu.b
tst
bt.s
mov
bra
nop
mov
mov.b
extu.w
extu.b
mov
add
shll2
shll2
shll
add
extu.b
extu.w
add
mov.l
mov.w
mov.l
mov.w
extu.w
cmp/ge
bf
extu.w
extu.w
shll2
shll
add
mov.l
mov.w
extu.w
tst
bt
bra
nop
add
extu.w
cmp/ge
bf
extu.w
cmp/ge
bt
mov.l
jsr
nop
bra
nop
bra
extu.w
mov.l
mov.b
mov.l
mov.l
mov.l
mov.l
mov.l
mov.b
mov.l
mov.l
mov.l
mov.l
mov.l
stc
mov.l
extu.w
extu.b
extu.w
mov
shll2
shll2
shll2
shll
add
extu.b
add
shll
add
extu.w
shll2
shll
add
mov.w
mov
extu.w
mov.w
mov
extu.w
cmp/eq
bf
mov.l
extu.w
shll2
shll
add
mov.w
mov
mov.w
add
mov
extu.w
cmp/ge
bf
add
extu.w
cmp/ge
bf
extu.w
extu.w
shll2
shll
add
mov.l
mov.w
extu.w
tst
bt
bra
nop
add
extu.w
cmp/ge
bf
extu.w
cmp/ge
bt
lds.l
mov.l
mov.l
mov.l
mov.l
mov.l
mov.l
mov.l
jmp
mov.l
bra
extu.w
extu.w
extu.b
extu.w
mov
shll2
shll2
shll2
shll
add
extu.b
add
shll
add
add
extu.w
shll2
shll
add
mov.w
mov
extu.w
mov.w
mov
extu.w
cmp/eq
bf
mov.l
extu.w
shll2
shll
add
mov.w
mov
mov.w
add
extu.w
cmp/ge
bf
add
extu.w
cmp/ge
bf
lds.l
mov.l
mov.l
mov.l
mov.l
mov.l
mov.l
rts
mov.l
