mov.l
mov.l
mov.l
mov.l
sts.l
add
mov.l
mov.b
mov.l
jsr
mov
mov.l
mov.l
sub
mov.l
mov.l
mov.l
sub
mov.l
mov
mov.l
jsr
mov.l
mov.l
mov.l
sub
mov.l
mov
mov.l
mov.l
cmp/gt
bf
mov.l
mov.l
mov.l
mov.l
jsr
add
mov
mov.l
jsr
mov.l
mov
mov.l
mov.l
mov.l
mov.l
jsr
add
mov
mov.l
jsr
mov.l
mov
mov
mov.l
mov
mov.l
mov.l
sub
sub
mov.l
mov.l
mov.l
jsr
mov
bra
nop
mov
mov.l
mov
jsr
mov
mov
mov.l
mov.l
jsr
nop
mov.l
mov.l
cmp/gt
bt
mov.b
extu.b
add
lds.l
mov.l
mov.l
mov.l
bra
mov.l
add
lds.l
mov.l
mov.l
mov.l
rts
mov.l
