mov.l
mov.l
mov.l
mov.l
mov.l
mov.l
mov.l
sts.l
add
mov.l
mov.l
mov.l
mov.l
mov.l
shll2
shll
mov.l
mov.l
mov.l
shll
add
shll2
mov.l
mov.l
mov.l
mov.l
shll2
shll2
mov.l
mov.l
mov.l
shll2
mov
add
shll2
mov.l
mov
mov.l
add
shll2
mov.l
mov
mov.l
add
shll2
mov.l
mov.l
mov.l
mov.l
mov.l
add
shlr16
shlr2
shlr2
shlr
mov.l
neg
add
add
mov
shlr16
shlr2
shlr2
shlr
mov
mov
mov
shll2
shll2
shll2
add
mov.l
mov.l
mov
mov.l
mov.l
mov
cmp/hs
bf
mov
sub
mov.l
bra
nop
mov
cmp/hi
bt
neg
mov
cmp/hs
bf
mov
sub
bra
mov.l
mov.l
mov.b
mov.w
mul.l
mov
mov.l
tst
mov.l
mov.b
mov.l
sub
mov
cmp/hi
bt
neg
mov.l
shll2
shll2
shll2
mov.l
shll2
shll2
shll2
mov.l
bra
mov
bra
mov.l
mov
cmp/eq
bt
mov.w
cmp/eq
bt
mov
cmp/eq
bt
mov
cmp/eq
bf
bra
nop
mov
mov.l
add
add
mov
mov.l
shll
mov.l
mov.l
add
add
mov.w
exts.w
cmp/pl
bf.s
mov.w
mov.l
mov.l
mov.l
mov.l
shll2
shll2
shll
mov.l
add
mov.l
exts.w
add
mov.l
mov.l
add
mov.w
cmp/hs
bf
mov.w
mov.l
sub
exts.w
mov.l
cmp/eq
bt
exts.w
mov
mov.l
mov.l
add
mov.w
extu.w
jsr
mov.l
bra
nop
mov.l
mov.b
stc
bra
exts.w
mov
mov.l
mov.l
add
mov.w
extu.w
jsr
mov.l
exts.w
cmp/pl
bf
exts.w
mov.l
mov.l
mov.l
mov.l
shll
shll2
add
mov.l
shll2
add
mov.l
add
mov.l
add
mov.w
cmp/hs
bf
mov.w
mov.l
sub
exts.w
mov.l
cmp/eq
bt
exts.w
mov
mov.l
mov.l
add
mov.w
extu.w
jsr
mov
bra
nop
exts.w
mov
mov.l
mov.l
add
mov.w
extu.w
jsr
mov
add
mov.l
cmp/ge
bt
bra
nop
add
mov.l
cmp/ge
bt
bra
nop
add
lds.l
mov.l
mov.l
mov.l
mov.l
mov.l
mov.l
rts
mov.l
