mov.l
mov
mov.l
mov
mov.l
mov.l
mov.l
mov
mov.l
mov.l
sts.l
mov.l
mov.l
mov.l
mov.l
mov.l
mov.l
mov.l
mov.l
mov.l
mov.l
mov.l
mov.w
mov.w
mov
and
mov
mov.w
mov.b
extu.b
cmp/eq
bf
mov.w
mov.w
mov
or
mov
bra
nop
mov.l
mov.w
mov
and
mov
mov.w
mov.b
extu.b
cmp/eq
bf
mov.w
mov.w
mov
or
mov
bra
nop
add
sts
sts
sub
sts
sub
sts
mov.l
mov.w
mov
and
mov
mov
mov
mov.w
extu.b
mov.b
mov
extu.b
cmp/ge
bt.s
extu.b
mov.w
mov.l
mov
extu.w
mov.b
and
mov
extu.b
or
extu.w
mov
mov.w
mov.b
extu.b
cmp/eq
bf
mov.l
tst
bt
mov.l
mov.w
mov
and
mov
bra
mov.w
mov
mov.w
mov
and
mov
mov.w
mov.l
mov.l
add
mov.l
bra
mov
mov.b
extu.b
cmp/eq
bf
mov.w
and
mov.w
mov.l
mov.l
add
mov.l
mov.b
mov
mov
extu.b
cmp/ge
bt
mov.w
mov.l
mov
extu.w
mov.b
and
mov
extu.b
shll2
extu.w
or
extu.w
mov
mov.w
mov.b
extu.b
cmp/eq
bf
extu.b
tst
bf
mov.l
tst
bt
mov.l
mov.w
mov
and
mov
bra
mov.w
mov
mov.w
mov
and
mov
mov.w
mov.w
or
mov.w
mov.l
mov.l
add
mov.l
bra
mov
mov.l
tst
bt
mov.l
mov.w
mov
and
mov
mov.w
mov.w
and
mov.w
mov.w
mov.w
mov
or
mov
mov.w
mov.l
mov.l
add
mov.l
add
bra
nop
mov.b
mov.l
mov.b
extu.b
cmp/eq
bf
mov.w
and
mov.w
mov.w
mov.w
mov
or
mov
mov.w
mov.l
mov.l
add
mov.l
mov
mov.b
mov
extu.b
cmp/ge
bt
mov.w
mov.l
mov
extu.w
mov.b
and
mov
extu.b
shll2
shll2
extu.w
or
extu.w
mov
mov.w
mov.b
extu.b
cmp/eq
bf
extu.b
tst
bf
mov.l
tst
bt
mov.l
mov.w
mov
and
mov
bra
mov.w
mov
mov.w
mov
and
mov
mov.w
mov.w
or
mov.w
mov.l
mov.l
add
mov.l
bra
mov
mov.l
tst
bt
mov.l
mov.w
mov
and
mov
mov.w
mov.w
and
mov.w
mov.w
mov.w
mov
or
mov
mov.w
add
mov.l
mov.l
add
mov.l
bra
nop
mov.l
mov.b
mov.b
extu.b
cmp/eq
bf
mov.l
mov.l
tst
bt
mov.w
and
mov.w
mov.w
mov.w
mov
or
mov
mov.w
mov.l
mov.l
add
mov.l
mov
mov.b
mov
extu.b
cmp/ge
bt
mov.w
mov.l
mov
extu.w
mov.b
and
mov
extu.b
shll2
shll2
shll2
extu.w
or
extu.w
mov
mov.w
mov.b
extu.b
cmp/eq
bf
extu.b
tst
bf
mov.l
tst
bt
mov.l
mov.w
mov
and
mov
bra
mov.w
mov
mov.w
mov
and
mov
mov.w
mov.w
or
mov.w
mov.l
mov.l
add
mov.l
bra
nop
mov.l
tst
bt
mov.l
mov.w
mov
and
mov
mov.w
mov.w
and
mov.w
mov.w
mov.w
mov
or
mov
mov.w
mov.l
mov.l
add
mov.l
bra
nop
sts
mov.b
mov.l
mov.b
extu.b
cmp/eq
bf
mov.l
mov.l
tst
bt
mov.w
and
mov.w
mov.w
mov.w
mov
or
mov
mov.w
mov.l
mov.l
add
mov.l
mov.l
tst
bt
bra
nop
mov.b
extu.b
cmp/eq
bf
mov.l
mov.l
tst
bf
mov.l
jsr
nop
cmp/eq
bf
mov.l
mov.w
mov
or
mov
mov.w
mov.l
mov.l
bra
nop
mov.l
tst
bt
mov.l
mov.b
extu.b
tst
bt
mov.l
tst
bf
mov.l
mov.w
add
mov.l
mov.l
tst
bf
mov
mov.l
mov.l
mov.l
add
mov.l
mov.w
mov
extu.w
mov.w
and
mov
shll8
or
extu.w
mov.w
bra
extu.b
mov.l
mov.w
mov
and
mov
bra
nop
mov.l
mov.w
mov
and
mov
bra
nop
mov.l
mov.w
mov
and
mov
bra
nop
mov.l
mov.w
mov
and
mov
bra
mov.w
mac.l
sts
mov.l
sts
mov.w
mov.b
mov.b
sts
cmp/eq
bt
cmp/eq
bt
cmp/eq
bt
cmp/eq
bt
bra
nop
mov.l
tst
bf
mov.l
tst
bt
mov.l
mov.b
extu.b
tst
bt
mov.w
mov
mov
and
mov
mov.w
mov.l
mov.l
jsr
mov.l
extu.w
mov
add
mov.w
or
mov
mov.w
mov.l
mov.l
add
mov.l
mov.l
tst
bt
mov.l
mov.b
extu.b
tst
bt
mov.w
mov
and
add
mov.w
mov.l
mov.l
jsr
mov.l
extu.w
shll8
mov
add
mov.w
or
mov
mov.w
mov.l
mov.l
add
mov.l
lds.l
mov.l
mov.l
mov.l
mov.l
mov.l
mov.l
rts
mov.l
