mov.l
sts.l
add
mov.l
mov.l
mov
add
mov.l
mov.w
jsr
mov
mov.l
jsr
nop
mov.l
mov.w
extu.w
cmp/eq
bf
bsr
nop
bra
nop
mov.b
mov.l
mov.l
cmp/eq
mov.w
bra
mul.l
mov
mul.l
mov
mul.l
cmp/eq
mov.l
sub
mov.l
mov.l
bsr
mov
bsr
mov
mov.l
mov.b
tst
bt
mov.l
mov.w
mov.w
extu.w
and
tst
bt
bra
mov
mov
exts.b
mov.l
mov.b
add
lds.l
rts
mov.l
