mov.l
mov
mov.l
sts.l
add
mov.l
mov.l
mov.l
mov.l
mov.l
sub
cmp/ge
bt
bra
mov
mov
mov.l
mov
cmp/gt
bf
mov.l
tst
bt
mov.l
mov.l
mov.l
mov.l
sub
jsr
mov.l
mov
mov.l
jsr
mov.l
mov
mov.l
jsr
mov.l
mov
cmp/ge
bt
bra
nop
mov
mov.l
tst
bf
mov
mov.l
jsr
mov.l
mov.l
tst
bt
mov
mov.l
add
lds.l
mov.l
rts
mov.l
