mov.l
mov
mov.l
extu.b
extu.b
extu.b
mov.l
shll2
mov.l
shll2
mov.l
sts.l
sts.l
add
mov.l
mov.w
add
extu.w
mov
mov.w
mov.l
mov.w
mov.l
mov.l
add
mov.l
mov.l
cmp/eq
bt.s
mov.l
mov.l
add
shll2
shll2
shll
mov.l
add
bra
mov
stc
mov.b
mov.w
bra
mov.b
mul.l
mov
mov.w
mov.l
mov
extu.b
shll2
shll2
shll
mov.l
add
extu.b
mov.l
mov.l
shll2
add
jsr
mov.l
mov.l
mov
mov.b
extu.b
cmp/gt
bf
extu.b
mov.l
mov.l
mov.l
cmp/eq
bf.s
mov
extu.b
shll
mov.w
extu.w
cmp/ge
bf
extu.b
shll
mov
mov.w
mov
bra
nop
extu.b
shll
mov.w
add
mov.w
mov
mov
mov.l
shll2
shll2
shll
add
exts.b
extu.w
add
mov.l
mul.l
mov.l
sts
add
extu.w
mul.l
sts
add
extu.w
shll8
shll2
shll
sub
extu.w
mov.w
bra
mul.l
extu.b
shll
mov.w
extu.w
cmp/ge
bf
bra
nop
mov.b
mov.w
mov.l
mul.l
cmp/eq
stc
add
mul.l
cmp/eq
mul.l
cmp/eq
mul.l
mov
mov.b
extu.b
shll
mov.w
add
mov.w
extu.w
shll8
shll2
shll
sub
extu.w
mov.w
mul.l
sts
sub
mov
mov.l
mov.b
extu.b
cmp/ge
bf
mov.l
mov.l
mov
mov.l
mov.l
shll2
add
mov.l
mov.l
mov.w
mov
mov.l
mov.l
mov.l
mov.l
mov.l
mov.l
shlr
shll16
jsr
mov
add
add
lds.l
lds.l
mov.l
mov.l
mov.l
mov.l
rts
mov.l
