mov.l
mov.l
mov.l
mov.l
mov.l
mov.l
mov.l
sts.l
add
mov.l
mov.l
mov.l
mov.l
mov.l
mov.l
mov.l
jsr
mov
mov.w
mov.l
mov.l
sub
mov.l
mov.l
mov.l
mov.l
mov.l
mov.l
mov.l
mov.l
neg
jsr
mov.l
mov.l
mov.l
jsr
mov.l
mov
mov.l
mov.l
mov
add
mov.l
jsr
mov.l
mov
mov.l
mov.l
add
mov.l
mov.l
mov.l
mov.w
jsr
mov
mov.l
jsr
nop
mov.l
jsr
nop
mov.w
extu.w
cmp/eq
bf
extu.w
mov.w
mov.w
mov.l
mov.l
sub
mov.l
mov.l
bra
nop
mov.l
mov.w
bsr
mov.w
bsr
mov.w
bsr
mov.w
bsr
mov.w
bsr
mov.w
bsr
stc
extu.b
mov.l
mov.b
mov.w
mov.b
mov.w
mov.b
mov.w
stc
exts.b
stc
exts.b
add
mov.l
add
mov.w
mov.l
stc
swap.b
mov.l
mov.w
mov.l
mov.l
add
mov.l
mov.l
mov.l
mov.l
mov.l
mov.l
mov.l
mov.l
neg
jsr
mov.l
mov.l
mov.l
jsr
mov.l
mov
mov.l
mov.l
mov
add
mov.l
jsr
mov.l
mov
mov.l
mov.l
mov.l
mov.l
mov.w
jsr
add
mov.l
jsr
nop
mov.w
mov.l
add
jsr
mov.w
mov
mov.l
mov.l
mov.l
jsr
add
mov
mov.w
mov.l
mov.l
mov.l
extu.w
add
and
mov.l
shar
shar
mov
add
shll
add
jsr
mov.w
mov.l
jsr
nop
mov.l
mov.l
mov.w
mov.l
mov.l
mov.l
add
cmp/hs
bf
mov
bra
mov.w
mov.l
mov.b
tst
bt
extu.w
mov.w
bra
nop
mov.b
mov.l
mov.b
mov.w
mov.b
mov.w
mov.b
mov.w
stc
exts.b
stc
add
mov.l
mov.w
add
mov.l
stc
swap.b
stc
extu.b
add
mov.w
add
mul.l
mov
mov.l
sub
mul.l
mov
mov.w
mov.l
jsr
nop
mov.w
extu.w
shll2
mov.l
mov.l
mov.l
mov.l
mov.l
add
add
mov.l
jsr
mov.l
mov.w
extu.w
shll2
mov.l
mov.l
mov.l
mov.l
mov.l
mov.l
add
mov.w
add
mov.l
jsr
mov.l
mov.l
jsr
nop
mov.l
mov.l
mov.l
tst
bf
mov.l
mov.l
mov.l
and
tst
bt
mov.l
mov.w
extu.w
tst
bt
mov.w
tst
bf
mov
mov.w
mov.w
add
mov.w
mov.w
and
bra
mov.w
exts.w
bra
mov.w
exts.w
mov.l
mov.w
exts.w
mov.w
exts.w
mov.w
bra
mov.w
mov.w
add
mov.w
mov.w
add
mov.w
bra
nop
mov.l
bsr
nop
mov.l
mov.w
tst
bf
bsr
nop
bra
nop
stc
extu.b
mov.l
mov.b
mov.l
mov.b
mov.l
mov.l
tst
mov.w
mov.l
mov.l
stc
swap.b
mov.w
bsr
mul.l
mov
mul.l
mov
sts
mov.l
sub
mov.w
bsr
mov.w
bsr
mov.l
bsr
nop
mov.l
mov.b
extu.b
tst
bf
bsr
nop
mov.w
add
bra
mov.w
mov.l
bsr
nop
mov.w
add
mov.w
mov.w
add
mov.w
bra
nop
cmp/eq
bt
cmp/eq
bt
cmp/eq
bt
cmp/eq
bt
mov.w
cmp/pl
bt
mov
mov.w
mov.w
cmp/pl
bt
mov
mov.w
mov.w
cmp/pl
bt
mov
mov.w
mov.l
mov.l
mov.l
mov.w
mov.w
mov.w
mov
extu.w
mov.l
shll
shll2
add
shll
add
add
mov.l
mov.w
mov.w
mov.w
mov
extu.w
shll2
shll
add
shll
add
mov.l
add
mov.l
mov.w
mov.w
extu.w
mov.w
mov.l
shll2
mov
shll
shll
add
add
add
mov.l
add
lds.l
mov.l
mov.l
mov.l
mov.l
mov.l
mov.l
rts
mov.l
mov.l
mov.l
mov.l
mov.w
bsr
mov.l
mov.w
bsr
mov.l
bra
mov.l
mov.b
mov.l
mov.l
mov.l
mov.l
cmp/eq
bt
rts
nop
mov.l
mov.l
mov.w
mov.w
cmp/eq
bf
mov.l
mov.w
cmp/eq
bf
mov.l
mov.l
mov.w
cmp/eq
bf.s
mov
mov.w
mov.l
add
mov.l
exts.w
mov.w
mov.l
mov.l
jmp
mov
mov.w
cmp/eq
bf
mov.l
add
mov.l
exts.w
mov.w
mov.l
mov.l
jmp
mov
rts
nop
mov.b
mul.l
mov
stc
mov.w
bsr
mov.w
bsr
mov.w
bsr
mov.w
bsr
mul.l
mov
bra
mov.l
mov.l
mov.l
mov.l
mov.w
mov.w
cmp/eq
bf
mov.w
cmp/eq
bf
mov
mov.l
mov.b
mov.l
mov.l
jmp
mov
rts
nop
