mov.l
mov.b
cmp/eq
bf
mov.l
mov.l
mov.l
mov.l
mov.l
mov.l
mov.l
mov.l
mov.l
mov.l
mov.l
mov.l
mov.l
mov.l
mov.l
mov.l
mov.l
mov.l
mov.l
mov.l
mov.l
sub
mov
mov
dmuls.l
sts
sts
mov.l
mov.l
mov.l
sub
mov
mov
dmuls.l
sts
sts
mov.l
add
cmp/pz
bt
shlr2
mov.l
sts.l
jsr
nop
lds.l
bra
shll
mov.b
mov.b
sett
sub
stc
add
mov.l
sts.l
jsr
nop
lds.l
mov.l
mov.l
