mov
mov.l
mov
mov
exts.b
mov.l
mov.b
mov.l
mov
add
add
mov.b
add
cmp/ge
bf
mov.l
mov.l
mov.l
mov.l
mov.l
mov
mov.l
mov.l
mov.l
mov.l
mov
mov.l
mov.l
mov
mov.l
mov.l
mov
mov.l
mov.l
mov
mov.l
mov.l
mov.w
mov.l
mov.l
add
mov.l
mov.l
add
mov.l
mov.l
add
mov.l
add
mov.l
mov.l
mov.l
add
mov.l
mov.l
mov.w
mov.l
mov.l
add
rts
mov.l
