sts.l
jsr
nop
lds.l
neg
exts.w
mov.l
mov
mov.w
mov.l
extu.w
exts.w
mov
mov
extu.w
shll
or
sub
cmp/pl
bt
neg
extu.w
cmp/gt
bt
sub
mov
mov.l
mov
exts.w
mov
shll
extu.w
or
sub
cmp/pl
bt.s
mov.l
neg
extu.w
bsr
nop
cmp/gt
bt
sub
mov
cmp/eq
bt
mov
mov.l
mov
mov.l
jsr
nop
mov.l
sub
extu.w
cmp/gt
bt.s
shlr8
sub
shlr
mov
mov
cmp/ge
bt
mov
cmp/ge
bt
mov
shll2
shlr8
shlr
shll2
tst
bt
tst
bt
bra
mov
mov.b
stc
add
stc
add
mov
tst
bt
bra
mov
mov.l
add
add
mov.l
sub
mov.l
add
cmp/pl
bt
bra
nop
mov.w
bsr
mov.l
mov.l
mov
sub
extu.w
mov.w
cmp/ge
bt
mov
shll
add
cmp/ge
bt
mov
mov.l
mov.l
mov.l
add
mov.l
cmp/ge
bf
bra
nop
shll
mov.b
xor
mov.l
mov.l
or
mov.l
bra
nop
mov.l
mov.l
mov.l
mov.l
sub
cmp/ge
bt
mov.l
mov.l
or
mov.l
bra
nop
mov.b
xor
tst
bf
mov.l
mov.l
mov.l
shlr
sub
cmp/gt
bt
tst
mov.l
mov.l
bt
shlr
or
bra
mov.l
mov.b
xor
mov.b
mov.l
sub
mov.w
extu.w
cmp/ge
bt
mov
shll
add
cmp/ge
bt
bra
nop
shll
mov.l
mov.l
tst
bt
mov.l
mov.l
mov.w
mov
add
mov.l
mov
mov.l
jsr
nop
mov.l
mov.l
sub
dmuls.l
sts
sts
shar
add
mov.l
mov.l
mov.w
add
sub
mov.l
mov.l
mov.l
mov.l
tst
bf
mov.l
mov.b
tst
bf
mov
bra
mov.b
mov.b
stc
add
stc
mov.l
mov.l
tst
mov.l
mov.l
mov.l
mov.w
bt
tst
bt
bra
nop
stc
mov.l
tst
bt
bra
nop
add
tst
mov
extu.b
bt
mov.w
bra
nop
tst
mov
bt
mov.w
bra
nop
add
tst
mov.w
bt
mov
bra
extu.b
tst
mov.w
bt
mov
mov.b
or
tst
mov.l
bf
mov
mov.b
mov.l
mov.l
mov.w
tst
mov.l
bf.s
extu.w
mov
shll
add
dmuls.l
add
tst
sts
sts
bt
mov.l
add
mov.w
add
mov.w
mov
cmp/ge
bt
add
cmp/ge
bt
shlr
mov
shlr
add
bra
mov.l
shll
mov.b
mov.l
mov
bra
mov.l
mov
mov
mov.l
neg
mov
mov.l
mov.l
mov.l
mov.l
mov.l
jsr
nop
mov
neg
mov.l
jsr
nop
dmuls.l
sts
sts
add
mov.l
dmuls.l
sts
sts
add
mov.l
mov.l
mov.l
mov
shlr
add
add
neg
mov
mov.l
mov.l
mov.l
mov.l
mov.l
jsr
nop
mov
neg
mov.l
jsr
nop
dmuls.l
sts
sts
add
mov.l
dmuls.l
sts
sts
add
bra
mov.l
