mov.l
sts.l
mov.l
mov.l
mov
mov
mov
mov
mov
mov
mov.w
mov.l
mov
mov.w
mov.w
cmp/pz
bt
neg
sub
cmp/pz
bt
bra
mov
mov.b
mov.w
mul.l
mov
sub
cmp/gt
bt
mov
cmp/pz
bt
neg
mov
mov.w
muls.w
mov.w
sts
bsr
nop
mov
mov
mov.w
mov.w
mov.l
mov.l
mov.l
mov.w
mov.l
mov.l
cmp/ge
bt
bra
mov
mac.l
mov.l
mov.b
mov.b
mov.l
cmp/ge
bf
mov
mov.l
sub
mov.w
mulu.w
mov.l
mov.l
sts
mov.l
bsr
nop
mov.l
mov.l
mov.l
mov.w
mov.l
mov.l
cmp/ge
bt
bra
mov
mac.l
ldtlb
mov.l
cmp/ge
bf
mov
mov.l
sub
mov.w
mulu.w
mov.l
sts
mov.w
bsr
nop
mov.l
mov.w
mov.l
lds.l
mov.l
rts
nop
