mov.l
sts.l
add
mov.l
mov.l
mov.l
mov.w
mov.l
cmp/eq
bf
mov.l
mov.w
mov.l
jsr
mov.l
mov
mov.l
mov.l
add
tst
bf.s
mov.l
mov.l
mov
mov.w
mov.l
mov
mov.l
jsr
add
mov.l
mov
add
mov.b
mov
mov.b
mov.l
mov.w
mov.l
cmp/eq
bf
mov
mov.l
jsr
mov.l
mov
mov.l
exts.w
and
tst
bt
bra
mov
mov.b
sts
mov.l
mov.b
mov.l
mov
tst
bt
mov.l
mov
mov.w
mov.l
mov.l
mov.w
mov.l
add
lds.l
rts
mov.l
