mov
mov
mov.l
bra
mov
mov.w
extu.w
and
shar
shar
shar
rts
shar
mov.w
extu.w
rts
and
mov.w
extu.w
and
shar
shar
shar
rts
shar
mov.w
mov.w
extu.w
and
shar
shar
shar
shar
shar
shar
shar
rts
shar
mov.w
mov.w
extu.w
and
shar
shar
shar
shar
shar
shar
shar
shar
shar
shar
shar
rts
shar
mov.w
extu.w
rts
and
mov.l
rts
mov.l
add
sts
shll8
sts
cmp/eq
bt
cmp/eq
bt
cmp/eq
bt
cmp/eq
bt
cmp/eq
bt
cmp/eq
bt
mov.w
cmp/eq
bt
mov.w
cmp/eq
