sts.l
add
mov.l
mov.l
mov
bsr
add
bra
mov
mov
mov
add
bsr
add
mov
add
mov.b
extu.b
tst
bf
bra
nop
extu.b
cmp/gt
bf
mov
mov
mov
mov.l
add
add
jsr
add
tst
bf
bra
nop
mov
add
bsr
mov
mov
mov
mov
add
add
jsr
add
add
add
add
cmp/pl
bt
add
mov.b
or
mov.b
mov
add
lds.l
mov.l
mov.l
mov.l
mov.l
rts
mov.l
mov.l
mov.l
mov.w
mov.l
add
mov.l
mov
mov.l
mov.l
mov.l
mov
mov.l
rts
mov.l
