mov.l
mov
mov.l
mov.l
mov.l
mov
mov.l
sts.l
sts.l
add
mov.l
mov.l
mov.l
mov.l
cmp/ge
bf.s
mov
mov
mov.l
cmp/ge
bf
bra
mov.b
extu.b
mov.b
exts.b
mov.l
mov.b
bra
nop
extu.b
mov.b
exts.b
mov.l
mov.b
mov.l
mov.l
tst
bt
bra
nop
mul.l
mov
mul.l
cmp/eq
mul.l
dmulu.l
mov.w
bra
mov.l
jsr
nop
mov.l
jsr
mov.l
mov.l
mov.l
shll2
add
mov.l
jsr
nop
mov.l
jsr
mov.l
mov.l
mov.b
extu.b
tst
bf
mov.l
jsr
nop
mov.l
mov.w
extu.w
tst
bf
mov.l
jsr
nop
mov.l
mov.w
extu.w
tst
bt
mov.l
jsr
nop
mov.l
mov.l
mov.w
mov.l
and
tst
bt
mov.l
mov.l
mov.b
tst
bt
mov.b
extu.b
mov.l
add
mov.b
mov.b
mov
mov.b
bra
mov.l
mov.l
mov.l
cmp/eq
bf
mov.b
mov.l
extu.b
jsr
add
mov
mov
add
mov.l
mov
add
mov
mov.b
mov
add
extu.b
mov
mov.b
mov
add
mov.l
mov
add
mov
mov
mov.b
mov
add
mov
mov
mov.b
mov
add
add
mov
mov.b
mov
mov.l
jsr
add
bra
nop
mov
mov.b
extu.b
add
mov.l
jsr
mov
bra
nop
shll
add
mov.b
mov.w
mov.l
mul.l
mul.l
mov
bf.s
bt.s
mul.l
mov
mul.l
mov.w
bra
mov.w
