sts.l
bra
mov.l
mov
mov.b
mov.b
mov
mov.b
mov.b
mov
bra
nop
mov
add
mov.b
extu.b
or
extu.b
mov.b
mov
add
mov.b
mov
mov
mov.b
mov
add
mov.b
mov
mov
bra
mov.b
mov
mov.l
mov.l
jsr
mov
bra
nop
mov
mov.l
mov.l
jsr
mov
bra
nop
mov.l
mov.l
mov.w
mov.w
mov.l
mov.w
mov.w
cmp/eq
bt
cmp/eq
bt
cmp/eq
bt
cmp/eq
bt
bra
nop
lds.l
rts
nop
