mov.l
mov.l
mov.l
mov.l
mov.l
mov.l
sts.l
mov
mov.l
mov.l
mov.w
mov.l
mov.l
mov.l
mov.l
mov.l
mov.l
cmp/gt
bf.s
mov.l
mov.l
cmp/ge
bt
mov.l
cmp/ge
bt
mov.l
cmp/gt
bf
mov
cmp/gt
bf
mov
cmp/ge
bt
mov.w
extu.w
and
tst
bf
mov.w
or
mov.w
mov.w
or
mov.w
bra
nop
mov.b
mov.w
mul.l
mov
mov.l
mov.l
cmp/ge
bt
mov.l
cmp/ge
bf
mov.l
cmp/ge
bt
mov.l
cmp/ge
bf
mov.l
cmp/ge
bt
mov.l
cmp/ge
bt
mov.w
extu.w
and
tst
bf
mov.w
or
mov.w
mov.w
or
bra
mov.w
mov.w
extu.w
and
tst
bt
mov
mov.w
and
mov.w
mov.w
or
mov.w
mov.w
extu.w
shlr
tst
bf
bra
nop
mov.w
mov.l
mov.l
mov.l
mov.w
extu.w
and
tst
bt
mov.l
jsr
nop
mov.w
mov.l
mov.l
mov.l
shll2
shll
jsr
add
mov.w
mov.l
mov.l
mov.l
mov.w
shll2
shll
add
jsr
add
mov.l
mov.b
tst
bf
mov
mov.l
mov.l
mov.l
mov.l
mov.l
shll2
shll2
shll
add
add
mov.l
jsr
add
mov
mov.l
mov.l
mov.l
mov.b
shll2
extu.b
shll2
add
mov.l
shll
mov.l
mov.w
bra
add
mov.l
mov.l
add
mov.w
mov.w
stc
add
cmp/hs
mov.b
mov.l
mov.b
mov
dmulu.l
mul.l
cmp/eq
mov.w
mov.l
mul.l
mov
mov
mov.l
mov.l
mov.l
mov.l
mov.l
mov.l
mov.l
mov.l
mov.w
shll2
shll2
add
extu.w
add
mov.b
mov.l
extu.b
add
shll2
shll2
shll
shll
add
mov.l
jsr
add
bra
nop
mov.l
jsr
nop
mov.w
mov.l
mov.l
mov.l
shll2
shll
jsr
add
mov.w
mov.l
mov.l
mov.l
mov.w
shll2
shll
add
jsr
add
mov.l
mov.b
tst
bf
mov
mov.l
mov.l
mov.l
mov.l
mov.l
shll2
shll2
shll
add
add
mov.l
jsr
add
mov
mov.l
mov.l
mov.l
mov.b
shll2
extu.b
shll2
add
mov.l
shll
mov.l
mov.w
bra
add
mov
mov.l
mov.l
mov.l
mov.l
mov.l
mov.l
mov.l
mov.l
mov.w
shll2
shll2
add
extu.w
add
mov.b
mov.l
extu.b
add
shll2
shll2
shll
shll
add
mov.l
jsr
add
mov
mov.w
and
mov.w
lds.l
mov.l
mov.l
mov.l
mov.l
mov.l
rts
mov.l
