mov.l
mov
mov.l
mov.l
mov.l
mov.l
mov.l
mov.l
sts.l
add
mov.l
mov.l
mov.l
mov.l
mov.l
mov.l
cmp/hs
bf
bra
nop
mul.l
cmp/eq
mov.l
mov.l
mov.l
add
jsr
mov.l
mov.l
mov.l
mov.l
jsr
mov.l
mov.l
mov.l
jsr
mov.w
mov.l
mov.l
mov.l
mov.l
jsr
mov.l
mov.l
mov.l
mov.l
mov.l
mov.l
mov.l
shll
add
mov.w
jsr
mov.l
mov.l
jsr
nop
mov.l
mov.l
mov.l
mov.l
mov.l
neg
jsr
mov.l
mov.l
mov.l
mov.l
jsr
mov.l
mov.l
mov.w
jsr
mov.l
mov.l
mov.l
add
jsr
mov.l
mov.l
mov.l
mov.l
mov.l
mov.l
neg
jsr
mov.l
mov.l
mov.l
mov.l
jsr
mov.l
mov.l
mov.w
jsr
mov.l
mov.l
mov.l
add
jsr
mov.l
mov.l
mov.l
mov.l
mov.l
mov.l
neg
jsr
mov.l
mov.l
mov.l
mov.l
jsr
mov.l
mov.l
mov.w
jsr
mov.l
mov.l
add
mov
add
mov.l
add
lds.l
mov.l
mov.l
mov.l
mov.l
mov.l
mov.l
rts
mov.l
