mov.l
mov.l
mov.l
mov.l
mov.l
mov.l
sts.l
add
mov.l
mov.l
mov.w
mov.l
mov.l
mov.l
mov.l
mov
add
mov.l
mov.l
mov.l
cmp/hs
bt
mov.w
add
mov.l
mov.l
mov.w
mov.l
add
mov.l
jsr
mov
mov.l
mov.w
bsr
mov.l
mov
mov.w
mov.l
add
mov.l
add
jsr
mov
bsr
mov.l
mov
mov.l
mov.w
mov.l
add
mov.l
add
jsr
mov
mov.l
mov.l
mov.l
cmp/hs
bt
mov.w
add
mov.l
mov.l
mov.w
mov.l
add
mov.l
jsr
mov
mov.l
cmp/hs
bf
bsr
mov
bra
nop
mov.b
mov.b
bra
nop
muls.w
mov.l
cmp/eq
mul.l
stc
mov.b
mul.l
bt
swap.b
mov.w
mov.l
mov.w
mov.b
bsr
mov.l
mov
mov.l
mov.w
mov.l
add
mov.l
add
jsr
mov
mov.l
mov.b
add
mov.b
mov.b
extu.b
shlr2
shlr2
shlr2
shlr
tst
bf
mov.l
cmp/hs
bf
bsr
mov
bra
nop
bsr
mov.l
mov
mov.w
mov.l
add
mov.l
add
jsr
mov
bra
nop
mov.l
mov.l
mov.w
mov
add
lds.l
mov.l
mov.l
mov.l
mov.l
mov.l
mov.l
jmp
mov.l
add
lds.l
mov.l
mov.l
mov.l
mov.l
mov.l
rts
mov.l
