mov.l
mov.l
mov.l
sts.l
add
mov.l
mov.l
mov.w
mov.l
mov.l
cmp/eq
bf.s
mov
mov.l
mov.w
mov.l
mov.w
add
mov.l
jsr
mov.l
mov
mov.l
add
mov.l
jsr
add
mov
mov
mov
mov.l
add
mov.b
mov.b
mov.l
mov.w
mov.l
jsr
mov.l
mov
tst
bt
bra
mov
mov
jsr
add
mov.l
mov
add
mov.b
mov
mov.b
mov.l
add
mov.l
mov.l
mov
mov.w
mov.l
mov.l
mov.w
mov.l
cmp/eq
bf
mov.l
mov.w
mov.l
mov.l
mov.l
mov.l
mov.l
add
mov.l
add
mov.l
add
jsr
mov.l
mov
tst
bt
bra
mov
mov.b
mov.b
mov.l
sts
mov.l
extu.b
mov.b
extu.b
mov
jsr
add
mov.l
mov
add
mov.b
mov
mov.b
mov.l
add
mov.l
mov.l
mov
mov.w
mov.l
mov.l
mov.w
mov.l
cmp/eq
bf
mov.w
mov.l
jsr
mov.l
mov
mov.l
exts.w
and
tst
bt
bra
mov
mov
tst
bt
mov.l
mov
mov.w
mov.l
mov.l
mov.w
mov.l
cmp/eq
bf
mov.l
mov.w
mov.l
mov.l
mov.l
add
jsr
mov.l
mov
tst
bt
bra
mov
mov.l
add
mov.l
mov.l
mov
mov.w
mov.l
mov.l
mov.w
mov.l
cmp/eq
bf
mov
mov.l
jsr
mov.l
mov
mov.l
exts.w
and
tst
bt
bra
mov
mov
mov
cmp/eq
bf
mov.l
mov
mov.w
mov.l
mov.l
mov.w
mov.l
add
lds.l
mov.l
mov.l
rts
mov.l
