mov.l
mov.w
mov.l
tst
bf
rts
nop
mov.l
mov.b
mov.l
sts.l
jsr
nop
lds.l
mov.l
mov.l
mov.l
mov.l
mov.l
mov.l
mov.l
mov.l
mov.l
sts.l
jsr
nop
lds.l
mov.l
mov.w
mov.l
sts.l
jsr
nop
lds.l
mov.l
mov.w
mov.l
tst
bt
mov.l
mov.l
sts.l
jsr
nop
lds.l
mov.l
mov.l
mov.l
mov.l
mov.l
mov.l
mov.l
sts.l
jsr
nop
lds.l
mov.l
mov.l
mov.l
sts.l
jsr
nop
lds.l
mov.l
sts.l
jsr
nop
lds.l
mov.l
sts.l
jsr
nop
lds.l
mov.l
mov.l
mov.l
mov.l
tst
bt
mov.l
mov.l
sts.l
jsr
nop
lds.l
mov.l
mov.l
mov.l
mov.l
mov.l
mov.l
mov.l
sts.l
jsr
nop
lds.l
mov.l
mov.l
mov.l
sts.l
jsr
nop
lds.l
mov.l
sts.l
jsr
nop
lds.l
mov.l
sts.l
jsr
nop
lds.l
mov.l
mov.l
mov.l
mov.l
tst
bt
mov.l
sts.l
jsr
nop
lds.l
mov.l
mov.l
mov.l
mov.l
mov.l
mov.l
mov.l
sts.l
jsr
nop
lds.l
mov.l
mov.l
sts.l
jsr
nop
lds.l
mov.l
sts.l
jsr
nop
lds.l
mov.l
mov.l
mov.l
sts.l
jsr
nop
