sts.l
mov.l
cmp/pz
bt.s
mov
neg
cmp/pz
bt
neg
mov
cmp/ge
bt
mov.l
bra
nop
mov.l
swap.w
mov.l
exts.w
mov.l
shll16
mov.l
mov.l
mov
mov
mov
add
shar
mov
shll2
shll
mov.l
cmp/gt
bt
mov
add
mov
shll2
shll
mov.l
cmp/ge
bt
bra
nop
mov
cmp/ge
bf
mov
mov
shll2
shll
mov.l
sub
add
mov.l
dmuls.l
sts
sts
mov.l
cmp/gt
bf
mov.l
mov
shll16
cmp/pz
bt.s
add
neg
cmp/pz
bt
cmp/pz
bf
mov.l
bra
nop
mov.l
sub
mov
mov
lds.l
lds.l
lds.l
mov.l
mov.l
mov.l
mov.l
mov.l
rts
mov.l
