mov.l
mov.l
mov.l
mov.l
mov.l
mov.l
sts.l
mov.w
mov.l
mov.l
mov.l
mov.l
mov.l
sub
mov.l
mov.l
cmp/hs
bt
mov.l
mov.l
mov.l
mov
extu.w
shll2
shll2
mov
shll
shll2
shll2
shll2
add
shll
shll2
mov.l
add
extu.w
mov.l
jsr
add
mov.l
mov.w
mov.l
mov.l
shll
add
shll
jsr
add
mov.l
mov
mov.l
add
mov.l
mov.l
mov.l
jsr
mov.l
mov
mov.l
mov.l
mov.l
mov.l
mov.w
shll2
shll2
shll
add
jsr
mov.l
mov.l
mov.l
mov.l
mov.l
add
mov.l
bsr
nop
mov
mov.l
mov.l
mov.l
jsr
nop
mov.l
mov.l
mov.l
mov.l
add
shll2
shll2
shll
jsr
add
mov.l
mov.l
mov.l
shll2
shll2
shll
add
mov.w
mov.l
mov.l
mov.l
or
mov
or
mov.l
mov.l
mov.l
tst
bf
mov.l
mov.l
or
mov.l
mov
mov.l
mov.l
bra
nop
mov.l
bra
mov.w
bra
mov.l
mov.b
mov.l
mov.b
mov
bra
stc
add
stc
add
stc
mov.b
mov.l
add
mov.w
bra
mov.w
bra
stc
