sts.l
mov.l
mov.l
mov.w
mov.w
extu.w
tst
bf.s
extu.w
tst
bt
mov
mov.l
mov.l
mov.l
mov.w
extu.w
add
mov.b
extu.b
jsr
mov
and
tst
bt
mov.w
add
mov.w
mov.w
extu.w
cmp/eq
bf
extu.w
mov
mov.w
mov.w
mov.l
mov.l
mov.l
mov.w
mov.l
extu.w
shll2
shll
add
mov.l
mov.w
extu.w
shll2
shll
add
mov.w
mov
mov.w
bra
nop
extu.w
mov.w
lds.l
rts
nop
