mov.l
mov.l
mov
mov.l
mov
mov.l
mov.l
mov.l
mov
mov.l
sts.l
add
mov.l
tst
bf.s
mov
bra
mov.b
bsr
mov
mov.b
mov.b
extu.b
tst
bf
bra
nop
bsr
mov
mov
mov
bsr
add
bsr
mov
mov.w
add
mov.l
bsr
mov
mov.l
bra
mov
mov
mov
mov
bsr
add
add
mov
cmp/ge
bf
mov
mov
mov
bsr
add
mov
mov
mov
mov
mov.b
mov
mov.b
bsr
add
mov
mov
mov
mov
mov.b
mov.b
bsr
add
mov
mov.b
mov.b
bsr
mov
mov
mov
mov
bsr
add
mov
mov.b
extu.b
add
mov.l
mov
add
bra
mov
mov
mov
mov
bsr
add
mov
mov.b
mov.b
mov.b
extu.b
cmp/eq
bf.s
add
bra
nop
mov
mov.b
mov.b
mov.b
extu.b
cmp/eq
bf.s
add
mov
bra
mov.l
mov
extu.b
cmp/gt
bf
bra
mov
mov.l
mov
cmp/ge
bf
mov.b
extu.b
cmp/eq
bf
bra
nop
mov
mov
mov
bsr
add
add
extu.b
cmp/ge
bf
bra
nop
mov.b
extu.b
cmp/eq
bt
bra
nop
mov
mov
mov
bsr
add
mov
mov.b
mov.b
mov.b
extu.b
cmp/eq
bf.s
add
mov
add
mov.b
mov.b
mov
bra
mov.l
mov
extu.b
cmp/ge
bf
bra
nop
mov
mov
mov
bsr
add
mov
mov.b
mov.b
mov.b
extu.b
cmp/eq
bf.s
add
bra
nop
mov
mov
mov
bsr
add
add
extu.b
cmp/ge
bf
bra
nop
mov
mov
mov
mov.l
sub
cmp/gt
bf
bra
mov
mov
mov
add
sub
mov
cmp/ge
bt
mov
add
mov.b
mov.b
extu.b
cmp/ge
bf
mov
mov
add
sub
mov
cmp/ge
bt
extu.b
mov.b
extu.b
add
tst
bt
mov
mov
mov
bsr
add
mov.l
add
mov.l
mov
add
mov.b
extu.b
tst
bf
mov
mov.l
mov.l
jsr
add
bra
nop
mov
add
mov.b
extu.b
cmp/eq
bf
mov.l
mov
mov.l
jsr
add
mov.b
mov.l
extu.b
cmp/ge
bt
mov
mov
mov
bsr
add
mov
mov
mov
bsr
add
mov.w
mov
mov
mov
mov.w
bsr
add
mov
mov
mov
bsr
add
mov.b
mov
mov
mov.b
mov.l
bra
add
mov
mov
mov
bsr
add
add
mov.b
extu.b
cmp/ge
bf
bra
nop
mov.w
mov.w
mov.l
mov.w
mov.w
mov
mov.b
extu.b
tst
bt
mov.l
bra
nop
mov
extu.w
mov
mov.w
extu.b
mov
mov.b
tst
bt
mov.w
or
mov.w
add
lds.l
mov.l
mov.l
mov.l
mov.l
mov.l
mov.l
rts
mov.l
