mov.l
sts.l
mov.l
mov.l
add
mov.l
mov.l
jsr
nop
mov.l
mov.l
cmp/pz
bf
mov.l
mov.w
mov.w
extu.w
and
tst
bt
mov.l
cmp/pz
bf
mov.l
jsr
nop
bra
nop
mov.l
mov
add
mov.l
cmp/hs
bf
mov
mov.l
mov
mov.l
mov.l
mov
mov.l
mov.w
lds.l
rts
mov.l
mov.l
cmp/eq
bf
mov.l
jsr
nop
mov.l
jsr
nop
mov.l
jsr
nop
mov.l
jsr
nop
mov.l
jsr
nop
mov
mov.l
jsr
mov.l
mov.l
jsr
nop
mov.l
mov.w
cmp/gt
bt
mov.l
jsr
nop
lds.l
mov.l
jmp
mov.l
