sts.l
add
mov.l
mov
mov.l
add
mov.l
mov
mov.l
jsr
mov.w
neg
mov.l
mov.l
mov.l
mov.l
mov.w
mov
shll2
shll2
shll
shll2
add
exts.w
mov
add
add
mov.l
mov.l
jsr
mov.l
mov.l
mov.l
jsr
mov
mov.l
sub
jsr
mov
jsr
mov
neg
mov.l
jsr
mov.l
mov.l
add
mov.l
exts.w
mov.w
mov.w
mov
shll2
shll2
shll
shll2
add
exts.w
mov
add
add
mov.l
mov.l
jsr
mov.l
mov.l
mov.l
jsr
mov
mov.l
add
jsr
mov
jsr
mov
mov.l
jsr
mov.l
mov.l
add
exts.w
mov.l
mov.w
mov.w
mov
shll2
shll2
shll
shll2
add
exts.w
mov
add
add
mov.l
mov.l
jsr
mov
mov.l
mov.l
jsr
mov
mov.l
sub
jsr
mov
jsr
mov
neg
mov.l
jsr
mov.l
mov.l
add
mov.l
exts.w
mov.w
mov.w
mov
shll2
shll2
shll
shll2
add
exts.w
mov
add
add
mov.l
mov.l
jsr
mov
mov.l
bra
nop
stc
add
mul.l
mov.w
bra
stc
add
stc
add
mov.l
jsr
mov
mov.l
add
jsr
mov
jsr
mov
mov.l
jsr
mov.l
mov.l
add
exts.w
mov.l
mov.w
mov.w
mov
shll2
shll2
shll
shll2
add
exts.w
mov
add
add
mov.l
mov.l
jsr
mov
mov.l
neg
mov.l
jsr
mov.l
mov.l
sub
jsr
mov
jsr
mov
neg
mov.l
jsr
mov.l
mov.l
add
mov.l
exts.w
mov.w
mov.w
mov
shll2
shll2
shll
shll2
add
exts.w
mov
add
add
mov.l
mov.l
jsr
mov
mov.l
mov.l
jsr
mov.l
mov.l
add
jsr
mov
jsr
mov
mov.l
jsr
mov.l
mov.l
add
exts.w
mov.l
mov.w
mov.w
mov
shll2
shll2
shll
shll2
add
exts.w
mov
add
add
mov.l
mov.l
jsr
mov.l
mov.l
mov.l
jsr
mov.l
mov.l
sub
jsr
mov
jsr
mov
neg
mov.l
jsr
mov.l
mov.l
add
mov.l
exts.w
mov.w
mov.w
mov
shll2
shll2
shll
shll2
add
exts.w
mov
add
add
mov.l
mov.l
jsr
mov.l
mov.l
mov.l
jsr
mov.l
mov.l
add
jsr
mov
jsr
mov
mov.l
jsr
mov.l
mov
mov.l
add
exts.w
mov.l
mov.w
mov
mov.w
mov.w
mov
shll2
shll2
shll
shll2
add
exts.w
add
mov.w
mov.w
mov
shll2
shll
shll2
shll2
bra
nop
add
extu.b
exts.w
add
mov.b
mov.w
extu.b
mov
shll2
shll2
shll
shll2
add
exts.w
add
mov.b
mov.w
add
mov.w
add
lds.l
mov.l
mov.l
mov.l
mov.l
mov.l
mov.l
rts
mov.l
