mov.l
mov.l
mov.l
mov.l
mov.l
mov.l
mov.l
mov.l
mov.l
mov.l
mov.l
mov.l
mov.l
mov
mov
mov
and
mov
and
mov.l
and
and
mov.l
cmp/eq
bt
cmp/eq
bt
tst
bt
cmp/eq
bf
cmp/eq
bf
bra
mov
mov
mov.l
mov.l
mov.l
mov.l
mov.l
mov.l
mov.l
mov.l
rts
add
tst
bf
tst
bf
bra
nop
tst
bf
tst
bf
bra
nop
tst
bf
tst
bf
tst
bf
tst
bf
tst
bf
bra
mov
