mov.l
mov.l
mov.l
mov.l
mov.l
mov.l
mov.l
sts.l
sts.l
add
mov.l
mov.l
mov.l
mov.l
mov
mov.l
mov.l
mov
mov.b
mov
mov.w
mov.b
mov
mov.b
mov.l
mov.b
add
mov.b
add
mov.b
extu.b
add
mov.b
mov.l
mov.l
mov.l
jsr
mov
mov.l
mov.w
mov.l
jsr
mov
mov.l
mov.b
mov
mov.b
mov
mov
mov.b
bra
extu.b
extu.b
mov.b
extu.b
mov.b
mov.l
mov.b
add
lds.l
lds.l
mov.l
mov.l
mov.l
mov.l
mov.l
mov.l
mov.l
jmp
mov.l
mov.b
extu.b
mov
bra
mov.b
extu.b
mov.b
extu.b
mov
mov.b
extu.b
mov.l
mov.b
bra
nop
sts
sts
mov.l
cmp/hs
sts
sts
sts
mov.b
mov.w
mov.b
sts
sts
bra
sts
cmp/eq
bt
cmp/eq
bt
cmp/eq
bt
mov.b
mov
mov.b
mov.w
mov
mov
mov.w
mov.b
mov.l
mov.b
mov.b
mov.l
mov.b
mov.l
mov.l
mov.l
mov.l
mov
mov.b
extu.b
cmp/gt
bt
bra
nop
mov.b
or
mov.b
mov.l
mov.l
mov.l
add
mov.l
mov.l
mov.l
mov.l
mov.l
mov.l
mov.b
bra
extu.b
mov.b
mov.w
mov.l
extu.b
extu.w
add
mul.l
sts
add
mov.l
shll
mov.l
add
bra
mov.l
mov.w
mov.l
extu.w
mov
shll
shll2
add
add
mov.l
mov.w
extu.w
shll
mov
shll
shll2
add
mov.l
add
mov.l
bra
nop
mov.w
mov.l
extu.w
mov
shll
shll2
shll2
add
add
mov.l
mov.w
extu.w
shll
mov
shll
shll2
shll2
add
mov.l
add
mov.l
bra
nop
mov.w
mov.l
extu.w
mov
shll
shll2
shll2
add
add
mov.l
mov.w
extu.w
shll
mov
shll
shll2
shll2
add
mov.l
add
mov.l
bra
nop
sts
sts
mac.w
sts
sts
sts
sts
sts
mov.w
mov.l
extu.w
mov
shll
shll2
shll
add
add
mov.l
mov.w
extu.w
shll
mov
shll
shll2
shll
add
mov.l
add
mov.l
bra
nop
mov.w
mov.l
extu.w
mov
shll
add
add
mov.l
mov.w
extu.w
shll
mov
shll
add
mov.l
add
mov.l
bra
nop
mov.w
mov.l
extu.w
mov
shll
shll2
add
add
mov.l
mov.w
extu.w
shll
mov
shll
shll2
add
mov.l
add
mov.l
bra
nop
cmp/eq
bf
bra
nop
cmp/eq
bf
bra
nop
cmp/eq
bt
cmp/eq
bt
mov.w
cmp/eq
bt
mov.w
cmp/eq
bt
mov.w
cmp/eq
bf
bra
nop
mov.l
mov.l
mov.l
jsr
nop
mov.l
mov.l
mov.l
mov.l
mov.l
mov.l
mov.l
mov.l
mov.l
mov.l
jsr
nop
bsr
nop
add
lds.l
lds.l
mov.l
mov.l
mov.l
mov.l
mov.l
mov.l
bra
mov.l
