mov.l
mov.l
mov.l
mov.l
mov.l
mov.l
mov.l
sts.l
add
mov.w
mov.l
mov.l
mov.l
mov.w
mov.l
mov.l
add
shll2
shll
mov
add
shll2
shll2
mov.l
add
mov.w
mov
shll2
mov.l
mov
add
mov.l
mov
mov
shll2
mov
add
mov.l
bra
shll2
mov.b
mov.w
bra
stc
add
mul.l
mov
mul.l
mov
mov.l
mov.l
mov.l
add
mov.l
mov.l
sub
jsr
sub
neg
add
mov.w
add
mov.l
mov.l
mov.l
add
mov.l
mov.l
sub
jsr
sub
neg
extu.w
mov.w
add
add
mov.l
cmp/hs
bf
mov.l
mov.l
mov.w
neg
extu.w
extu.w
add
exts.w
cmp/pz
bt
bra
neg
mov
extu.w
mov
mov
mov
bra
add
mov.w
extu.w
add
exts.w
cmp/pz
bt
neg
extu.w
cmp/gt
bf
extu.w
extu.w
add
add
mov.l
cmp/hs
bf
extu.w
mov.w
mov.l
add
lds.l
mov.l
mov.l
mov.l
mov.l
mov.l
mov.l
rts
mov.l
