mov.l
mov.l
mov.l
mov.l
mov.l
mov.w
mov
mov
mov.w
mov.w
mov
exts.w
mov.w
exts.w
exts.w
mov.w
and
add
cmp/pl
bf
bra
mov
mov
exts.w
mov.w
and
or
add
mov.w
cmp/pl
bf
bra
mov
mov
mov.w
exts.w
or
and
mov.w
add
cmp/pl
bf
bra
mov
mov
add
mov.w
or
mov.w
exts.w
cmp/ge
bf.s
add
mov.l
mov.l
mov.l
mov.l
rts
mov.l
