sts.l
mov.l
mov.l
mov.l
mov.l
mov.l
mov.l
mov
shll
shll
shll2
add
add
mov.l
shll2
add
mov.l
shll
shll2
mov.l
add
mov.l
mov.l
mov.w
mov.l
cmp/hs
bt.s
mov
mov.l
mov.l
tst
bt
extu.b
mov.l
add
mov
shll2
shll2
shll
add
add
mov.l
cmp/hs
bf
bra
nop
mul.l
mov
mov.w
bra
mov.w
mov.l
mul.l
mov.l
mov.w
mov.l
mul.l
mov
extu.b
extu.b
mov
add
shll2
shll2
shll
add
add
mov
shll2
shll2
shll
add
add
mov.l
jsr
mov
add
extu.b
cmp/pl
bt
extu.b
mov.l
mov
shll2
shll2
shll
add
add
bsr
mov.l
mov.b
mov.l
mov.b
mov
mov.b
mov.l
mov.l
extu.b
mov.b
extu.b
mov.b
mov.l
mov.l
mov.l
mov.b
bra
nop
mov.l
mov.l
mov.l
mov.l
mov.l
mov.l
cmp/ge
bt
mov.l
cmp/pl
bf
mov.l
mov.l
bra
mov.l
mov.l
lds.l
mov.l
mov.l
mov.l
mov.l
rts
mov.l
mov.l
mov.w
mov.l
mul.l
mov
mov.l
mov.l
mov.b
mul.l
mov.l
mov.l
mov.l
mov.l
mov.l
shll
mov
add
shll2
add
tst
bt.s
mov.l
mov.l
mov.l
mov.l
cmp/ge
bt
mov.l
cmp/pl
bf
mov.l
mov.w
mov.l
mov.l
mov.l
mov.l
mov.l
mov.l
mov.l
exts.b
shll2
mov
shll2
shll2
shll
add
exts.b
add
mov.l
mov.l
cmp/hs
bt
mov.l
mov.l
tst
bt
mov.l
exts.b
mov
shll2
shll2
shll
add
exts.b
add
mov.l
shll2
mov.l
mov.l
rts
nop
mov.l
mov.b
tst
bt
mov.l
mov.l
extu.b
bra
add
mul.l
mov
mul.l
mov
mov.w
mov.l
mul.l
mul.l
bt
mul.l
mov.w
bra
mov.w
mov.l
mul.l
mov
dmulu.l
mul.l
mov
mov.l
mov.l
mov.l
mov.b
tst
bt.s
extu.b
add
rts
mov
