mov.l
mov.l
mov.l
mov.l
mov.l
mov.l
mov.l
sts.l
mov.l
mov.l
mov.l
mov.l
mov.l
mov.l
jsr
nop
bra
mov
mov
shll
mov.w
extu.w
extu.w
mov
shll2
shll2
shll
shll2
add
extu.w
add
mov.w
extu.w
cmp/eq
bf
mov
extu.w
mov.l
mov
shll2
shll2
shll
shll2
add
extu.w
jsr
add
bra
nop
extu.w
mov.l
mov
shll2
shll2
shll
shll2
add
extu.w
mov.l
jsr
add
add
mov.l
add
mov.l
mov.l
mov.l
cmp/hs
bf
mov.l
mov.l
mov.w
lds.l
mov.l
mov.l
mov.l
mov.l
mov.l
mov.l
rts
mov.l
