mov.l
mov.l
mov.l
mov.l
mov.l
mov.l
mov.l
sts.l
add
mov.w
mov
mov.w
mov.l
jsr
mov
mov.l
jsr
nop
mov.l
mov.l
mov.l
mov.l
cmp/eq
bf
mov
mov.l
mov.l
mov.l
jsr
mov
mov.l
mov.l
mov.l
jsr
mov
mov.l
mov.b
bra
extu.b
mov.w
add
mov.l
mov.l
bra
mov
add
mov.b
stc
mov.b
shll
mov.l
stc
mov.w
stc
mov.w
mov.l
cmp/eq
stc
mov.b
mul.l
add
mov.b
mov.l
mov.b
bt
mov.b
stc
add
mov.w
mov
mov.w
add
mov.l
mov.l
mov.w
mov.l
mov.l
jsr
mov
bra
nop
mov.w
add
mov.l
mov.l
mov.w
mov.l
mov.l
jsr
mov
bra
nop
cmp/eq
bt
cmp/eq
bt
cmp/eq
bt
bra
nop
mov.l
mov.l
mov.l
jsr
mov
mov.w
mov
add
mov.l
mov.w
mov.l
mov.b
bra
extu.b
mov.w
mov.b
stc
add
stc
mov.b
mov.w
mov
mov.l
mov
mov.w
mov.l
jsr
mov
mov
add
mov.l
mov.l
mov.w
mov.l
mov.l
jsr
mov
mov
mov.w
mov.l
jsr
mov
mov.l
mov
mov.w
jsr
mov
mov
mov.w
add
mov.l
mov.l
jsr
mov
mov.l
mov
mov.w
jsr
mov
mov
mov.w
mov.l
jsr
mov
mov.l
mov.w
mov.l
jsr
mov
mov
mov.w
mov.l
jsr
mov
mov.l
mov
mov.w
jsr
mov
mov.l
mov.w
mov.l
jsr
mov
mov.l
mov
mov.w
jsr
mov
mov
mov.w
mov.l
jsr
mov
mov.l
mov
mov.w
jsr
mov
mov
mov.w
mov.l
jsr
mov
mov.l
mov.w
mov.l
jsr
mov
mov
mov.w
mov.l
mov.l
jsr
mov
mov.l
mov.w
bra
mov.l
mov.l
mov.l
mov.l
mov.w
mov
mov.w
mov
mov.l
mov
mov.w
mov.l
jsr
mov
mov
add
mov.l
mov.l
mov.w
mov.l
mov.l
jsr
mov
mov
mov.w
mov.l
mov.l
jsr
mov
mov
mov.w
add
mov.l
mov.l
jsr
mov
mov.l
mov
mov.w
mov.l
jsr
mov
mov.l
mov.w
mov.l
jsr
mov
mov
mov.w
mov.l
mov.l
jsr
mov
mov.l
mov.w
mov.l
jsr
mov
bra
nop
mov.l
mov
mov.w
mov.l
jsr
mov
mov
add
mov.l
mov.l
mov.w
mov.l
mov.l
jsr
mov
mov
mov.w
mov.l
mov.l
jsr
mov
mov
mov.w
add
mov.l
mov.l
jsr
mov
mov.l
mov
mov.w
mov.l
jsr
mov
mov.l
mov.w
mov.l
jsr
mov
bra
nop
mov.l
mov.w
mov
mov.w
mov
mov.w
mov
mov.w
mov
mov.w
mov
mov.w
mov
cmp/eq
bf
bra
nop
cmp/eq
bt
cmp/eq
bt
mov.l
mov.w
jsr
mov
mov
jsr
mov
mov
jsr
mov
mov
jsr
mov
mov
jsr
mov
mov
jsr
mov
mov
mov.l
mov.l
add
jsr
mov
mov
jsr
mov
add
lds.l
mov.l
mov.l
mov.l
mov.l
mov.l
mov.l
rts
mov.l
