sts.l
mov.w
mov.l
tst
bt
cmp/pz
bf
add
bra
mov.l
add
mov.l
mov.w
mov.w
mov.l
mov.l
mov.w
sub
mov.l
mov.w
mov.w
mov.w
mov.w
cmp/eq
bt
cmp/gt
bt
bra
nop
mov.b
mov.b
mov.l
mov
cmp/eq
bt
mov.w
mov.w
mov.l
shll16
mov
mov.l
mov
shll2
add
mov.l
mov
dmuls.l
shll2
add
sts
sts
mov.l
mov.l
jsr
nop
mov.w
shlr16
mov
mov
mov.l
mov
mov.w
bra
mov.l
mov.b
add
stc
add
tst
bt
mov.w
mov.w
mov.l
shll16
mov
mov.l
mov
shll2
add
mov.l
mov
dmuls.l
shll2
add
sts
sts
mov.l
mov.l
jsr
nop
mov.w
shlr16
mov
mov
mov.l
mov.w
mov.w
add
mov.l
mov
neg
mov.w
mov.l
mov.w
mov.w
mov.l
cmp/gt
bt
mov
extu.b
mov.w
mov.l
mov.l
mov.w
mov.w
mov.l
mov.l
mov.l
add
sub
mov.w
mov.l
mov.w
shll2
shll
add
mov.l
mov.l
cmp/gt
bt
mov
bra
nop
mov.b
mov.b
mov.b
mov.b
mov.b
mov.b
add
stc
add
stc
cmp/ge
bt
mov
add
mov
mov.w
cmp/gt
bt
mov
bra
nop
mov.b
cmp/ge
bt
mov
lds.l
rts
mov.l
