mov.l
sts.l
sts.l
mov.l
mov.l
mov
xor
mov
shlr16
shlr2
shlr2
and
mov
shlr16
shlr2
shlr2
and
and
and
cmp/eq
bt
cmp/eq
bt
tst
bt
tst
bt
mov.l
add
sub
cmp/ge
bt
mov
cmp/gt
bt
mov.l
or
or
dmulu.l
sts
sts
dmulu.l
sts
sts
dmulu.l
sts
sts
dmulu.l
sts
sts
clrt
mov
tst
bt
or
shlr
mov.l
tst
bt
shlr
add
mov.l
cmp/eq
bf
bra
nop
tst
bt
or
cmp/pl
bt
neg
add
shlr
dt
bf.s
or
tst
bt
tst
bt
mov
cmp/gt
bt
shlr
add
shlr
shlr
shlr
mov.l
and
shll16
shll2
shll2
or
shll
shll
lds.l
lds.l
mov.l
mov.l
mov.l
mov.l
mov.l
mov.l
mov.l
mov.l
mov.l
mov.l
mov.l
mov.l
mov.l
mov.l
mov.l
mov.l
mov.l
mov.l
rts
add
