mov.l
mov.l
mov.w
mov.l
mov
mov.l
mov.b
bra
extu.b
bra
mov
mov.l
add
extu.b
mov.b
add
mov.b
extu.b
cmp/hs
bf
bra
nop
bra
nop
mov.l
mov.b
mov.l
add
mov.b
mov.l
add
extu.b
mov.b
mov.l
add
extu.b
mov.b
mov.l
bra
add
mov.l
extu.b
mov.b
mov.l
add
extu.b
mov.b
mov.l
bra
add
mov.l
mov.b
mov.l
add
mov.b
mov.l
add
extu.b
mov.b
mov.l
add
extu.b
bra
mov.b
bra
mov.l
mov.l
mov.b
mov.l
add
bra
mov.b
mac.l
sts
sts
sts
mac.w
cmp/eq
bt
cmp/eq
bt
cmp/eq
bt
cmp/eq
bt
mov.w
cmp/eq
bt
mov.w
cmp/eq
bt
mov.w
cmp/eq
bt
rts
mov.l
