mov.l
mov.l
mov.l
mov
mov.l
mov.l
mov.l
sts.l
mov.l
mov.l
mov.l
mov.l
mov.l
mov.b
extu.b
tst
bf.s
mov
bra
mov
mov.l
add
extu.b
mov.b
add
mov.b
extu.b
shll2
mov.l
cmp/hs
bf
mov.b
extu.b
and
cmp/eq
bt
extu.b
mov.b
mov
mov.l
mov.b
mov.b
extu.b
and
tst
bf
mov.l
mov.l
mov.l
mov.l
mov.l
mov.l
jsr
mov.l
bsr
nop
mov.b
extu.b
and
cmp/eq
bt
extu.b
mov.b
mov
mov.l
mov.b
mov.b
extu.b
and
tst
bf
lds.l
mov.l
mov.l
mov.l
mov.l
mov.l
rts
mov.l
