mov.l
mov.l
sts.l
add
mov
mov.l
mov
mov.l
extu.b
mov
mov.b
mov.l
mov.l
mov
mov.l
mov
mov.b
mov
mov.b
mov
mov.b
mov
mov.b
extu.b
mov.l
mov
add
mov
mov.b
mov.b
mov
add
mov
extu.b
mov
mov.b
add
mov.b
mov
extu.b
add
mov.b
mov
extu.b
add
mov.b
mov
extu.b
add
mov.b
mov
mov
add
mov
mov.b
add
mov.l
jsr
mov
mov
mov
mov.l
mov.l
jsr
add
tst
bt
bra
mov
mov.l
mov.l
mov.l
jsr
mov
tst
bt
mov.l
jsr
mov.l
bra
mov
mov
mov.l
mov.l
mov.l
mov
mov.l
mov.l
add
jsr
mov.l
tst
bt.s
add
bra
mov
mov.l
mov.b
mov.b
mov.b
mov.b
mov.l
mov.b
mov.l
mov.w
mov.l
mov.l
jsr
mov.l
tst
bt
bra
mov
mov.l
jsr
nop
tst
bt
bra
mov
mov
add
lds.l
mov.l
rts
mov.l
