sts.l
mov
mov.l
mov.l
mov.l
mov.l
mov.l
mov
mov.l
mov.l
mov.w
mov.l
mov.l
mov
mov.l
mov.l
mov.w
mov.l
mov.l
mov.l
jsr
mov
mov.w
mov.l
mov.l
mov.l
jsr
mov
mov
mov.l
mov.l
mov.l
jsr
mov
mov
mov.l
mov.l
mov.l
jsr
mov
mov
mov.l
mov.l
mov.l
jsr
mov
mov
mov.l
mov.l
mov.l
jsr
mov
mov
mov.l
mov.l
mov
jsr
mov
mov
mov.l
mov.l
mov.l
jsr
mov
mov.w
mov.l
mov.l
mov.l
jsr
mov
mov.w
mov.l
mov.l
mov.l
jsr
mov
mov
mov
bra
mov
mov.l
mov.l
mac.l
mov.l
cmp/eq
mov.w
mov.w
mov.w
mov.w
mov.w
mov.w
mov.w
mov.w
mov.w
mov.w
mov.b
rte
mov
mov.w
mov.l
sts
sts
sts
add
sts
trapa
sts
trapa
sts
sts
bra
sts
extu.b
mov.l
sts
cmp/eq
mov.l
mov
mov.l
mov.l
jsr
nop
mov
mov.l
mov.l
mov
jsr
mov
mov
mov.l
mov.l
mov
jsr
mov
mov.w
mov.l
mov.l
mov.l
jsr
mov
mov
mov.l
mov.l
mov
jsr
mov
mov
mov.l
mov.l
mov
jsr
mov
mov
mov.l
mov.l
mov
jsr
mov
mov
mov.l
mov.l
mov
jsr
mov
mov
mov.l
mov.l
mov
jsr
mov
mov
mov.l
mov.l
mov
jsr
mov
mov
mov.l
mov.l
mov
jsr
mov
mov
mov.l
mov.l
mov
jsr
mov
mov
mov.l
mov.l
mov
jsr
mov
mov
mov.l
mov.l
mov
jsr
mov
mov
mov.l
mov.l
mov.l
jsr
mov
mov
mov.l
mov.l
mov
jsr
mov
mov.w
mov.l
mov.l
mov.l
jsr
mov
mov.w
bra
nop
mov.b
mov.l
mov
mov.l
mov
mov.l
sts
mov.l
rte
rte
rte
rte
rte
mov.l
rte
mov.l
rte
rte
rte
rte
mov.l
rte
mov.l
rte
rte
add
rte
add
rte
mov.w
mov.w
mov.l
mov.l
mov.l
jsr
mov
mov
mov.l
mov.l
mov.l
jsr
mov
mov.w
mov.l
mov.l
mov.l
jsr
mov
mov.w
mov.l
mov.l
mov.l
jsr
mov
mov
mov.l
mov.l
mov.l
jsr
mov
mov
mov.l
mov.l
mov
jsr
mov
mov
mov.l
mov.l
mov
jsr
mov
mov.w
mov.l
mov.l
mov.l
jsr
mov
mov
mov.l
mov.l
mov
jsr
mov
mov
mov.l
mov.l
mov
jsr
mov
mov
mov.l
mov.l
mov
jsr
mov
mov
mov.l
mov.l
mov
jsr
mov
mov
mov.l
mov.l
mov
jsr
mov
mov
mov.l
mov.l
mov
jsr
mov
mov
mov.l
mov.l
mov
jsr
mov
mov
mov.l
mov.l
mov.l
jsr
mov
mov
mov
bra
mov
mov.l
mov.l
rte
mov.l
mov.w
mov.w
rte
cmp/eq
rte
mov
rte
mov.b
rte
exts.b
rte
mov.b
rte
exts.b
rte
mov.l
rte
mov.l
rte
rte
mov.l
rte
mov.l
rte
mov.l
rte
mov.l
rte
mov.l
rte
mov.l
rte
mov.l
rte
mov.l
rte
rte
mov
mov.l
mov.l
jsr
nop
mov
mov.l
mov.l
mov
jsr
mov
mov
mov.l
mov.l
mov
jsr
mov
mov
mov.l
mov.l
mov
jsr
mov
mov.w
mov.l
mov.l
mov.l
jsr
mov
mov
mov.l
mov.l
mov
jsr
mov
mov
mov.l
mov.l
mov
jsr
mov
mov
mov.l
mov.l
mov
jsr
mov
mov
mov.l
mov.l
mov
jsr
mov
mov
mov.l
mov.l
mov
jsr
mov
mov
mov.l
mov.l
mov
jsr
mov
mov
mov.l
mov.l
mov
jsr
mov
mov
mov.l
mov.l
mov
jsr
mov
mov
mov.l
mov.l
mov
jsr
mov
mov
mov.l
mov.l
mov
jsr
mov
mov
mov.l
mov.l
mov
jsr
mov
mov
mov.l
mov.l
mov
jsr
mov
mov
mov
mov.l
bra
mov
rte
mov
rte
mov
rte
mov
rte
mov
sts
or
rte
rte
rte
rte
rte
rte
rte
rte
rte
rte
shal
rte
rte
rte
rte
mov.l
jsr
nop
mov
mov.l
mov.l
mov
jsr
mov
mov
mov.l
mov.l
mov
jsr
mov
mov
mov.l
mov.l
mov
jsr
mov
mov
mov.l
mov.l
mov
jsr
mov
mov.w
mov.l
mov.l
jsr
mov
mov.w
mov.l
mov.l
jsr
mov
mov.w
mov.l
mov.l
jsr
mov
mov.w
mov.l
mov.l
jsr
mov
mov
mov.l
mov.l
mov.l
jsr
mov
mov
mov.l
mov.l
mov.l
jsr
mov
mov
mov.l
mov.l
mov
jsr
mov
mov
mov.l
mov.l
mov.l
jsr
mov
mov
mov.l
mov.l
mov
jsr
mov
mov
mov.l
mov.l
mov
jsr
mov
mov
mov.l
mov.l
mov
jsr
mov
mov
mov.l
mov.l
mov
jsr
mov
mov
mov.l
mov.l
mov
jsr
mov
mov
bra
nop
rte
rte
rte
shll
mov.w
mov.w
sts
bt
mov.l
sts
sts
sts
bt.s
sts
mov.l
rte
shll8
rte
rte
add
rte
add
rte
mov.w
rte
mov
rte
mov
rte
mov
rte
mov
mov.l
mov.l
mov.l
jsr
mov
mov
mov.l
mov.l
mov.l
jsr
mov
mov
mov.l
mov.l
mov
jsr
mov
mov
mov.l
mov.l
mov
jsr
mov
mov
mov.l
mov.l
mov
jsr
mov
mov
mov.l
mov.l
mov
jsr
mov
mov
mov.l
mov.l
mov
jsr
mov
mov
mov.l
mov.l
mov.l
jsr
mov
mov
mov.l
mov.l
mov
jsr
mov
mov
mov.l
mov.l
mov.l
jsr
mov
mov.w
mov.l
mov.l
jsr
mov
mov.w
mov.l
mov.l
jsr
mov
mov.w
mov.l
mov.l
jsr
mov
mov.w
mov.l
mov.l
jsr
mov
mov.w
mov.l
mov.l
jsr
mov
mov.w
mov.l
mov.l
jsr
mov
mov.w
mov.l
mov.l
jsr
mov
mov.w
bra
mov
mac.l
mov.w
rte
bt.s
rte
mov
rte
mov.w
rte
mov
rte
mov
rte
mov
rte
mov
rte
mov
rte
mov
rte
mov.w
rte
mov
rte
mov
rte
mov.w
rte
mov
rte
mov.l
mov.l
rte
mov.l
rte
mov.l
rte
mov.l
rte
mov.l
rte
mov.l
rte
mov.l
mov.l
mov.l
jsr
nop
mov.w
mov.l
mov.l
jsr
mov
mov.w
mov.l
mov.l
jsr
mov
mov.w
mov.l
mov.l
jsr
mov
mov.w
mov.l
mov.l
jsr
mov
mov.w
mov.l
mov.l
jsr
mov
mov.w
mov.l
mov.l
jsr
mov
mov.w
mov.l
mov.l
jsr
mov
mov.w
mov.l
mov.l
jsr
mov
mov.w
mov.l
mov.l
jsr
mov
mov.w
mov.l
mov.l
jsr
mov
mov.w
mov.l
mov.l
jsr
mov
mov.w
mov.l
mov.l
jsr
mov
mov.w
mov.l
mov.l
jsr
mov
mov
mov.l
mov.l
mov.l
jsr
mov
mov
mov.l
mov.l
mov
jsr
mov
mov
mov.l
mov.l
mov
jsr
mov
mov
mov.l
mov.l
mov
jsr
mov
mov
mov.l
bra
mov
mov.w
mov.b
rte
mov
mov.l
rte
mov
rte
mov
rte
mov
rte
mov
rte
mov
rte
mov
rte
mov
rte
mov
rte
mov
rte
mov
rte
mov
rte
mov
rte
mov
sts
add
sts
mov.l
sts
mov.l
sts
mov.l
sts
trapa
rte
mov.w
mov.l
mov.l
jsr
nop
mov
mov.l
mov.l
mov
jsr
mov
mov
mov.l
mov.l
mov
jsr
mov
mov
mov.l
mov.l
mov
jsr
mov
mov.w
mov.l
mov.l
jsr
mov
mov.w
mov.l
mov.l
jsr
mov
mov.w
mov.l
mov.l
jsr
mov
mov.w
mov.l
mov.l
jsr
mov
mov.w
mov.l
mov.l
jsr
mov
mov.w
mov.l
mov.l
jsr
mov
mov.w
mov.l
mov.l
jsr
mov
mov.w
mov.l
mov.l
jsr
mov
mov.w
mov.l
mov.l
jsr
mov
mov.w
mov.l
mov.l
jsr
mov
mov.w
mov.l
mov.l
jsr
mov
mov.w
mov.l
mov.l
jsr
mov
mov.w
mov.l
mov.l
jsr
mov
mov.w
mov.l
mov.l
jsr
mov
mov.w
mov.l
mov.l
jsr
mov
bra
mov
rte
mov
rte
mov
rte
mov
rte
mov
mov.l
mov.l
mov.l
mov.l
mov
mov.l
mov
mov.l
mov
mov.l
mov
mov.l
mov
mov.l
mov
mov.l
mov
mov.l
mov
mov.l
mov
mov.l
mov
mov.l
mov
mov.l
mov
mov.l
mov
mov.l
mov
mov.w
mov.l
mov.l
jsr
nop
mov.w
mov.l
mov.l
jsr
mov
mov.w
mov.l
mov.l
jsr
mov
mov.w
mov.l
mov.l
jsr
mov
mov.w
mov.l
mov.l
jsr
mov
mov.w
mov.l
mov.l
jsr
mov
mov.w
mov.l
mov.l
jsr
mov
mov.w
mov.l
mov.l
jsr
mov
mov.w
mov.l
mov.l
jsr
mov
mov.w
mov.l
mov.l
jsr
mov
mov.w
mov.l
mov.l
jsr
mov
mov.w
mov.l
mov.l
jsr
mov
mov.w
mov.l
mov.l
jsr
mov
mov.w
mov.l
mov.l
jsr
mov
mov.w
mov.l
mov.l
jsr
mov
mov.w
mov.l
mov.l
jsr
mov
mov.w
mov.l
mov.l
jsr
mov
mov.w
mov.l
mov.l
jsr
mov
mov.w
mov.l
mov.l
jsr
mov
mov.w
bra
mov
mov.l
mov
mov.l
mov.l
mov
mov.l
mov
mov.l
mov
mov.l
mov
mov.l
mov
mov.l
mov
mov.l
mov
mov.l
mov
mov.l
mov
mov.l
mov
mov.l
mov
mov.l
mov
mov.l
mov
mov.l
mov
mov.l
mov
mov.l
mov
mov.l
mov
mov.l
mov
mov.l
mov.l
jsr
nop
mov.w
mov.l
mov.l
jsr
mov
mov.w
mov.l
mov.l
jsr
mov
mov.w
mov.l
mov.l
jsr
mov
mov.w
mov.l
mov.l
jsr
mov
mov.w
mov.l
mov.l
jsr
mov
mov.w
mov.l
mov.l
jsr
mov
mov.w
mov.l
mov.l
jsr
mov
mov.w
mov.l
mov.l
jsr
mov
mov.w
mov.l
mov.l
jsr
mov
mov.w
mov.l
mov.l
jsr
mov
mov.w
mov.l
mov.l
jsr
mov
mov.w
mov.l
mov.l
jsr
mov
mov.w
mov.l
mov.l
jsr
mov
mov.w
mov.l
mov.l
jsr
mov
mov.w
mov.l
mov.l
jsr
mov
mov.w
mov.l
mov.l
jsr
mov
mov.w
mov.l
mov.l
jsr
mov
mov.w
mov.l
mov.l
jsr
mov
mov.w
bra
mov
mov.l
mov
mov.l
mov.l
mov
mov.l
mov
mov.l
mov
mov.l
mov
mov.l
mov
mov.l
mov
mov.l
mov
mov.l
mov
mov.l
mov
mov.l
mov
mov.l
mov
mov.l
mov
mov.l
mov
mov.l
mov
mov.l
mov
mov.l
mov
mov.l
mov
mov.l
mov.l
mov.l
jsr
nop
mov.w
mov.l
mov.l
mov.l
jsr
mov
mov.w
mov.l
mov.l
mov.l
jsr
mov
mov.w
mov.l
mov.l
jsr
mov
mov.w
mov.l
mov.l
jsr
mov
mov.w
mov.l
mov.l
jsr
mov
mov
mov.l
mov.l
mov.l
jsr
mov
mov
mov.l
mov.l
mov.l
jsr
mov
mov
mov.l
mov.l
mov.l
jsr
mov
mov
mov.l
mov.l
mov
jsr
mov
mov
mov.l
mov.l
mov.l
jsr
mov
mov.w
mov.l
mov.l
jsr
mov
mov.w
mov.l
mov.l
jsr
mov
mov
mov.l
mov.l
mov.l
jsr
mov
lds.l
rts
nop
