mov.l
mov.l
mov.l
mov.l
mov.l
sts.l
add
mov.l
mov.l
jsr
mov
mov.l
mov.l
jsr
mov
mov.l
jsr
nop
mov.l
extu.w
mov.w
mov.w
mov.w
mov.w
mov.w
mov.l
mov.l
mov.l
jsr
nop
mov.l
mov.l
mov.l
mov.l
jsr
mov
mov.l
mov
mov.l
jsr
mov
mov.l
jsr
nop
mov.l
mov.l
jsr
mov
mov.l
jsr
extu.w
mov.l
jsr
extu.w
mov.l
jsr
nop
mov.l
mov.w
mov
extu.w
tst
bf
mov
bra
mov
stc
mov.b
bra
bra
mac.l
mov.l
mov.b
mul.l
cmp/eq
mov.b
mov.b
mov.b
stc
add
mov.l
stc
mov
mov.l
bra
mac.l
mov.l
mov.l
mov.l
mov.l
sub
mov
mov
mov.l
mov
shll2
shll
add
mov.l
mov.l
mov.l
mov.w
mov.l
add
mov.l
jsr
mov
mov
shll2
shll
add
mov.l
mov.l
mov.l
mov.w
mov.l
add
mov.l
jsr
mov
mov.w
add
mov.l
mov.l
mov.l
mov.w
mov.l
add
mov.l
jsr
mov
mov.l
mov.l
mov.w
mov.l
mov.l
mov
mov.l
mov.b
add
lds.l
mov.l
mov.l
mov.l
mov.l
rts
mov.l
