mov.l
extu.w
mov
mov.l
mov.l
and
mov.w
mov.l
mov.w
extu.w
mov
cmp/gt
bf.s
mov
extu.w
extu.w
mov.l
shll2
add
mov.w
mov.l
mov.l
mov.w
mov
mov.l
extu.w
cmp/eq
bf
mov.l
shll
mov.l
mov
cmp/eq
bt
mov
cmp/eq
bf
mov
mov.l
mov.w
bra
nop
extu.w
mov.l
mov.w
extu.w
tst
bt
mov
mov.l
mov.w
bra
nop
extu.w
mov.l
mov.w
extu.w
mov.l
mov.w
rts
mov.l
