mul.l
mov.l
sts
add
mov.w
mov.w
mov.w
shll8
shll2
shll
mov.l
shll8
shll2
shll
mov.l
shll8
shll2
shll
mov.l
mov
add
clrmac
mac.l
mac.l
mac.l
add
mov.l
sts
sts
add
cmp/gt
bf
mov.w
mov.w
mov.l
mov.l
mov
mov.l
clrmac
mac.l
mac.l
mac.l
add
mov.l
sts
sts
clrmac
mac.l
add
mac.l
mac.l
mov.l
sts
sts
add
rts
add
