sts.l
jsr
nop
lds.l
nop
mov.l
mov.l
tst
bf
bra
nop
mov.b
stc
mov.b
mov.b
tst
mov.b
tst
mov.b
mov.b
clrt
tst
mov.b
mov.b
mov.l
add
mov.l
cmp/eq
mov.b
mov.l
tst
xor
add
mov.l
mov.l
mov.l
mov
mov.l
tst
bt
mov.l
mov.l
mov.l
mov.l
cmp/ge
bt
mov.l
mov.l
sub
cmp/ge
bt
bra
nop
mov.b
mov.b
mov.l
mov.l
add
cmp/ge
bt
mov.l
bra
nop
mov.l
mov
mov.l
tst
bt
mov.l
mov.l
mov.l
mov.l
cmp/ge
bt
mov.l
mov.l
sub
cmp/ge
bt
bra
nop
clrt
tst
tst
mov.b
mov.l
mov.l
add
cmp/ge
bt
mov.l
bra
nop
mov.b
mov.l
mov
mov.l
tst
bt
mov.l
mov.l
mov.l
mov.l
cmp/ge
bt
mov.l
mov.l
sub
cmp/ge
bt
bra
nop
mov.b
mov.b
mov.l
add
mov.l
mov.l
add
cmp/ge
bt
mov.l
bra
nop
mov.l
mov
mov.l
tst
bt
mov.l
mov.l
mov.l
mov.l
cmp/ge
bt
mov.l
mov.l
sub
cmp/ge
bt
bra
nop
stc
tst
mov.l
cmp/eq
mov.b
mov.l
mov.l
add
cmp/ge
bt
mov.l
bra
nop
mov.b
mov.l
mov
mov.l
tst
bt
mov.l
mov.l
mov.l
mov.l
cmp/ge
bt
mov.l
mov.l
sub
cmp/ge
bt
bra
nop
mov.b
mov.l
tst
mov.l
mov.l
add
cmp/ge
bt
mov.l
bra
nop
tst
mov.l
rts
nop
mov.l
mov.l
add
mov.l
mov.l
mov.l
mov.l
bra
nop
