mov.l
sts.l
sts.l
mov.l
mov.l
jsr
mov.l
mov.l
jsr
nop
mov.l
jsr
nop
mov.l
jsr
nop
mov.l
jsr
nop
mov.w
mov.l
cmp/pl
bf
mov.w
mov.l
add
mov.l
tst
bf
mov.w
mov.l
mov
shll2
shll
shll2
shll2
add
add
mov.l
add
mov.w
mov
mov.w
mov.l
mov.w
add
mov.l
mov.l
jsr
nop
mov.w
mov.l
mov.l
mov.l
add
mul.l
mov.l
sts
add
add
mov.l
lds.l
lds.l
rts
mov.l
