mov.l
mov.l
mov.l
mov.l
mov.l
mov.l
mov.l
sts.l
mov
mov
mov
mov.l
mov
mov
mov.l
dt
bf.s
add
mov.l
mov.l
mov
mul.l
sts
add
mov.l
add
mov.l
mov.l
mov.l
mov.l
mov.w
extu.w
bsr
mov
mov.l
mov.l
mov.l
mov.l
mov.l
mov.w
tst
bf
mov.l
mov
clrmac
mac.l
mac.l
mac.l
add
sts
sts
clrmac
mac.l
mov.l
mac.l
mac.l
add
sts
sts
clrmac
mac.l
mov.l
mac.l
mac.l
add
sts
sts
mov.l
clrmac
mac.l
mac.l
mac.l
add
sts
sts
cmp/pl
bt
bra
nop
mov.l
sub
stc
bsr
stc
bsr
bra
stc
bsr
stc
bsr
mov.w
mov.l
bsr
mov
mov.l
add
mov.w
bsr
nop
mov.w
mov.l
bsr
mov
bsr
mov
mov.l
add
mov.w
bsr
nop
mov.w
mov.l
bsr
mov
bsr
mov
mov.l
add
mov.w
bsr
nop
mov.w
mov.l
bsr
mov
bsr
mov
mov.l
add
mov.w
bsr
nop
mov.l
mov
mov.l
mulu.w
mov.l
sts
add
add
mov.w
mov.l
mov.l
mov.l
mov.l
cmp/gt
bf
cmp/gt
bf
cmp/gt
bf
cmp/gt
bf
bra
nop
stc
bsr
stc
bsr
stc
bsr
stc
bsr
mov.l
mov.b
bra
mov.w
