sts.l
add
mov.l
mov
mov.l
mov.l
jsr
add
mov
mov.l
tst
bt
mov.l
mov.w
mov.l
tst
bt
mov.l
mov
add
mov.l
mov.l
mov
add
mov.b
extu.b
bra
and
add
lds.l
rts
mov
add
lds.l
rts
mov
add
lds.l
rts
mov
add
lds.l
rts
mov
add
lds.l
rts
mov
add
lds.l
rts
mov
add
lds.l
rts
mov
add
lds.l
rts
mov
mov.b
mov.l
mov
cmp/hs
bt
shll
mov
mova
mov.w
nop
add
lds.l
rts
nop
