mov.l
mov.l
sts.l
bsr
nop
lds.l
mov.l
mov.l
mov.l
mov.l
mov.l
add
mov.l
mov.l
mov.l
add
mov.l
mov.l
neg
neg
add
add
mov
shar
add
mov
mov
mov.l
cmp/pz
bt
neg
cmp/gt
bt
mov
mov.l
cmp/pz
bt
neg
cmp/gt
bt
mov.l
mov.l
sts.l
bsr
nop
lds.l
neg
mov.l
sts.l
bsr
nop
lds.l
add
mov.l
mov.l
mov.b
extu.b
mov.l
cmp/pl
bt
neg
add
mov.l
and
shlr8
shlr2
shlr2
cmp/pl
bt
neg
sts.l
bsr
nop
lds.l
mov.l
add
add
cmp/pl
bt
rts
nop
