mov.l
mov.l
mov.l
mov.l
mov.l
mov.w
extu.w
tst
bt.s
mov
bra
mov
mov
mov.l
mov.l
mov.w
mov
extu.w
and
tst
bt
mov.l
add
mov.l
exts.b
bra
mov.b
mov.w
mov.w
mov
extu.w
and
tst
bt
mov.l
add
mov.l
exts.b
bra
mov.b
mov.w
extu.w
and
tst
bt
mov.b
extu.b
cmp/eq
bf
mov.l
add
mov.l
exts.b
bra
mov.b
mov.w
extu.w
and
tst
bt
extu.b
mov.b
cmp/eq
bf
mov.l
add
mov.l
exts.b
mov.b
mov
mov.l
cmp/ge
bf
mov
mov.l
mov.l
cmp/pz
bt
mov.l
mov.l
mov.l
bra
mov.l
