sts.l
mov
mov.l
mov
mov
mov.b
mov.l
mov.l
mov.l
jsr
mov
mov.l
mov.l
mov.l
mov.l
shlr2
mov.l
mov.l
mov.l
mov.l
mov.l
mov
mov.l
mov.l
mov.l
mov.l
jsr
mov
mov.l
mov.l
jsr
mov
mov.l
mov.l
jsr
mov
mov.w
extu.b
mov.l
mov.w
exts.w
mov.l
mov.w
mov.l
mov.b
mov.l
mov.l
mov.l
mov.l
tst
bf
mov
mov.l
bra
mov.l
mov
mov.l
mov
mov.l
lds.l
bra
mov.l
lds.l
rts
mov.l
