mov.l
mov.l
mov.l
mov.l
mov.l
mov.l
mov.l
sts.l
mov
mov
mov
mov.l
mov
mov
mov.l
dt
bf.s
add
mov.l
mov.l
mov
mul.l
sts
add
mov.l
add
mov.l
mov.w
cmp/eq
bt
mov.w
mov.w
cmp/eq
bf
bra
nop
mul.l
bra
mov.l
sub
mov.w
bsr
mov.l
mov.l
mov.l
mov.l
mov.w
mov
bsr
nop
mov.l
mov.l
mov.l
mov.w
tst
bf
mov.l
mov
clrmac
mac.l
mac.l
mac.l
add
sts
sts
clrmac
mac.l
mov.l
mac.l
mac.l
add
sts
sts
clrmac
mac.l
mov.l
mac.l
mac.l
add
sts
sts
mov.l
clrmac
mac.l
mac.l
mac.l
add
sts
sts
cmp/pl
bt
bra
nop
stc
bra
stc
