sts.l
add
mov.w
mov.l
mov.l
mov.l
mov.l
mov.w
mov
shll2
shll2
shll
shll2
add
exts.w
add
mov
add
jsr
add
mov.w
mov.w
mov.l
mov
shll2
shll2
shll
shll2
add
exts.w
add
mov
add
jsr
add
mov.w
mov.w
mov.l
mov
shll2
shll2
shll
shll2
add
exts.w
add
mov
add
jsr
add
mov.w
mov.w
mov.l
mov
shll2
shll2
shll
shll2
add
exts.w
add
mov
add
jsr
add
mov.w
mov.w
mov.l
mov
shll2
shll2
shll
shll2
add
exts.w
add
mov
add
jsr
add
mov.w
mov.w
mov.l
mov
shll2
shll2
shll
shll2
add
exts.w
add
mov
add
jsr
add
mov.w
mov.w
mov.l
mov
shll2
shll2
shll
shll2
add
exts.w
add
mov
add
jsr
add
mov.w
mov.w
mov.l
mov
shll2
shll2
shll
shll2
add
exts.w
add
mov
add
jsr
add
exts.w
mov.w
mov.w
mov.w
mov
shll2
shll2
shll
shll2
add
exts.w
add
mov.w
mov.w
mov
mov
shll2
shll2
shll
shll2
add
exts.w
add
mov.b
mov.w
mov
shll2
shll
shll2
shll2
add
exts.w
add
mov
mov.b
mov.w
add
mov.w
add
lds.l
mov.l
mov.l
mov.l
mov.l
mov.l
mov.l
rts
mov.l
