mov.l
mov
mov.l
mov.l
mov.l
mov.l
sts.l
sts.l
add
mov
mov.l
add
mov.l
cmp/ge
bt.s
mov
mov.l
shll
mov.l
add
mov.w
mov
sub
mov.l
mov.l
mov.l
mov
mov.l
bra
mov
mov.b
mov.w
mov.l
mov.b
mov
mov
mov
mov.l
add
add
add
mov.l
add
mov.w
bsr
extu.w
mov.w
mov
mov.l
extu.w
mul.l
sts
mul.l
mov.l
sts
add
jsr
mov
extu.w
mov.w
mov.w
mov.l
mov
extu.w
mul.l
sts
add
jsr
mov
extu.w
mov.w
mov.w
mov.l
mov
extu.w
mul.l
sts
add
jsr
mov
extu.w
mov
mov.w
extu.w
mov.w
mov.w
shll8
mov
shll2
extu.w
shll2
shll2
shll
add
extu.w
add
extu.w
mov.l
add
mov.l
add
mov.w
add
mov
cmp/ge
bf
mov
mov.l
mov.l
jsr
mov
mov
mov
mov.l
mov.l
jsr
add
mov.l
add
mov.l
add
lds.l
lds.l
mov.l
mov.l
mov.l
mov.l
rts
mov.l
