mov.l
mov.l
sts.l
add
mov.l
mov
mov.l
mov.l
add
jsr
mov
mov.l
jsr
nop
mov.l
jsr
nop
mov.l
mov.l
mov.l
mov.l
jsr
mov.l
mov.l
mov.l
jsr
mov.w
mov.l
mov.l
mov.l
add
jsr
mov
mov
mov
mov.l
shll
add
mov.l
add
mov.l
mov.w
extu.w
shll2
shll
add
mov.l
mov.l
mov.l
mov.w
mov.l
add
mov.l
mov.l
jsr
mov
mov.w
mov.l
mov.l
add
mov.w
cmp/eq
bt
mov.w
mov.w
sub
mov.w
mov.l
jsr
mov
mov.l
jsr
mov.w
mov.l
mov.l
mov.l
mov.l
mov.l
mov.l
add
shll2
add
jsr
mov.l
mov.l
mov.l
mov.l
mov.l
mov.l
mov.l
mov.w
mov.l
add
shll2
add
jsr
mov.l
mov.l
jsr
nop
add
lds.l
mov.l
rts
mov.l
