sts.l
bsr
nop
lds.l
mov.l
add
add
cmp/pl
bt
mov.l
add
mov.l
add
add
cmp/pl
bt
mov.l
mov.l
rts
nop
add
mov.l
mov.l
mov.l
mov.l
mov
cmp/eq
bt
mov.l
mov.l
add
add
mov.l
cmp/gt
bt
cmp/gt
bt
mov.l
cmp/gt
bt
mov.l
cmp/gt
bt
mov.l
mov.l
tst
bt
add
tst
bt
add
shlr16
shlr16
exts.w
exts.w
mov
and
shll2
mov
shll
shll2
add
mov
and
shll2
add
mov
and
shll2
mov
mov
and
shlr
add
add
mov.l
add
mov.b
mov.l
mov
mov
tst
bf
mov
shll2
shll2
and
or
mov.l
mov.b
mov.l
mov.l
mov.l
mov.l
rts
nop
