mov.l
sts.l
sts.l
mov.l
mov.l
jsr
mov.l
mov.l
jsr
nop
mov.l
jsr
nop
mov.l
jsr
nop
mov.l
jsr
nop
mov.l
bra
mov.b
mov.l
mov.w
mov.l
sub
shll16
shar
shar
shlr16
exts.w
add
exts.w
exts.w
mov.l
bra
mov.l
mov.l
mov.w
mov.l
mov.l
add
sub
add
shll16
shar
shlr16
exts.w
add
exts.w
exts.w
mov.l
mov.l
mov.l
tst
bt
mov.w
mov.l
add
mov.l
tst
bf
mov.w
mov.l
mov
shll2
shll
shll2
shll2
add
add
mov.l
add
mov.w
mov
mov.w
mov.l
mov.w
add
mov.l
bra
nop
mov.b
mov.b
mul.l
mov
mov.l
mov.b
stc
mov.l
mov.b
cmp/eq
bt
cmp/eq
bt
mov.l
jsr
nop
mov.w
mov.l
mov.l
mov.l
add
mul.l
mov.l
sts
add
add
mov.l
add
mov.l
add
mov
shll2
shll2
shll
shll2
add
mov.l
add
mov.w
mov
mov.w
mov.l
mov.l
mov.l
mov.l
and
tst
bt
mov.l
mov.l
jsr
mov.l
shlr16
exts.w
mov.w
add
mov.l
mov.w
add
mov.l
lds.l
lds.l
rts
mov.l
