sts.l
mov.l
mov.l
mov
mov.l
mov.b
tst
bt
add
cmp/eq
bf.s
mov.b
mov.l
jsr
mov
mov.b
tst
bt
add
cmp/eq
bf.s
mov.b
mov.l
jsr
mov
mov.b
tst
bt
add
cmp/eq
bf.s
mov.b
mov.l
jsr
mov
mov.l
mov.b
tst
bt
add
cmp/eq
mov.l
bt.s
mov.b
cmp/eq
mov.l
bt
bra
nop
mul.l
mov
mov.l
stc
bra
mac.l
bra
mac.l
stc
bra
mov.l
bra
mov.l
mov.b
tst
bt
add
cmp/eq
mov.l
bt.s
mov.b
cmp/eq
mov.l
bf
jsr
mov
mov.l
mov.w
mov.l
add
tst
mov.l
bf
mov.l
mov
mov.b
mov.b
cmp/pl
bf
bra
add
mov.b
bra
mov.l
bra
mov.l
mul.l
mov
stc
tst
bt
cmp/ge
bf
mov.l
jsr
mov
mov
bra
mov
bra
mov.l
tst
bt
mov.l
mov.b
mov.l
tst
bt
mov.l
jsr
mov
mov
mov.b
mov.b
mov.l
mov.w
tst
bt
add
bra
mov.w
mov.w
mov.l
bra
mov.l
