mov.l
mov
mov.l
mov.l
mov.l
mov.l
mov.l
mov.l
sts.l
add
mov.l
mov.l
mov.w
mov
cmp/eq
bt.s
mov
tst
bt
mov.w
cmp/eq
bf
mov
cmp/eq
bt
bra
mov
mov
cmp/eq
bt
mov
cmp/eq
bt
tst
bt
bra
mov
extu.b
mov.l
extu.b
mov
mov.b
mov.l
cmp/eq
bf.s
mov.b
mov
cmp/eq
bf
mov
bra
mov.w
tst
bf
mov
cmp/eq
bf
bra
mov
sts
sts
sts
extu.w
mov.w
mov.w
mov.l
mov.w
mov.l
mov.l
mov.l
mov.l
mov.l
mov.l
mov.l
mov.l
mov.l
mov.l
mov.l
mov
mov.w
add
extu.w
mov.l
shlr
jsr
mov.l
mov
mov.l
mov.l
mov.l
mov
mov.l
add
jsr
mov.l
mov.l
jsr
nop
mov.l
mov.l
mov.l
mov
mov.w
extu.w
add
shlr
mov.l
jsr
mov.l
mov
mov.l
mov.l
mov.l
mov
mov.l
add
jsr
mov.l
mov.l
jsr
nop
mov.l
mov.l
mov.l
mov.l
mov.l
mov.l
mov.l
mov.l
mov.w
mov.l
mov
mov.w
mov.l
mov.l
mov.l
mov.l
bsr
mov
mov
jsr
mov.l
mov.l
sub
mov.l
bsr
mov
neg
jsr
mov.l
mov.l
sub
mov.l
bsr
mov
mov
jsr
mov.l
mov.l
sub
mov.l
bsr
mov
mov
jsr
mov.l
mov.l
sub
mov.l
mov.l
bsr
mov
neg
mov.l
bsr
mov
mov.l
bsr
mov
mov.l
bsr
mov
mov.l
mov.l
mov.l
mov.l
mov.l
mov.l
mov.l
mov.l
mov.l
mov.w
extu.w
shlr
exts.w
bra
nop
sts
sub
sts
sts
sts
sts
mov.l
mov.l
mov.l
mov.l
mov.l
sts
mov.l
mov.l
cmp/eq
sts
mov.l
cmp/hs
mov.b
sts
sub
mov
mov.w
mov.w
mov
extu.w
shlr
exts.w
mov.w
mov.w
mov
mov.w
mov
mov.l
mov.w
extu.w
shlr
mov.w
mov.w
extu.w
shlr
mov
mov.w
exts.w
mov
mov.w
mov
mov.l
mov
mov.l
mov
mov.l
mov
mov.l
mov.w
extu.w
cmp/eq
bf
mov.l
mov
add
mov.l
mov.l
mov.l
mov.l
mov.l
mov.l
mov.l
mov.l
mov.l
mov.l
mov.l
mov.l
mov.l
mov.l
mov.l
mov.l
mov.l
mov.l
mov.l
mov.l
mov.l
mov.l
mov.l
mov.l
mov.l
mov.l
mov
mov.w
mov.w
mov
mov.w
mov.w
mov
mov.w
mov.w
mov
mov.w
mov.w
mov
mov.w
mov.w
mov
mov.w
mov.w
mov
mov.l
mov.l
mov
mov.l
mov.l
mov
mov.l
mov.l
mov
mov.l
mov.l
mov.l
mov.l
and
shlr
mov.l
and
shlr2
add
mov.l
mov.l
mov
add
lds.l
mov.l
mov.l
mov.l
mov.l
mov.l
mov.l
rts
mov.l
