mov.l
mov.w
mov.w
extu.w
mul.l
jsr
sts
mov.w
mov
mov.l
add
jsr
mov.l
mov.w
jsr
mov
mov.w
extu.w
mul.l
sts
jsr
mov.l
mov.l
mov.w
extu.w
mul.l
sts
jsr
mov.l
mov.l
sub
mov.l
mov.w
extu.w
mul.l
sts
jsr
mov.l
mov
mov.l
mov.l
jsr
mov.l
mov.w
mov
jsr
neg
mov.w
mov.w
mov
extu.w
mul.l
mov.l
jsr
sts
mov.w
mov.w
mov
extu.w
mul.l
mov.l
jsr
sts
mov.w
mov.w
mov
extu.w
mul.l
jsr
sts
mov.w
extu.w
mul.l
sts
jsr
mov.l
mov.w
mov.l
add
mov
mov
jsr
mov
mov
mov
mov.l
mov.l
add
jsr
mov.l
mov
mov.l
mov.l
mov.l
mov.w
add
jsr
mov.l
mov.l
mov.l
bra
nop
