mov.l
mov
mov.l
mov.l
mov.l
mov.l
mov.l
mov.l
sts.l
mov.l
mov.l
mov.l
mov.l
mov.l
mov.l
mov.l
mov.l
mov.l
mov.w
extu.w
tst
bt
mov
mov.l
bra
nop
mov.l
mov.l
bra
mov.l
mov
mov.l
shll
add
mov.w
extu.w
extu.w
mov
shll2
shll2
shll
shll2
add
extu.w
add
mov.w
extu.w
cmp/eq
bf
mov
extu.w
mov.l
mov
shll2
shll2
shll
shll2
add
extu.w
mov.l
jsr
add
bra
nop
mov.l
extu.w
mov
shll2
shll2
shll
shll2
add
extu.w
jsr
add
add
mov.l
add
mov.l
mov.l
cmp/hs
bf
mov.l
mov.l
mov.l
add
mov.l
mov.l
mov.l
mov.l
and
tst
bt
mov.l
jsr
nop
bsr
nop
mov.l
jsr
nop
lds.l
mov.l
mov.l
mov.l
mov.l
mov.l
mov.l
mov.l
jmp
mov.l
