mov.l
mov.l
mov.l
mov.l
mov.l
mov.l
mov.l
sts.l
mov.l
mov
mov
mov.l
mov.l
mov.l
mov
mov.l
bra
mov.b
bra
mov
mul.l
mov
mov.l
add
mul.l
mov
mul.l
cmp/eq
stc
add
mov.w
mov.l
mul.l
cmp/eq
mov.w
mov.l
mov.w
mov.l
mov.w
mov.l
mul.l
cmp/eq
mul.l
cmp/eq
mov.w
bra
bra
mov
bra
mov
bra
mov
cmp/eq
bt
cmp/eq
bt
cmp/eq
bt
cmp/eq
bt
cmp/eq
bt
cmp/eq
bt
cmp/eq
bt
bra
nop
mov.l
mov.b
cmp/eq
bf
mov
mov.l
mov.b
cmp/eq
bf
mov
mov.l
extu.w
mov.l
and
tst
bt
mov.l
mov.l
mov.l
add
mov
mov.l
cmp/gt
bf
mov.l
mov.b
extu.b
tst
bt
extu.b
mov
mov.b
mov
add
mov.l
mov.l
mov.l
mov.l
mov.l
mov.l
mov
mov.l
add
jsr
mov.l
mov.l
jsr
nop
mov.l
mov.l
mov.l
mov.l
mov.l
bra
nop
extu.b
mov
mov.b
add
mov
mov.l
mov.l
mov.l
mov.l
mov.l
mov.l
mov
mov.l
add
jsr
mov.l
mov.l
jsr
nop
mov.l
mov.l
mov.l
mov.l
mov.l
bra
nop
extu.w
mov.w
and
tst
bt
mov.l
mov.l
mov.l
add
mov
mov.l
cmp/pz
bt
mov.l
mov.l
mov.b
extu.b
tst
bt
extu.b
mov.b
mov.l
mov.l
mov.l
mov.l
mov.l
bra
nop
shll
mov.w
bra
mul.l
cmp/eq
mov.b
shll16
mov.l
mov.l
mul.l
cmp/eq
mul.l
cmp/eq
mul.l
cmp/eq
mul.l
cmp/eq
mov.b
mov.l
mov.l
mov.l
mov.l
mov.l
mov.l
mov.l
mov
and
mov.l
mov
mov.l
cmp/hs
bt
mov.b
extu.b
tst
bt
mov.w
mov.l
shll2
mov.l
add
mov.l
bra
mov.l
mov.w
mov.l
shll2
mov.l
add
mov.l
mov.l
mov.l
jsr
mov.l
extu.w
mov.l
and
tst
bt
mov
mov.l
cmp/hs
bt
mov.l
shll2
shll2
shll2
mov.l
add
bra
mov
mov
mov.l
add
shll2
shll2
shll2
mov.l
add
mov.l
shll
add
shll2
shll2
shll
mov.l
add
lds.l
mov.l
mov.l
mov.l
mov.l
mov.l
mov.l
mov.l
jmp
mov.l
lds.l
mov.l
mov.l
mov.l
mov.l
mov.l
mov.l
rts
mov.l
