mov.l
mov.l
mov.l
mov.l
mov.l
mov
mov
mov
mov.l
mov
extu.b
extu.b
mov
shll
shll2
shll2
shll2
shll2
add
shll2
add
exts.w
mov.l
add
mov.l
mov.l
mov.l
mov.l
extu.b
mov
cmp/eq
mov
mov
cmp/eq
or
tst
bt
extu.b
mov
shll2
shll2
shll2
shll2
add
exts.w
add
mov.l
add
extu.b
cmp/ge
bf
extu.b
mov
shll2
shll2
shll2
shll2
add
exts.w
add
mov.b
mov
add
mov
mov.b
mov.l
mov.l
mov.l
rts
mov.l
