mov.l
mov.l
mov.l
mov.l
mov.l
mov.l
sts.l
add
mov
mov.l
mov
mov
mov
stc
shlr2
shlr2
and
mov
stc
mov.w
and
or
ldc
jsr
mov
jsr
mov
mov
and
shll2
shll2
stc
mov.w
and
or
ldc
mov
mov
mov.l
mov.l
cmp/eq
bf
mov
mov.l
mov.l
cmp/eq
bf
bra
mov
add
mov
cmp/ge
bf
mov
add
lds.l
mov.l
mov.l
mov.l
mov.l
mov.l
rts
mov.l
