sts.l
add
mov.w
mov.l
mov.l
cmp/gt
bt.s
mov.l
mov.l
bra
mov
mov
mov.b
extu.b
and
cmp/eq
bt
mov.l
mov
mov.b
extu.b
mov.w
bra
and
mov
mov.b
extu.b
mov.w
and
bra
nop
mov
mov
bsr
mov
mov.l
tst
bf
bra
nop
mov
mov.b
extu.b
and
or
extu.b
mov
add
mov.b
mov
mov
bsr
mov
mov.l
tst
bf
bra
nop
mov
mov.b
extu.b
and
or
extu.b
mov
add
mov.b
mov.l
mov
mov
mov.l
jsr
mov.l
mov
tst
bf
bra
nop
bsr
mov
mov
mov.b
extu.b
and
or
extu.b
mov
add
mov.b
mov.l
mov
mov
mov.l
jsr
mov.l
mov
cmp/pl
bf
bra
nop
mov
mov
mov.b
extu.b
and
or
extu.b
mov
add
mov.b
mov.l
mov.l
mov.l
cmp/eq
bf
mov
mov.l
mov.l
jsr
mov
mov.l
mov.l
mov.l
add
mov.l
mov.l
mov
mov.l
mov.l
jsr
mov
mov.l
mov.l
mov.l
cmp/ge
bf
mov
mov.b
extu.b
and
or
extu.b
mov
add
bra
mov.b
mov
mov.b
extu.b
and
extu.b
mov.b
bra
nop
cmp/eq
bf
bra
nop
cmp/eq
bt
cmp/eq
bt
cmp/eq
bt
cmp/eq
bt
mov.l
mov
mov.b
extu.b
mov.w
and
add
lds.l
mov.l
mov.l
mov.l
mov.l
mov.l
mov.l
rts
mov.l
