mov.l
mov
mov.l
mov
mov.l
mov
mov.l
mov.l
mov.l
mov.l
sts.l
add
mov.l
mov.l
mov.l
mov.l
mov.l
mov.l
tst
cmp/hs
bt.s
mov.l
mov
mov.l
mov.l
shll2
mov.l
mov.w
add
mov.l
mov.l
cmp/eq
bf
mov.l
tst
bt
mov
bsr
add
mov.l
mov
mov.b
tst
bt
mov.l
add
cmp/hs
bf
add
lds.l
mov.l
mov.l
mov.l
mov.l
mov.l
mov.l
rts
mov.l
