mov.l
mov.l
mov.l
mov.l
mov.l
mov.l
mov.l
sts.l
mov.l
mov.l
mov.l
mov
mov.w
mov
mov.w
mov
mov.w
mov
mov.w
mov
mov.w
mov
mov.w
mov
mov.w
mov
mov.w
mov
mov.w
mov
mov.w
mov
mov.w
mov
mov.w
mov
mov.w
mov
mov.w
mov
add
mov
mov.w
mov
add
mov
mov.w
mov
add
mov
mov.w
mov
add
mov
mov.w
mov
add
mov
mov.w
mov
add
mov
mov.w
mov
add
mov
mov.w
mov
add
mov
mov.w
mov
add
mov
mov.w
mov
add
mov
mov.w
mov
add
mov
mov.w
mov
add
mov
mov.w
mov
add
mov
mov.w
mov
mov
add
extu.w
mov.w
mov
add
mov
mov.w
mov
add
mov
mov.w
mov
add
mov
mov.w
mov
add
mov
mov.w
mov
add
mov
mov.w
mov
add
mov
mov.w
mov
add
mov
mov.w
mov
add
mov
mov.w
mov
add
mov
mov.w
mov
add
mov
mov.w
mov
add
mov
mov.w
mov
add
mov
mov.w
mov
add
mov
mov.w
add
mov
mov.w
extu.w
mov.w
bra
nop
