mov
mov.l
and
mov.l
mov.l
mov.l
sts.l
sts.l
add
mov.l
tst
bt.s
mov
mov
mov
mov.l
mov.w
mov.w
mov.l
mov
mulu.w
mov.l
sts
add
shll
extu.w
extu.w
jsr
mov
extu.w
mov.l
add
mov.l
mov.l
mov.l
add
mov.l
bra
nop
mov.l
stc
stc
add
mov.l
cmp/eq
mov.l
mov
mov.l
mov.l
mov.l
mov.l
shll2
shll
add
mov.l
mov.l
shll2
shll
add
mov.l
mov.l
