sts.l
mov
add
mov.l
mov.l
mov.w
mov.l
mov
add
mov.l
mov.l
mov.l
mov.l
mov.l
jsr
mov
mov.b
tst
bt
mov
mov.w
mov.l
add
add
mov.l
add
add
mov
mov.w
add
mov.w
add
mov.w
mov.w
add
mov.w
mov
add
tst
bf.s
mov.w
add
cmp/ge
bf.s
add
mov
mov.w
mov.l
mov.l
jsr
mov
mov.b
tst
bt
bra
mov
mov
mov.l
mov.l
tst
bf
mov
mov
add
shll2
mov.l
shll2
mov.l
mov.l
mov.l
shll2
mov.l
add
shll
jsr
mov
mov.l
mov
mov.l
cmp/hs
bt
mov.l
mov
mov.w
mov.l
jsr
mov
bra
nop
mov.l
mov.l
cmp/eq
mov.l
mov.l
stc
mov.b
mov.w
bra
stc
mov.b
mul.l
mov
mov.l
sub
stc
mov.b
mov.l
mov
mov.w
mov.l
jsr
mov
mov.l
mov.l
tst
bf
mov
mov.w
mov.l
mov.l
mov.l
jsr
mov
mov.l
mov.l
tst
bf
mov.b
tst
bt
bra
mov
mov
mov
mov
add
shll2
mov.l
shll2
mov.l
mov.w
shll2
add
add
shll
mov.l
mov.l
mov
add
lds.l
mov.l
mov.l
mov.l
mov.l
mov.l
mov.l
mov.l
jmp
mov.l
add
lds.l
mov.l
mov.l
mov.l
mov.l
mov.l
mov.l
rts
mov.l
