mov.l
mov.l
mov.l
mov.l
mov.l
mov.l
mov.l
sts.l
add
mov
mov
mov
mov.l
mov.l
mov
bra
mov
mov.l
mov
mov.l
cmp/eq
bf
mov.l
mov
add
shll2
shll2
add
mov.l
mov.b
mov.l
mov.l
mov
jsr
mov.b
mov
tst
bt
bra
nop
mov
jsr
add
mov.l
mov
add
mov.b
mov
mov.b
mov.l
add
mov.l
mov.l
mov
mov
mov.l
mov
mov.l
mov.l
cmp/eq
bf
mov
mov.l
shll2
add
shll2
add
mov.l
add
mov.l
mov.l
jsr
mov.b
mov
tst
bt
bra
nop
sts
mov.l
mov.b
swap.b
mov
jsr
add
mov
mov
mov.l
add
mov.b
mov.b
mov.l
add
mov.l
mov.l
mov
add
shll2
shll2
add
mov.l
tst
bt
mov.l
mov
mov.l
bra
nop
mov.l
mov
mov.l
mov
mov.l
mov.l
cmp/eq
bf
mov
mov.l
shll2
add
shll2
add
mov.l
mov.l
mov.l
mov.l
mov.l
mov.l
jsr
mov.b
mov
tst
bt
bra
nop
mov
jsr
add
mov.l
mov
add
mov.b
mov
mov.b
mov.l
add
mov.l
mov.l
mov
mov.l
add
mov
mov.l
mov.l
cmp/ge
bt
bra
nop
mov.l
mov
mov.l
cmp/ge
bf
mov.l
mov
bra
mov.l
bra
mov
mov
mov
mov.l
mov.l
shll2
shll2
add
shll2
shll2
add
add
jsr
mov
add
add
mov.l
mov
mov.l
cmp/ge
bf
mov.l
mov
mov.l
mov
mov.l
mov.l
jsr
nop
mov
mov.l
exts.w
and
tst
bt
bra
mov
extu.b
mov.l
mov.l
mov
tst
bt
mov.l
mov
mov.l
tst
bf
mov.l
mov
mov.l
mov
mov.l
mov.l
add
lds.l
mov.l
mov.l
mov.l
mov.l
mov.l
mov.l
rts
mov.l
