mov.l
mov.l
mov.l
sts.l
mov
mov.w
mov.l
mov
extu.b
mov.b
extu.b
mov.b
mov.b
extu.b
mov
mov.b
mov.l
mov.l
extu.b
mov
mov.b
extu.w
extu.w
cmp/ge
bt
extu.w
shll2
mov.w
add
add
mov.l
mov
mov
mov
mov
shll2
shll2
add
extu.w
shll
add
exts.w
mov
add
add
mov.l
add
add
mov.l
jsr
mov.l
mov
mov.l
mov.l
mov.l
mov
mov.l
add
jsr
mov.l
mov.l
jsr
nop
add
mov.l
extu.w
mov
add
add
cmp/ge
bf.s
mov.l
lds.l
mov.l
mov.l
rts
mov.l
