mov.l
mov.l
mov.l
mov.l
add
mov.w
mov
mov.l
mov
mov.b
extu.b
extu.b
extu.b
mov
shll2
shll2
shll2
shll2
add
exts.w
add
mov.l
add
mov
mov.l
cmp/pz
bf
extu.b
mov
shll2
shll2
shll2
shll2
add
exts.w
add
mov.l
add
add
extu.b
cmp/ge
bf
extu.b
cmp/eq
bf
mov.b
extu.b
add
mov.l
mov.l
mov.l
mov.l
jmp
mov.l
add
mov.l
mov.l
mov.l
rts
mov.l
