mov.l
extu.w
mov.l
mov.l
sts.l
sts.l
add
mov.l
mov.l
mov.l
mov.l
cmp/eq
bf
mov.l
shll2
shll
mov.l
mov.l
add
mov.l
mov.l
extu.w
extu.w
mov.l
shll
shar
shar
shar
shar
shar
shar
shar
shar
and
extu.w
mov.w
mov.w
mov.l
and
extu.w
mov
mov.w
mov.l
mov.l
add
mov.w
mov.l
shll2
shll
add
mov.l
mov.l
extu.w
mov
cmp/eq
bt
mov
cmp/eq
bt
mov
cmp/eq
bt
mov.l
shll2
shll
add
mov
bra
mov.w
mac.l
mov.l
mov.l
bra
mov.l
bra
mov.l
add
mov.l
cmp/eq
mov.l
mov.b
extu.w
mov
mov.w
mov
and
and
extu.w
extu.w
mov.w
mov.l
jsr
extu.w
mov
mov.w
extu.w
extu.w
or
extu.w
mov.l
shll2
shll
add
mov
mov.w
mov.l
mov.l
mov.l
mov
mov.l
shll2
shll
add
mov.w
mov.l
mov.l
mov.l
shll2
mov.l
shll
add
jsr
mov.l
mov.l
add
mov.l
mov.w
mov.l
mov
mov.w
mov
mulu.w
mov
sts
cmp/gt
shar
add
mov.l
add
lds.l
lds.l
mov.l
mov.l
rts
mov.l
