mov.l
sts.l
mov.l
mov.w
mov
mov.l
mov
mov.l
bra
mov
mov.l
add
mov.l
add
add
cmp/hs
bf
mov.l
bra
mov
mov.l
add
mov.l
add
add
cmp/hs
bf
mov.l
mov.l
add
mov.l
add
mov.l
mov.l
bra
mov
mov
add
mov.l
sub
mul.l
sts
add
mov.l
add
mov.l
cmp/hi
bf
mov.l
bra
mov
mov
add
mov.l
sub
mul.l
sts
add
mov.l
add
mov.l
cmp/hi
bf
lds.l
rts
mov.l
