mov.l
mov.l
mov.l
mov.l
bra
mov.l
mov.l
add
mov.l
mov.l
add
mov.l
bra
nop
mov.l
add
mov.l
mov.l
add
mov.l
bra
nop
shlr16
exts.w
mov
mov.w
add
mov.w
shlr16
exts.w
mov
mov.w
add
mov.w
bra
nop
shlr16
exts.w
mov
mov.w
add
mov.w
shlr16
exts.w
mov
mov.w
add
mov.w
bra
nop
mov.l
sts
sts
sub
mov.l
sub
mov.l
mov
mov.l
add
mov.l
mov
mov.l
add
mov.l
mov.l
mov.l
tst
bt
mov.l
mov.l
tst
bt
mov.l
mov.l
tst
bf
mov.l
add
mov.l
bra
nop
mov
mov.l
mov.l
tst
bt
mov
mov
mov
mov.l
jmp
mov.l
mov
mov.l
mov.l
add
mov.l
mov
mov.l
add
mov.l
mov.l
mov.l
tst
bt
mov.l
mov.l
tst
bt
mov.l
mov.l
tst
bf
mov.l
add
mov.l
bra
nop
mov
mov.l
mov.l
tst
bt
mov
mov
mov
mov.l
jmp
mov.l
cmp/eq
bt
cmp/eq
bt
cmp/eq
bf
bra
nop
cmp/eq
bf
bra
nop
cmp/eq
bt
cmp/eq
bt
rts
mov.l
