mov.l
mov.l
mov.l
mov.l
mov.w
mov.l
tst
bf.s
mov.l
extu.w
mov.w
and
tst
bt
mov
mov.l
cmp/hi
bf
mov.l
add
bra
mov.l
extu.w
mov.l
and
tst
bt
mov.l
mov
cmp/hs
bt
mov.l
add
mov.l
mov.l
mov
mov.l
cmp/hs
bf
mov
mov.l
cmp/hs
bt
bra
mov.l
mov
mov.l
cmp/hi
bf
mov
mov.l
mov.l
mov.l
mov.l
add
mov.b
extu.b
mov.l
mov.l
cmp/eq
bt
mov.l
mov
mov.l
jmp
mov.l
rts
mov.l
