mov.l
mov.l
mov.l
sts.l
mov.l
mov.l
mov.l
bra
mov.l
mov
mov.l
mov.b
mov.l
mov.l
mov.l
mov.l
mov.l
mov.l
bra
nop
mov.l
bra
nop
mov.l
jsr
mov
mov
jsr
mov
bra
nop
mov.l
jsr
mov
mov.l
jsr
mov
mov
mov.l
mov.w
mov
mov.l
mov.b
bra
nop
cmp/eq
bt
cmp/eq
bt
cmp/eq
bt
cmp/eq
bt
mov.l
mov.l
jsr
mov
tst
mov.l
mov
cmp/gt
and
tst
bt
mov.l
jsr
mov
lds.l
mov.l
mov.l
rts
mov.l
