mov.l
extu.w
mov.l
mov.l
tst
bt.s
mov.l
extu.w
mov.l
shlr
mov.l
add
cmp/hi
bf
mov
extu.w
shll2
mov.w
mov.l
shlr
shll
mov.l
shll2
shlr8
shll
mov
add
add
mov
mov
shll2
shll2
shll2
shll2
add
add
mov.l
mov.l
add
shar
mov.l
mov.l
mov.l
add
shar
bra
mov.l
extu.w
mov.w
shlr
mov.l
shll2
shlr8
shll
add
mov
shll2
shll2
mov.l
add
mov.l
mov.l
mov.l
mov.l
mov.w
mov.w
mov.w
mov
shll2
exts.w
mov.w
mov.w
mov.w
mov
mov.w
rts
mov.l
