mov.l
mov.l
mov.l
sts.l
mov
mov
extu.b
bsr
mov
bsr
mov
add
extu.b
cmp/ge
bf
lds.l
mov.l
mov.l
rts
mov.l
extu.b
mov
shll2
shll2
shll2
shll2
add
exts.w
mov.l
add
mov
extu.b
mov.b
mov.b
mov.b
mov.l
mov
mov.l
mov
mov.l
mov.l
mov.l
mov.l
mov.l
mov.l
mov.l
mov.l
mov.l
mov.l
mov.l
mov.l
mov
mov.b
mov
rts
mov.b
mov
mov
extu.b
mov
shll2
shll
shll2
shll2
add
exts.w
mov.l
add
extu.b
mov
mov.b
mov.w
extu.b
mov
mov.b
extu.b
extu.b
mov
exts.w
shll
add
add
add
mov.w
extu.b
cmp/ge
bf
rts
nop
