add
mov.l
mov.l
mov.w
mov.l
mov
extu.w
shll
add
mov.w
mov.w
mov.w
mov.l
extu.w
shll
add
mov.w
mov.l
mov.w
shll2
extu.w
shll
shll2
add
shll
add
mov.l
mov.l
mov.l
mov.l
shll2
shll
mov.l
add
mov.w
mov
mov
mov.w
mov.w
mov
extu.w
cmp/gt
bf
mov.w
mov
extu.w
extu.w
shll2
add
bra
extu.w
mov.l
mov.b
mov.l
bra
mov.l
mov.w
mov
mov.l
mov
shll2
shll
