mov.l
mov.l
mov.l
mov.l
mov.l
mov.l
mov.l
sts.l
sts.l
add
mov.l
mov.l
mov.l
mov.l
mov.l
mov.l
tst
bt
bra
nop
mov.l
mov.w
mov.l
mov
add
mov.l
mov.l
mov
add
mov.l
mov.l
mov
add
mov.l
mov
add
mov.l
mov.l
mov
add
mov.l
mov
add
mov.l
mov
add
mov.l
mov
add
mov.l
mov
add
mov.l
mov
add
mov.l
mov
add
mov.l
mov
add
mov.l
mov
add
mov
mov.l
add
mov.l
add
mov.l
add
mov.l
add
bra
mov.l
