mov
mov.l
mov.l
mov.l
add
shll2
shll2
shll
mov.l
add
mov.l
mov.w
mov.w
cmp/pl
bf
mov.w
mov.w
add
mov.w
mov.w
mov.w
cmp/pl
bf
mov.w
mov.w
add
mov.w
mov.w
mov.w
tst
bt
rts
nop
mov
mov
mov.w
mov.l
cmp/ge
bf.s
mov
mov.w
mov.w
add
rts
mov.w
mov.w
mov.w
mov.l
cmp/ge
bt
rts
nop
mov.b
mov.b
mov.l
mov.b
mov.b
extu.b
mov.b
mul.l
mov
mov
