mov.l
mov.l
mov.l
mov.l
mov.l
mov.l
mov.l
add
mov
mov.w
mov
mov
mov
add
mov.w
exts.w
mov.w
mov.w
exts.w
mov.w
exts.w
and
add
mov.l
mov.l
cmp/ge
xor
and
tst
bt
bra
mov.l
add
mov.l
and
mov.w
exts.w
or
exts.w
mov.w
and
add
mov.l
mov.l
cmp/ge
xor
and
tst
bt
bra
mov.l
mov.l
and
exts.w
mov.w
and
or
add
mov.w
exts.w
mov.l
mov.l
cmp/ge
xor
and
tst
bt
bra
mov.l
mov.l
and
mov.w
add
or
exts.w
mov.w
add
cmp/ge
bf.s
add
add
mov.l
mov.l
mov.l
mov.l
mov.l
mov.l
rts
mov.l
