mov.l
mov.l
mov.l
mov.l
mov.l
sts.l
add
mov.l
mov.l
mov.l
mov.l
mov
add
mov.b
extu.b
mov
add
mov.b
extu.b
mov
add
mov.b
extu.b
mov
add
mov.b
extu.b
mov
add
mov.b
extu.b
mov
mov
mov
mov
mov.b
shar
and
extu.b
shar
mov
shar
shar
shar
shar
and
shar
mov
shll
shll2
shll
add
shar
and
mov.w
mul.l
sts
mov
and
mov
mul.l
sts
add
add
mov
add
shar
mov.w
shar
add
shar
mov.b
shar
mov
and
and
mov
extu.b
shll
shll2
mov
mov.b
shar
shar
shar
shar
and
extu.b
mov.b
shll
add
mov
and
add
extu.b
mov
mov
mov.b
shar
and
shar
shar
shar
and
mov
shll
shll2
shll
add
add
extu.b
mov
mov.b
shar
shar
shar
shar
and
mov
shll
shll2
shll
add
mov
and
add
extu.b
mov.b
add
lds.l
mov.l
mov.l
mov.l
mov.l
rts
mov.l
