sts.l
mov
mov.l
extu.b
mov.b
mov.l
mov.b
mov.l
mov.w
mov.l
mov.l
jsr
mov.b
mov.l
jsr
nop
mov.l
jsr
nop
mov.l
jsr
nop
mov.l
mov.w
extu.w
tst
bf
mov.l
jsr
nop
extu.w
mov.l
mov.w
mov.l
mov.w
mov.l
mov.l
mov.l
mov.l
mov.l
cmp/eq
bf
mov.l
add
mov.l
mov.l
jsr
nop
mov.l
mov.l
mov.l
or
mov.l
mov
mov.l
mov.l
mov.l
jsr
nop
mov
mov.l
mov.l
mov.l
mov.w
lds.l
rts
mov.l
