mov.l
mov
mov.l
mov
mov.l
sts.l
mov.b
extu.b
tst
bf
bra
nop
bsr
mov
bra
mov
mov.w
mov
mov.b
mov
lds.l
mov.l
mov.l
bra
mov.l
mov.w
mov
mov.b
mov
lds.l
mov.l
mov.l
bra
mov.l
mov.w
mov
mov.b
mov
lds.l
mov.l
mov.l
bra
mov.l
mov.w
mov
mov.b
mov
lds.l
mov.l
mov.l
bra
mov.l
bsr
mov
cmp/eq
bf
mov.w
mov
mov.b
mov
lds.l
mov.l
mov.l
bra
mov.l
mov
mov.b
extu.b
cmp/eq
bf
mov
mov
mov.b
bsr
mov
bsr
mov
mov
mov.b
bra
extu.b
mac.l
mov.l
mov.b
cmp/eq
bt
cmp/eq
bt
cmp/eq
bt
cmp/eq
bt
cmp/eq
bt
cmp/eq
bt
bsr
mov
mov
mov
cmp/eq
bf
mov
cmp/eq
bf
mov.l
jsr
mov.l
mov
mov.l
jsr
mov.l
mov
mov
sub
bsr
mov
mov
mov
mov
mov.b
bsr
mov
bsr
mov
bsr
mov
bsr
mov
mov
mov.b
extu.b
lds.l
mov.l
mov.l
rts
mov.l
