sts.l
mov
add
mov.l
mov.w
mov
mov
mov
mov.w
mov
mov.w
mov.l
mov.w
mov.w
mov.l
mov
extu.w
jsr
add
mov
mov.w
mov.l
mov.w
mov.l
mov
extu.w
jsr
add
mov.l
mov
mov.w
mov.w
mov.l
mov
extu.w
jsr
add
mov
mov.w
mov.l
mov.w
mov.l
mov
extu.w
jsr
add
mov.l
mov
mov.w
mov.w
mov.l
mov
extu.w
jsr
add
mov
mov.w
mov.l
mov.w
mov.l
mov
extu.w
jsr
add
mov.l
mov
mov.w
mov.w
mov.l
mov
extu.w
jsr
add
mov
mov.w
mov.l
mov.w
mov.l
mov
extu.w
jsr
add
mov.l
mov
mov.w
mov.w
mov.l
mov
extu.w
jsr
add
mov
mov.w
mov.l
mov.w
mov.l
mov
extu.w
jsr
add
mov.l
bra
nop
stc
mov.b
mac.l
mov.w
sts
or
add
sts
sts
sts
sts
sts
sts
cmp/gt
sts
sts
cmp/ge
sts
cmp/gt
sts
mov.w
mov.w
mov.l
mov
extu.w
mov.w
add
mov
shll2
extu.w
jsr
add
mov.l
mov.w
mov.w
mov.l
mov
extu.w
mov.w
add
mov
shll2
extu.w
jsr
add
mov.l
mov.w
mov.w
mov.l
mov
extu.w
mov.w
add
mov
shll2
extu.w
jsr
add
mov.l
mov.w
mov.w
mov.l
mov
extu.w
mov.w
add
mov
shll2
extu.w
jsr
add
mov.l
mov.w
mov.w
mov.l
mov
extu.w
mov.w
add
mov
shll2
extu.w
jsr
add
mov.l
mov.w
mov.w
mov.l
mov
extu.w
mov.w
add
mov
shll2
extu.w
jsr
add
mov.l
mov.w
mov.w
mov.l
mov
extu.w
mov.w
add
mov
shll2
extu.w
jsr
add
mov.l
mov.w
mov.w
mov.l
mov
extu.w
mov.w
add
mov
shll2
extu.w
jsr
add
mov.l
mov.w
mov.w
mov.l
mov
extu.w
mov.w
add
mov
shll2
extu.w
jsr
add
mov.l
mov.w
mov.w
mov.l
mov
extu.w
mov.w
add
mov
shll2
extu.w
jsr
add
mov.l
mov.w
mov
extu.w
add
shll2
mov.w
bra
nop
mov.b
add
sts
mov.b
sts
mov.b
sts
mov.b
sts
mov.b
sts
mov.b
sts
mov.b
sts
sts
mov.b
sts
mov.b
sts
mov.w
mov.l
mov
extu.w
jsr
add
mov.l
mov.w
mov.w
mov.l
mov
extu.w
mov.w
add
mov
shll2
extu.w
jsr
add
mov.l
mov.w
mov.w
mov.l
mov
extu.w
mov.w
add
mov
shll2
extu.w
jsr
add
mov.l
mov.w
mov.w
mov.l
mov
extu.w
mov.w
add
mov
shll2
extu.w
jsr
add
mov.l
mov.w
mov.w
mov.l
mov
extu.w
mov.w
add
mov
shll2
extu.w
jsr
add
mov.l
mov.w
mov.w
mov.l
mov
extu.w
mov.w
add
mov
shll2
extu.w
jsr
add
mov.l
mov.w
mov.w
mov.l
mov
extu.w
mov.w
add
mov
shll2
extu.w
jsr
add
mov.l
mov.w
mov.w
mov.l
mov
extu.w
mov.w
add
mov
shll2
extu.w
jsr
add
mov.l
mov.w
mov.w
mov.l
mov
extu.w
mov.w
add
mov
shll2
extu.w
jsr
add
mov.l
mov.w
mov.w
mov.l
mov
extu.w
mov.w
add
mov
shll2
extu.w
jsr
add
mov.l
mov.w
mov.w
mov.l
mov
extu.w
mov.w
add
mov
shll2
extu.w
jsr
add
bra
nop
add
sts
mov.l
sts
mov.l
sts
mov.l
sts
mov.l
sts
mov.l
sts
mov.l
sts
mov.l
sts
mov.l
sts
mov.l
sts
mov.l
mov.l
mov.w
mov.w
mov.l
mov
extu.w
mov.w
add
mov
shll2
extu.w
jsr
add
mov.l
mov.w
mov.w
mov.l
mov
extu.w
mov.w
add
mov
shll2
extu.w
jsr
add
mov.l
mov.w
mov.w
mov.l
mov
extu.w
mov.w
add
mov
shll2
extu.w
jsr
add
mov.l
mov.w
mov.w
mov.l
mov
extu.w
mov.w
add
mov
shll2
extu.w
jsr
add
mov.l
mov.w
mov.w
mov.l
mov
extu.w
mov.w
add
mov
shll2
extu.w
jsr
add
mov.l
mov.w
mov.w
mov.l
mov
extu.w
mov.w
add
mov
shll2
extu.w
jsr
add
mov.l
mov.w
mov.w
mov.l
mov
extu.w
mov.w
add
mov
shll2
extu.w
jsr
add
mov.l
mov.w
mov.w
mov.l
mov
extu.w
mov.w
add
mov
shll2
extu.w
jsr
add
mov.l
mov.w
mov.w
mov.l
mov
extu.w
mov.w
add
mov
shll2
extu.w
jsr
add
mov.l
mov.w
mov.w
mov.l
mov
extu.w
mov.w
add
mov
shll2
extu.w
jsr
add
mov.l
mov.w
mov
extu.w
add
shll2
bra
nop
mov.b
mov.b
mov.b
sts
mov.l
add
sts
mov.l
sts
mov.l
sts
mov.l
sts
mov.l
sts
mov.l
sts
mov.l
sts
mov.b
sts
mov.b
sts
mov.b
sts
mov.w
mov.w
mov.l
mov
extu.w
jsr
add
mov.l
mov.w
mov.w
mov.l
mov
extu.w
mov.w
add
mov
shll2
extu.w
jsr
add
mov.l
mov.w
mov.w
mov.l
mov
extu.w
mov.w
add
mov
shll2
extu.w
jsr
add
mov.l
mov.w
mov.w
mov.l
mov
extu.w
mov.w
add
mov
shll2
extu.w
jsr
add
mov.l
mov.w
mov.w
mov.l
mov
extu.w
mov.w
add
mov
shll2
extu.w
jsr
add
mov.l
mov.w
mov.w
mov.l
mov
extu.w
mov.w
add
mov
shll2
extu.w
jsr
add
mov.l
mov.w
mov.w
mov.l
mov
extu.w
mov.w
add
mov
shll2
extu.w
jsr
add
mov.l
mov.w
mov.w
mov.l
mov
extu.w
mov.w
add
mov
shll2
extu.w
jsr
add
mov.l
mov.w
mov.w
mov.l
mov
extu.w
mov.w
add
mov
shll2
extu.w
jsr
add
mov.l
mov.w
mov.w
mov.l
mov
extu.w
mov.w
add
mov
shll2
extu.w
jsr
add
mov.l
mov.w
mov.w
mov.l
mov
extu.w
mov.w
add
mov
shll2
extu.w
jsr
add
bra
nop
mov.b
mov.b
add
sts
mov.b
sts
sts
mov.b
sts
sts
mov.b
sts
sts
mov.b
sts
sts
mov.b
sts
mov.l
mov
mov
mov
mov.w
mov
mov
mov.w
mov.w
mov.l
mov
extu.w
jsr
add
mov
mov
mov.w
mov.l
mov
extu.w
jsr
add
mov
mov
mov.w
mov.l
mov
extu.w
jsr
add
mov
mov
mov.w
mov.l
mov
extu.w
jsr
add
mov
mov
mov.w
mov.l
mov
extu.w
jsr
add
mov
mov
mov.w
mov.l
mov
extu.w
jsr
add
mov
mov
mov.w
mov.l
mov
extu.w
jsr
add
mov
mov
mov.w
mov.l
mov
extu.w
jsr
add
mov
mov
mov.w
mov.l
mov
extu.w
jsr
add
mov
mov
mov.w
mov.l
mov
extu.w
jsr
add
mov
mov
mov.w
mov.l
mov
extu.w
jsr
add
mov
mov
mov.w
mov.l
mov
extu.w
jsr
add
mov
mov
mov.w
mov.l
mov
extu.w
jsr
add
mov
mov
mov.w
mov.l
mov
extu.w
jsr
add
mov
mov
mov.w
mov.l
mov
extu.w
jsr
add
mov
mov
mov.w
mov.l
mov
extu.w
jsr
add
mov
mov
mov.w
mov
extu.w
bra
add
mov.w
add
mov.l
jsr
nop
mov
mov
mov.w
mov.l
mov
extu.w
jsr
add
mov
mov
mov.w
mov.l
mov
extu.w
jsr
add
mov
mov
mov.w
mov.l
mov
extu.w
jsr
add
mov
mov
mov.w
mov.l
mov
extu.w
jsr
add
mov
mov
mov.w
mov.l
mov
extu.w
jsr
add
mov
mov
mov.w
mov.l
mov
extu.w
jsr
add
mov
mov
mov.w
mov.l
mov
extu.w
jsr
add
mov
mov
mov.w
mov.l
mov
extu.w
jsr
add
mov
mov
mov.w
mov.l
mov
extu.w
jsr
add
mov
mov
mov.w
mov.l
mov
extu.w
jsr
add
mov
mov
mov.w
mov.l
mov
extu.w
jsr
add
mov
mov
mov.w
mov.l
mov
extu.w
jsr
add
mov
mov
mov.w
mov.l
mov
extu.w
jsr
add
mov
mov.w
mov.l
mov
mov
extu.w
jsr
add
mov
mov
mov.w
mov.l
mov
extu.w
jsr
add
mov
mov
mov.w
mov.l
mov
extu.w
jsr
add
mov
mov
mov.w
mov.l
mov
extu.w
jsr
add
mov
mov
bra
nop
add
mov.w
mov.l
mov
extu.w
jsr
add
mov
mov
mov.w
mov.l
mov
extu.w
jsr
add
mov
mov
mov.w
mov.l
mov
extu.w
jsr
add
mov
mov
mov.w
mov.l
mov
extu.w
jsr
add
mov
mov
mov.w
mov.l
mov
extu.w
jsr
add
mov
mov
mov.w
mov.l
mov
extu.w
jsr
add
mov
mov
mov.w
mov.l
mov
extu.w
jsr
add
mov
mov
mov.w
mov.l
mov
extu.w
jsr
add
mov
mov
mov.w
mov.l
mov
extu.w
jsr
add
mov
mov
mov.w
mov.l
mov
extu.w
jsr
add
mov
mov
mov.w
mov.l
mov
extu.w
jsr
add
mov
mov
mov.w
mov.l
mov
extu.w
jsr
add
mov
mov
mov.w
mov.l
mov
extu.w
jsr
add
mov
mov
mov.w
mov.l
mov
extu.w
jsr
add
mov
mov
mov.w
mov.l
mov
extu.w
jsr
add
mov
mov
mov.w
mov.l
mov
extu.w
jsr
add
mov
mov
mov.w
mov.l
mov
extu.w
jsr
add
mov
mov
mov.w
mov
extu.w
bra
add
add
mov.l
jsr
nop
mov
mov
mov.l
mov.w
mov
mov.w
mov
mov.w
mov
mov.w
mov.l
mov.w
mov.w
mov.l
mov
extu.w
jsr
add
mov.l
mov.w
mov.w
mov.l
mov
extu.w
mov.w
add
mov
shll2
extu.w
jsr
add
mov.l
mov.w
mov.w
mov.l
mov
extu.w
mov.w
add
mov
shll2
extu.w
jsr
add
mov.l
mov.w
mov.w
mov.l
mov
extu.w
mov.w
add
mov
shll2
extu.w
jsr
add
mov.l
mov
mov.w
mov
mov.w
mov
mov.w
mov
mov.w
mov.l
mov.l
tst
bt
mov.l
mov.w
mov.w
mov.l
mov
extu.w
mov.w
shll2
mov
jsr
extu.w
mov.l
mov.w
mov.w
mov.l
mov
extu.w
mov.w
shll2
mov
extu.w
jsr
add
mov.l
mov.w
mov.w
mov.l
mov
extu.w
mov.w
shll2
mov
extu.w
jsr
add
mov.l
mov.w
mov.w
mov.l
mov
extu.w
mov.w
shll2
mov
extu.w
jsr
add
bra
nop
add
mov.w
sts
cmp/gt
add
sts
sts
cmp/ge
sts
cmp/ge
mov.w
mul.l
mov
sts
sts
sts
sts
mac.w
mov.l
mov.w
mov.w
mov.l
mov
extu.w
mov.w
shll2
mov
jsr
extu.w
mov.l
mov.w
mov.w
mov.l
mov
extu.w
mov.w
shll2
mov
extu.w
jsr
add
mov.l
mov.w
mov.w
mov.l
mov
extu.w
mov.w
shll2
mov
extu.w
jsr
add
mov.l
mov.w
mov.w
mov.l
mov
extu.w
mov.w
shll2
mov
extu.w
jsr
add
mov.l
mov.b
extu.b
tst
bt
mov.l
mov.w
mov.w
mov.l
mov
extu.w
mov.w
shll2
mov
extu.w
jsr
add
mov.l
mov.w
mov.w
mov.l
mov
extu.w
mov.w
shll2
mov
extu.w
jsr
add
mov.l
mov.w
mov.w
mov.l
mov
extu.w
mov.w
shll2
mov
extu.w
jsr
add
mov.l
mov.w
mov.w
mov.l
mov
extu.w
mov.w
shll2
mov
extu.w
jsr
add
bra
nop
sts
lds
add
sts
sts
sts
mul.l
sts
sts
sts
sts
mov.l
mov.w
mov.w
mov.l
mov
extu.w
mov.w
shll2
mov
extu.w
jsr
add
mov.l
mov.w
mov.w
mov.l
mov
extu.w
mov.w
shll2
mov
extu.w
jsr
add
mov.l
mov.w
mov.w
mov.l
mov
extu.w
mov.w
shll2
mov
extu.w
jsr
add
mov.l
mov.w
mov.w
mov.l
mov
extu.w
mov.w
shll2
mov
extu.w
jsr
add
mov.l
mov.w
mov.w
mov.l
mov
extu.w
mov.w
shll2
mov
extu.w
jsr
add
mov.l
mov.w
mov.w
mov.l
mov
extu.w
mov.w
shll2
mov
extu.w
jsr
add
mov.l
mov.w
mov.w
mov.l
mov
extu.w
mov.w
shll2
mov
extu.w
jsr
add
mov.l
mov.w
mov.w
mov.l
mov
extu.w
mov.w
shll2
mov
extu.w
jsr
add
mov.l
bra
mov.l
mov
mov.w
mov.l
mov.w
mov.l
mov
extu.w
jsr
add
bra
nop
mov.l
mov
mov.w
mov.w
mov.l
mov
extu.w
jsr
add
bra
nop
sts
add
sts
sts
mac.w
sts
sts
sts
sts
sts
mul.l
mov
sts
sts
mov.l
mov
mov.w
mov.w
mov.l
mov
extu.w
jsr
add
bra
nop
sts
add
cmp/eq
bt
cmp/eq
bt
cmp/eq
bt
mov.l
mov.w
mov.w
mov.l
jsr
mov
mov.l
mov.l
mov.l
mov.l
mov
mov.l
add
mov.l
mov.l
mov.w
mov.w
mov.l
jsr
mov
mov.l
mov.w
mov.w
mov.l
jsr
mov
mov.l
mov.w
mov.w
mov.l
jsr
mov
mov.l
mov.w
mov.w
mov.l
jsr
mov
mov.l
mov.w
mov.w
mov.l
jsr
mov
mov
mov.w
mov.l
mov
jsr
add
mov.l
mov.w
mov.w
mov.l
jsr
mov
mov.l
mov.w
mov.w
mov.l
jsr
mov
mov.l
mov.w
mov.w
mov.l
jsr
mov
mov.l
mov.w
mov.w
mov.l
jsr
mov
mov.l
mov.w
mov.w
mov.l
jsr
mov
mov
mov.w
mov.l
mov
jsr
add
mov
mov.w
bra
nop
