mov.l
mov
mov.l
mov.l
mov.l
mov.l
mov.l
mov.l
sts.l
add
mov.l
mov
mov.l
mov.l
mov.l
mov.l
add
sub
bsr
mov
bra
mov
bra
nop
mov.b
sts
mov.l
jsr
nop
tst
bf
bra
mov
bra
mov
bra
mov
jsr
mov.l
bra
mov
cmp/eq
bt
cmp/eq
bt
cmp/eq
bt
cmp/eq
bt
cmp/eq
bt
bra
nop
mov.l
tst
bf
mov.l
cmp/eq
bf
bra
mov
mov.l
cmp/ge
bt
bra
nop
mov.b
mov.l
mov
mov.l
jsr
mov.l
tst
bt
bra
nop
mov
mov.l
mov.l
jsr
mov.l
mov
cmp/pz
bt
mov
mov.l
jsr
mov
mov
bsr
mov
mov.l
cmp/pl
bf.s
add
mov.l
mov.w
mov.l
mov.l
cmp/ge
bt
mov.l
mov.w
mov.l
sub
sub
cmp/ge
bf
mov.l
add
mov.l
mov.l
sub
tst
bf
bra
mov
bra
mov
sub
cmp/pl
bt
mov.l
mov.l
sub
tst
bf
bra
mov
bra
mov
mov.l
jsr
nop
mov
cmp/pz
bt
bra
mov
mov.b
mov.b
mov.l
add
mov.b
mov.b
mov.l
sts
mov.b
mov.l
mov.l
jsr
mov
mov
add
bsr
mov
mov.l
mov
mov
add
add
mov
mov.l
add
mov.l
mov
mov.l
mov
mov
add
add
mov.l
mov
mov.l
add
mov.l
sub
mov
mov.l
mov
mov
add
mov.b
bsr
mov
mov
mov.l
mov.w
add
mov.l
mov.l
cmp/gt
bt
mov
mov.l
mov.w
add
mov.l
mov.l
cmp/ge
bt
mov.l
cmp/ge
bt
mov.l
mov.l
mov.w
mov.l
cmp/gt
bt
mov.l
mov
add
mov.l
mov.w
mov.l
bra
mov
mov
mov.l
jsr
mov.l
mov.l
jsr
nop
tst
bt
bra
mov
mov
mov
mov.l
jsr
add
mov.l
add
mov.l
mov.l
mov
add
mov.l
mov.w
mov.l
mov.l
mov.l
add
mov.l
bra
mov
mov.b
mov.b
mov.l
mov.b
mov.l
mov.b
mov.l
mov.b
mov.l
mov.l
mov.l
cmp/gt
bt
jsr
mov.l
mov.l
mov.w
mov.l
mov.l
cmp/gt
bt
mov.l
mov
mov.w
mov.l
add
mov.l
bra
mov
bra
mov
mov.l
mov.l
mov.w
mov.l
sub
mov.l
cmp/ge
bf
jsr
mov.l
bra
mov
tst
bf
jsr
mov.l
bra
mov
mov
add
lds.l
mov.l
mov.l
mov.l
mov.l
mov.l
mov.l
rts
mov.l
