mov.l
mov.l
mov.l
mov.l
mov.l
mov.l
mov.l
sts.l
mov.w
mov
mov
mov
mov.l
extu.w
bra
mov
extu.w
mov.l
shll2
add
mov.w
extu.w
tst
bf
bra
nop
extu.w
mov
shll2
shll2
shll
add
mov.w
bsr
mov
bra
nop
extu.w
shll2
shll2
shll
add
mov.w
mov
bsr
extu.w
tst
bt
extu.w
shll2
shll2
shll
add
extu.b
mov
mov.b
bra
nop
extu.w
shll2
shll2
shll
add
extu.b
mov
mov.b
bra
nop
cmp/eq
bt
cmp/eq
bt
cmp/eq
bt
extu.w
mov.l
mov.l
shll2
mov.b
shll2
extu.b
shll
shll2
add
add
mov.l
mov.l
add
cmp/hs
bt
extu.w
shll2
shll2
shll
add
extu.b
mov
mov.b
bra
nop
mac.l
add
add
add
mov.b
bra
extu.w
shll2
shll2
shll
add
extu.b
mov
mov.b
add
add
extu.w
cmp/ge
bf
mov.l
mov.w
lds.l
mov.l
mov.l
mov.l
mov.l
mov.l
mov.l
rts
mov.l
