mov.l
mov.l
mov.l
mov.l
mov.l
mov.l
mov.l
sts.l
add
mov
mov.l
mov.l
mov.w
mov.w
mov
mov.w
mov
add
mov.l
mov.l
mov.b
bra
extu.b
mov.l
mov.l
mov.l
cmp/hi
bf
mov.l
mov.l
add
mov.l
mov.l
bra
nop
mov.b
mov
mov.l
mov
bra
mov.l
mov.l
add
mov
mov.b
add
extu.b
mov.b
extu.b
cmp/gt
bf
mov.l
add
mov.b
add
mov.b
extu.b
bra
mov.b
mov.l
add
mov
mov.b
add
extu.b
mov.b
extu.b
cmp/ge
bt
mov.l
add
mov.b
add
mov.b
extu.b
mov.b
mov.l
mov.w
add
mov
mov.b
add
extu.b
mov.b
extu.b
cmp/gt
bf
mov.l
add
mov.b
add
mov.b
extu.b
bra
mov.b
sts
sts
sts
sts
sts
mov.l
mov.w
add
mov
mov.b
add
extu.b
mov.b
extu.b
cmp/ge
bt
mov.l
add
mov.b
add
mov.b
extu.b
mov.b
mov.l
mov.w
add
mov
mov.b
add
extu.b
mov.b
extu.b
cmp/gt
bf
mov.l
add
mov.b
add
mov.b
extu.b
bra
mov.b
mov.l
mov.w
add
mov.b
mov
extu.b
add
mov.b
extu.b
cmp/ge
bt
mov.l
add
mov.b
add
mov.b
extu.b
mov.b
add
mov.l
mov.l
cmp/hs
bt
bra
nop
mov.l
mov.l
mov.l
mov.w
mov.w
extu.w
and
shar
shar
shar
shar
shar
shar
shar
shar
shar
shar
shar
shar
mov
cmp/eq
bf
mov.l
mov.l
mov
add
mov.l
mov.l
mov.l
mov
add
mov.l
mov
add
mov.l
mov
add
add
bra
mov.l
cmp/eq
sts
sts
sts
cmp/hi
sts
mov.l
mov
mov.b
mov.l
mov.l
mov.l
add
mov
mov
add
add
add
mov.b
mov.b
mov.l
mov.b
mov.b
mov.l
mov.b
mov.b
mov.l
mov.l
mov.l
mov.l
mov.l
mov.l
add
jsr
mov.l
mov.l
add
mov.l
mov.l
mov.l
mov.l
cmp/hs
bf
bra
nop
mov.l
mov
add
add
mov.l
mov.l
mov.l
bra
nop
mov.l
mov.l
mov.l
add
mov
mov
add
add
add
mov.b
extu.b
mov.l
mov.l
mov.b
mov
extu.b
mov.l
shll2
shll2
shll
or
mov.l
mov.l
mov.b
mov
extu.b
mov.l
shll2
shll2
shll
or
mov.l
mov
mov.l
mov.l
mov.l
mov.l
mov.l
mov.l
add
jsr
mov.l
mov.l
add
mov.l
mov.l
mov.l
mov.l
cmp/hs
bf
bra
nop
sts
sts
mov.b
sts
sts
mov.l
mov.l
mov.l
cmp/hi
bf
mov.l
mov.l
add
mov.l
mov.l
bra
nop
mov.l
mov.l
mov.b
extu.b
tst
bt
mov.b
add
mov.b
mov.b
mov.b
extu.b
extu.b
cmp/ge
bf
mov.b
mov.b
extu.b
bra
mov.b
sts
sts
sts
mov.b
add
mov.b
mov.b
mov.b
extu.b
extu.b
cmp/gt
bt
mov.b
mov.b
extu.b
mov.b
mov.l
mov.w
mov.l
and
tst
bt
mov.w
bsr
mov.b
mov.l
mov.w
mov.l
and
tst
bt
mov.w
bsr
mov.b
mov.l
mov.l
and
tst
bt
mov.b
bsr
mov
mov.l
mov.w
mov.l
and
tst
bt
mov.w
bsr
mov.b
mov.l
mov.w
mov.l
and
tst
bt
mov.w
bsr
mov.b
mov.l
mov.w
mov.l
and
tst
bt
mov.w
bsr
mov.b
mov.l
mov.w
mov.l
and
tst
bt
mov.w
bsr
mov.b
mov.l
mov.l
mov.l
and
tst
bt
mov.l
bsr
mov.b
mov.l
mov.l
tst
bt
mov.b
bsr
mov
mov.l
mov.l
tst
bt
mov.b
bsr
mov
bra
nop
mov.l
mov.b
shll
sts
mov.b
mov.l
mov.l
tst
bt
mov.b
bsr
mov
mov.l
mov.l
tst
bt
mov.b
bsr
mov
mov.l
mov.l
and
tst
bt
mov.b
bsr
mov
mov.l
mov.l
tst
bt
mov.b
bsr
mov
mov.l
mov.l
tst
bt
mov.w
bsr
mov.b
mov.l
mov.l
bra
nop
mov.l
mov.l
mov.l
cmp/hi
bf
mov.l
mov.l
add
mov.l
mov.l
bra
nop
mov.l
mov.l
mov.l
mov.l
mov.w
mov.w
mov.w
bsr
mov.l
mov.l
mov.l
mov.w
mov.w
sub
mov.w
mov.l
mov.l
mov.w
mov.w
sub
mov.l
mov.w
mov.l
mov.l
mov.w
mov.w
sub
mov.l
cmp/pl
bf.s
mov.w
mov.w
cmp/pl
bt
exts.w
mov.l
mov.w
bra
nop
sts
sts
sts
sts
sts
sts
sts
sts
mov.w
cmp/pz
bf
exts.w
mov.l
mov.w
mov.l
mov.w
cmp/pl
bf
mov.l
mov.w
cmp/pl
bt
exts.w
mov.l
mov.w
bra
nop
mov.l
mov.w
cmp/pz
bf
exts.w
mov.l
mov.w
mov.l
mov.w
cmp/pl
bf
mov.l
mov.w
cmp/pl
bt
exts.w
mov.l
mov.w
bra
nop
mov.l
mov.w
cmp/pz
bf
exts.w
mov.l
mov.w
mov.l
mov.w
tst
bf
mov.l
mov.w
tst
bf
mov.l
mov.w
tst
bf
extu.b
mov.b
mov.l
mov.l
bra
nop
cmp/eq
bf
bra
nop
cmp/eq
bf
bra
nop
cmp/eq
bf
bra
nop
add
lds.l
mov.l
mov.l
mov.l
mov.l
mov.l
mov.l
rts
mov.l
