mov
mov.w
mov.w
add
mov.l
tst
mov
bt
add
mov.l
tst
or
bt
add
mov.l
tst
or
bt
add
mov.l
tst
or
bt
add
tst
bt
mov
tst
bf
mov.w
mov.w
mov
cmp/ge
bt
mov
cmp/ge
bt
mov
cmp/eq
bt
mov
cmp/eq
bt
mov
cmp/ge
bt
mov.l
mov.l
shll2
add
mov.l
rts
shar
mov.b
mov.b
mov.b
extu.b
mov.l
mov.l
shll2
add
mov.l
rts
shar
