sts.l
add
add
shll2
mov.l
mov.l
mov.l
mov.l
mov.l
mov.l
mov.w
add
mov.l
mov
mov.l
shll2
shll2
shll
shll2
add
add
mov.l
mov
sub
cmp/pz
bt.s
mov.l
mov
bra
sub
mov.l
mov.l
mov.l
mov.l
mov.l
mov.l
mov.l
sub
cmp/pz
bt.s
mov.l
mov.l
mov.l
sub
bra
nop
mov.l
mov
mov.l
add
mov.l
mov
jsr
mov.l
mov.l
mov
mov.l
mov.l
mov.l
mov
shll2
add
sub
mov
mov.l
mov.l
mov.l
sub
mov.l
mov.l
mov.l
add
lds.l
rts
mov.l
