sts.l
mov.l
mov.l
mov.l
mov.l
mov.l
mov.l
mov.w
extu.w
cmp/eq
bf
mov.l
tst
bt
jsr
nop
mov
mov.l
bra
nop
mov.l
mov.l
mov.w
extu.w
cmp/eq
bf
mov.l
tst
bt
mov.l
mov.l
mov.w
extu.w
or
mov.w
mov.w
extu.w
or
jsr
mov.w
mov
mov.l
bra
nop
mov.w
extu.w
tst
bf
jsr
nop
bra
mov.l
bt
sts
mov.l
mov.l
cmp/eq
mov.l
sts
mov.b
stc
sts
mov.b
mov.l
add
mov.l
mov.l
mov.l
cmp/eq
bf
mov.l
mov.l
mov.l
add
cmp/gt
bt
mov.w
extu.w
or
extu.w
mov.w
mov.l
mov.l
mov.l
cmp/gt
bt
mov.l
tst
bt
jsr
nop
mov
mov.l
mov.l
lds.l
mov.l
mov.l
mov.l
mov.l
rts
mov.l
