mov.l
mov.l
sts.l
add
mov.w
mov.l
mov.l
mov.l
mov.l
mov.l
mov.l
mov.l
mov.l
tst
bf
bra
nop
mov.l
mov.l
mov.l
mov.l
mov.l
jsr
mov
mov.w
mov.l
mov.l
mov.l
mov.l
add
mov.l
mov.l
mov.l
add
mov.l
mov.l
tst
bf
bra
mov
mov.w
mov.l
tst
bf
bra
mov
mulu.w
mov.b
mov.l
mov.l
mulu.w
mov.b
mulu.w
mov
or
mov.l
mov.l
mov
add
mov.l
mov.w
add
mov.l
mov.l
and
tst
bt
mov.l
mov.l
mov.l
add
lds.l
mov.l
jmp
mov.l
add
lds.l
mov.l
rts
mov.l
