sts.l
add
mov.w
mov.l
mov.b
mov
mov
mov.l
add
mov.l
mov.b
cmp/pl
bf.s
add
extu.b
mov.l
shll
mov.w
extu.b
extu.b
cmp/eq
bf
extu.w
mov.w
extu.w
bra
mov.w
extu.b
add
shll
extu.w
mov.w
add
extu.w
mov.w
mov
extu.w
mov
mov.l
mov.l
add
shll
jsr
mov
add
mov.b
extu.b
cmp/ge
bf.s
add
add
lds.l
mov.l
mov.l
mov.l
mov.l
mov.l
mov.l
rts
mov.l
