mov.l
sts.l
mov.l
mov.w
mov.l
mov.l
tst
bt
mov
mov.l
mov.l
mov.l
mov.w
mov.l
mov.l
mov.l
neg
add
mov.l
mov.l
mov
mov.b
tst
bt.s
add
mov
mov.l
bra
shll
mov
shll
mov.l
add
mov.l
mov.w
mov
mov.l
cmp/pz
bt.s
mov.w
bra
exts.w
exts.w
neg
mov.w
mov.l
mov.l
mov.w
mov.l
sub
mov.l
mov.l
mov.w
mov.l
bra
cmp/eq
mov.l
mov.l
mov
cmp/ge
bf
mov.l
mov.w
mov.l
tst
bf
mov.l
mov.l
mov.l
mov
mov.b
tst
bt.s
mov
mov.l
mov
mov.w
mov.l
mov.l
mov.w
mov.l
mov.l
and
tst
bt
mov.l
mov.l
jsr
mov
bra
nop
mov.b
mov.b
mul.l
mov
mul.l
mov
mov.b
mov.l
mov.b
mov.l
mul.l
mov
stc
bra
mov.l
mov.l
mov.l
mov
mov.b
tst
bt
mov.l
mov
mov.w
mov.l
mov.l
mov.w
mov.l
mov.l
and
tst
bt
mov.l
mov.l
jsr
mov
mov
mov.l
mov.w
mov.l
jsr
mov
mov.l
mov.w
mov.l
jsr
mov
lds.l
rts
mov.l
