mov.l
mov
mov.l
sts.l
cmp/ge
bf.s
mov
mov
cmp/gt
bf
bra
mov
mov
and
tst
bt
bra
mov
tst
bt
mov.l
tst
bt
mov
cmp/eq
bf
mov.l
mov
cmp/ge
bf
mov.l
tst
bf
bra
mov
mov.l
mov.l
bsr
nop
tst
bf
bra
mov
mov
mov.l
jsr
nop
mov
tst
bt
lds.l
mov.l
bra
mov.l
mov.l
mov.w
mov.l
mov.l
tst
bf
mov
lds.l
mov.l
bra
mov.l
mov.b
sts
mov.b
mov.b
tst
bf
mov.l
jsr
nop
mov
cmp/pz
bt
mov
lds.l
mov.l
bra
mov.l
mov.l
jsr
mov
mov
cmp/pl
bt
mov
lds.l
mov.l
bra
mov.l
bsr
mov
bsr
mov
mov
lds.l
mov.l
rts
mov.l
