mov.l
mov.l
mov.l
mov.l
mov
mov
mov.l
mov.l
mov
mov.l
mov.l
mov.l
mov.l
mov.w
extu.w
mov
mov.w
extu.w
mov.w
extu.w
mov.w
shlr2
mov
mov.w
extu.w
extu.w
mov
extu.w
shll
add
add
add
mov.w
extu.w
cmp/ge
bf
mov
mov.w
mov
mov.w
mov
mov.w
mov
mov.w
mov.w
extu.w
mov
mov.w
extu.w
mov.w
extu.w
mov.w
extu.w
mov.w
extu.w
mov.w
extu.w
mov.w
extu.w
mov.w
extu.w
mov.w
extu.w
mov.w
extu.w
mov.w
extu.w
mov
mov.w
extu.w
extu.w
mov
extu.w
shll
add
add
add
mov.w
extu.w
cmp/ge
bf
extu.w
extu.w
mov
extu.w
shll
add
add
add
mov.w
extu.w
cmp/ge
bf
mov.l
mov.l
mov.l
mov.l
mov.l
mov.l
mov.l
mov.l
mov.l
mov.l
mov
mov.w
mov
mov.w
mov
mov.w
mov
mov.w
mov
mov.w
mov
mov.w
mov.l
mov
add
add
mov.l
mov.l
mov.l
mov.l
mov.l
mov.w
extu.w
mov.w
extu.w
mov.w
extu.w
mov.w
mov
add
add
mov.w
extu.w
mov.w
mov.l
mov.l
mov
add
mov.w
bra
nop
sts
sub
sts
cmp/eq
tst
sts
mov.b
sts
sub
sts
sub
sts
sub
extu.w
mov.w
mov
add
add
mov.w
extu.w
mov.w
mov
add
add
mov.w
extu.w
mov.w
mov
add
add
mov.w
extu.w
mov.w
mov
add
add
extu.w
mov.w
extu.w
mov.w
extu.w
mov.w
extu.w
mov.w
mov.l
mov.l
mov.l
mov.w
extu.w
tst
bf
mov
mov.w
mov.l
mov.l
rts
mov.l
