mov.l
mov.l
mov.l
mov.l
mov.l
mov.l
mov.l
sts.l
add
mov
mov
add
mov.l
mov
add
mov
mov
add
mov.l
mov
mov
mov.b
mov.b
add
add
extu.b
mov.b
mov.b
add
add
mov.b
mov.b
bra
mov
add
mov.b
add
add
mov.b
bra
mov.b
mac.l
mov
shll2
shll2
shll
mov.l
add
mov.b
extu.b
and
cmp/eq
bt
mov.b
mov
mov.b
mov.b
extu.b
and
tst
bf
mov.l
mov
mov.w
mov.l
mov
mov.l
jsr
extu.w
mov.l
mov.l
mov.l
mov.w
mov.l
mov.b
extu.b
mov
shll2
shll2
shll
add
add
bsr
mov
mov
mov.b
extu.b
and
cmp/eq
bt
extu.b
mov.b
mov
mov.b
mov.b
extu.b
and
tst
bf
tst
bf
mov
add
extu.b
mov.b
mov
mov.b
extu.b
tst
bt
mov
add
add
extu.b
mov.b
add
mov.l
mov.w
extu.w
cmp/ge
bf
mov
mov
add
mov.b
extu.b
tst
bt
bra
extu.b
add
mov
cmp/ge
bf
mov
mov.l
add
cmp/hs
bt.s
mov
mov.b
extu.b
tst
bt
bra
extu.b
