mov.l
mov.l
mov.l
mov.l
mov.l
mov.l
mov.l
sts.l
sts.l
mov.l
mov.l
mov.l
mov.l
mov.l
mov.l
mov.w
mov.l
mov.l
mov.l
mov.l
add
cmp/hi
bt.s
mov
mov
mov.w
jsr
mov
mov.b
tst
bt
mov.w
bra
nop
mov.w
mov.l
mov.l
tst
bt
bra
mov.l
mov.l
mov.l
mul.l
sts
shlr16
mov
jsr
mov
mov.l
mov.l
tst
bf
mov.w
mov
mov.w
mov.l
add
jsr
mov
mov.b
tst
bt
mov.w
bra
nop
mov.w
mov.l
mov.l
tst
bt
mov.w
bra
nop
mov.b
mov.b
mov.l
mov.l
mov.l
mov.l
mul.l
mov
mov.l
cmp/eq
mov.l
add
stc
mov.b
mul.l
mov
mov.l
sub
mul.l
mov.w
mul.l
mov
mul.l
mov
mov.w
mov
mov.w
add
jsr
mov
mov.b
tst
bf
mov.l
mov.l
mov.l
and
tst
bt.s
mov
mov.l
cmp/eq
bf
mov
mov.l
mov.l
mov.l
mov
cmp/ge
bt
mov.l
add
tst
bf.s
mov.l
mov.l
mov.l
jsr
mov
mov.l
add
mov.l
mov
cmp/ge
bt
mov.l
mov.l
shar
shar
shar
add
mov.l
mov
tst
bt
mov.l
mov.l
jsr
mov
mov
mov.w
cmp/gt
bf
mov
mov
mov.w
jsr
mov
bra
nop
mov.l
mov
mov
add
mov
lds.l
lds.l
mov.l
mov.l
mov.l
mov.l
mov.l
mov.l
mov.l
jmp
mov.l
lds.l
lds.l
mov.l
mov.l
mov.l
mov.l
mov.l
mov.l
rts
mov.l
