sts.l
mov.l
mov.w
mov.l
mov.l
mov.l
mov.l
add
shll2
mov.l
add
add
mov.l
mov.w
add
extu.w
mov.l
mov.w
mov.w
mov.l
add
add
jsr
mov
mov
mov.l
mov.w
add
add
jsr
mov
mov.w
mov.l
add
mov.l
sub
exts.w
exts.w
cmp/pl
bf
mov.l
mov.l
add
cmp/gt
bf
mov.w
mov.l
add
mov.l
add
mov.l
mov.l
mov.l
add
mov.l
sub
add
mov.l
mov.l
add
mov.l
lds.l
rts
nop
