mov.l
mov.l
mov.w
mov.l
mov.l
mov.l
mov.w
mov.l
tst
bt
mov.l
mov.l
mov.l
sub
add
mov.l
mov.l
sub
cmp/ge
bt
mov
bra
mov.l
mov.l
mov.l
mov.l
sub
add
mov.l
mov
sub
cmp/ge
bt
bra
mov.l
bra
nop
mov.l
mov.l
mov.l
sub
add
mov.l
mov
sub
cmp/ge
bt
bra
mov.l
rts
mov.l
mov.b
mul.l
mov
mac.l
clrt
mov.l
mov.w
mov.l
mov.l
mov.l
mov
sub
mov.w
cmp/ge
bf
mov.w
cmp/gt
bt
mov.w
mov.w
cmp/gt
bt
bra
add
sub
cmp/pz
bt
mov
mov.w
bra
mov.l
mov.w
cmp/gt
bf
mov.w
mov.w
mov.l
bra
nop
mov.w
mov.l
mov.w
mov.w
mov.l
add
mov.l
rts
nop
