mov.l
mov.l
mov.l
mov.l
mov.l
mov.l
mov.l
sts.l
add
mov.l
jsr
nop
mov.l
mov.l
mov.l
mov.l
shll2
shll
mov.l
add
mov
add
mov.l
mov.w
mov
add
mov.l
mov.l
mov.l
mov
mov.w
add
mov.l
mov
add
mov.l
add
mov.l
mov
add
mov.l
mov
mov.l
mov.l
mov.w
mov.l
mov.l
mov.l
mov.w
mov.l
jsr
mov
mov.l
jsr
nop
mov.l
mov.w
mov.l
jsr
mov
mov
mov.l
mov.l
jsr
mov.l
mov
mov.l
mov
mov.l
mov
mov.l
mov.l
add
mov.w
mov.l
mov.w
mov.w
mov.l
mov.l
mov.w
mov
add
jsr
mov
mov.w
mov
mov.w
add
jsr
mov
mov.w
mov
mov.w
add
jsr
mov
mov.w
mov
mov.w
add
jsr
mov
mov.w
mov
mov.w
add
jsr
mov
mov.w
mov
mov.w
add
jsr
mov
bra
nop
tst
or
stc
mov.b
mac.l
bra
mul.l
cmp/eq
mov.l
add
mov.w
mov.w
mul.l
cmp/eq
mul.l
cmp/eq
mov.l
bra
mov.l
