mov.l
mov.l
mov.l
mov.l
mov.l
mov.l
mov.l
mov.l
mov.l
mov.l
mov
mov.w
mov
mov.w
sts.l
bsr
nop
lds.l
mov.l
mov
mov.w
sts.l
bsr
nop
lds.l
sts.l
bsr
nop
lds.l
mov.l
mov.l
mov.b
cmp/pl
bt
mov.l
mov.l
mov.l
cmp/pl
bt
mov.l
sts.l
bsr
nop
lds.l
mov.l
sts.l
bsr
nop
lds.l
sts.l
bsr
nop
lds.l
mov.l
mov.l
mov.l
mov.l
mov.l
mov.l
mov.l
rts
nop
