mov.l
sts.l
mov.l
jsr
nop
mov.l
jsr
nop
mov.l
mov
mov.l
mov.w
mov.w
add
mov.w
mov.l
jsr
nop
mov.l
jsr
nop
mov.l
jsr
nop
mov.w
mov.w
tst
bt
mov.l
jsr
nop
bra
nop
mov.b
stc
stc
mov
mul.l
mov
stc
stc
stc
stc
mov.l
jsr
nop
mov.l
jsr
nop
mov.l
jsr
nop
mov.l
jsr
nop
mov.l
jsr
nop
mov.l
jsr
nop
mov.l
jsr
nop
mov.l
jsr
nop
mov.w
mov.l
mov.w
mov.l
tst
bt
jsr
nop
bra
nop
mov.l
stc
stc
stc
stc
stc
mov
stc
mov.l
stc
tst
stc
xor
stc
mov.l
stc
mov.l
jsr
nop
mov.l
jsr
nop
mov.l
jsr
nop
mov.l
jsr
nop
mov.l
mov.l
and
mov.l
lds.l
mov.l
mov.l
mov.l
mov.l
mov.l
mov.l
rts
mov.l
