mov.l
mov.l
mov.l
sts.l
mov.l
mov.l
mov.l
mov.l
mov.l
cmp/eq
mov.l
mov.l
and
tst
bt.s
mov
mov.l
bra
mov
mov.l
cmp/eq
bf
mov.l
mov
extu.b
mov.w
extu.w
cmp/gt
xor
mov
mov
cmp/eq
add
neg
and
tst
bt
mov.l
mov.w
mov.l
sub
mov.w
mov.w
cmp/pl
bt
mov.l
jsr
mov
extu.b
extu.b
cmp/eq
bt
extu.b
mov.l
mov.w
mov
extu.w
shll2
shll2
shll2
shll2
add
exts.w
mov
add
shll
add
mov.b
mov.b
mov.w
extu.w
mov
shll
add
add
mov.b
mov
mov
mov.b
mov.w
extu.w
mov
shll
add
add
mov.b
mov
extu.b
mov.w
mov.w
add
mov.w
mov.b
extu.b
cmp/eq
bf
mov
mov.w
mov.w
tst
bf
bra
nop
mov.l
mov.l
mov.w
bsr
mov.w
bra
mul.l
mov
mov.w
bsr
mov.w
bsr
mov.l
bsr
add
lds.l
mov.l
mov.l
rts
mov.l
