sts.l
mov.l
cmp/ge
bt.s
mov
extu.b
mov.l
mov
shll2
shll2
shll2
shll2
add
exts.w
add
mov.l
jsr
mov
mov.l
add
mov.l
mov
mov.l
cmp/gt
bt
extu.b
mov
shll2
shll2
shll2
shll2
add
exts.w
add
mov.l
mov.l
bra
mov
extu.b
mov.l
mov
shll2
shll2
shll2
shll2
add
exts.w
add
mov.l
jsr
mov
mov.l
add
mov.l
bsr
extu.b
mov.l
mov.l
cmp/ge
bf
extu.b
mov
shll2
shll2
shll2
shll2
add
exts.w
add
mov.l
mov.l
mov
bsr
extu.b
extu.b
tst
bt
extu.b
mov
shll2
shll2
shll2
shll2
add
exts.w
add
mov
mov
mov.b
lds.l
mov.l
mov.l
mov.l
rts
mov.l
