mov.l
mov.l
sts.l
mov
mov.l
jsr
mov
extu.b
mov.l
mov
mov
mov.b
extu.b
mov.l
mov.b
mov.l
mov.l
mov.l
mov.l
mov.w
extu.w
cmp/eq
bf
mov.l
mov.l
tst
bf
mov.l
mov.b
tst
bf
mov.l
mov.l
mov.l
mov.w
mov.w
exts.w
extu.w
and
tst
bt
bra
mov.b
exts.w
mov.l
mov.w
extu.w
and
tst
bt
exts.b
bra
mov.b
exts.w
mov.l
mov.w
extu.w
and
tst
bt
mov
mov.b
bra
nop
bra
mul.l
mul.l
mul.l
mov
mul.l
mov.b
mov.w
bra
mov.w
bra
mov.l
sub
mul.l
mul.l
mul.l
mul.l
exts.w
mov.l
mov.w
extu.w
and
tst
bt
exts.b
mov.b
mov.l
jsr
nop
mov.l
jsr
nop
exts.b
mov.l
mov.b
mov.l
mov.b
extu.b
tst
bf
mov.l
mov.w
extu.w
tst
bt
mov
mov.b
mov.l
jsr
nop
mov.l
mov.l
mov.b
jsr
extu.b
mov.l
jsr
nop
mov.l
jsr
nop
mov.w
mov.l
mov.l
mov.l
mov.l
mov.l
mov.l
shll2
add
jsr
mov.l
mov.l
jsr
nop
mov.l
jsr
nop
mov.l
jsr
nop
mov.l
mov.b
tst
bt
mov.l
jsr
mov
mov
mov.l
mov.l
mov.l
mov.l
mov.l
or
mov.l
mov.l
jsr
nop
mov.l
mov.l
mov.l
mov.w
mov.l
mov.b
lds.l
mov.l
rts
mov.l
