mov.l
mov.l
mov.l
mov
mov.l
sts.l
add
mov.l
mov.l
mov.w
mov.l
mov.l
cmp/eq
bf.s
mov
mov
mov.l
mov.w
mov.l
jsr
mov.l
mov
jsr
add
mov.l
mov
mov
add
mov.b
mov.b
mov.l
add
mov.l
mov.l
mov.w
mov.l
mov.l
sub
mov.l
mov.l
mov.w
mov.l
cmp/ge
bt
bra
nop
mov.l
mov.l
mov.w
mov.l
mov.l
mov.l
mov.l
cmp/pl
bt
mov.l
mov.w
mov.l
add
mov.l
mov.l
tst
bt
mov.l
mov.w
mov.l
mov.l
bra
mov
mov.b
mov.b
mov.b
mov.b
sts
mov.l
mov.l
mov.l
mov.w
mov.l
tst
bf
mov.l
mov.w
mov.l
bra
mov
mov.l
mov
mov.w
mov.l
mov.l
mov.w
mov.l
cmp/eq
bf
mov.l
mov.l
cmp/eq
bf
bra
mov
mov
mov.l
mov.l
mov.l
mov.w
mov.l
mov.l
mov.l
mov.l
add
mov.l
mov.l
add
jsr
mov.l
mov
tst
bt
bra
mov
mov
jsr
add
mov.l
mov
add
mov.b
mov
mov.b
mov.l
add
mov.l
mov.l
mov
mov.w
mov.l
mov.l
mov.w
mov.l
cmp/eq
bf
mov
mov.l
jsr
add
mov
tst
bt
bra
mov
mov
jsr
add
mov.l
mov
mov
add
mov.b
mov.b
mov.l
add
mov.l
mov.l
mov.w
mov.l
mov.l
add
mov.l
mov.l
shll
mov.l
mov.l
mov.l
bra
mov
mov.b
mov.b
mov.b
exts.b
mov
add
lds.l
mov.l
mov.l
mov.l
rts
mov.l
