mov.l
mov.l
mov.l
sts.l
mov.w
mov.l
mov.l
jsr
mov
mov
jsr
mov
mov.l
mov
mov.b
mov.l
mov.l
mov.l
jsr
nop
mov.l
mov.l
mov.b
mov.b
extu.b
extu.b
or
tst
bt
mov.l
mov.w
extu.w
tst
bf
mov.l
jsr
nop
mov
mov.l
mov.l
mov.l
jsr
nop
mov
jsr
mov
mov
jsr
mov
mov
jsr
mov
mov.l
jsr
nop
mov.l
mov.l
mov.l
jsr
nop
mov
mov.l
mov.w
mov.l
jsr
nop
mov.l
jsr
nop
mov.l
jsr
nop
mov.l
jsr
nop
mov.l
jsr
mov
mov.l
jsr
mov
mov.l
jsr
nop
mov.l
jsr
nop
mov.l
mov.l
or
mov.l
mov.l
mov.l
mov.l
jsr
nop
mov
jsr
mov
mov
jsr
mov
mov.l
mov.l
shll2
mov.l
add
mov.l
lds.l
mov.l
mov.l
jmp
mov.l
