mov.l
mov.l
mov.l
mov.l
sts.l
mov.l
mov.l
mov.l
mov.l
mov.l
mov.l
mov.l
jsr
nop
mov.l
mov.l
mov.l
jsr
mov.l
mov.l
mov.l
mov.l
jsr
add
mov.l
mov.l
jsr
neg
mov.l
mov.l
mov.l
and
tst
bt
mov.l
neg
mov.w
extu.w
shll2
mov.l
add
mov.l
bra
add
stc
add
mov.b
stc
add
stc
add
mov.l
tst
tst
mov.l
mov.b
mov.l
mov.l
cmp/hi
stc
mov.b
mul.l
mov
mul.l
mov
stc
extu.b
stc
exts.b
mov.b
stc
exts.b
stc
mul.l
mov
clrt
mov.w
bsr
mov.l
neg
mov.l
mov.l
add
mov.w
extu.w
shll2
mov.l
add
mov.l
add
jsr
nop
mov.w
mov.l
add
mov.l
add
mov.l
jsr
nop
mov.l
mov.l
tst
bt
mov.l
mov.l
mov.l
mov.l
jsr
mov.l
mov.l
mov.l
mov.l
mov.l
mov.l
mov.w
jsr
mov.l
mov
mov.w
mov.l
mov.l
jsr
mov
mov.w
mov.l
jsr
mov.l
mov.w
jsr
mov.l
mov.l
mov.b
tst
bf
mov
bsr
mov
mov
mov.b
tst
bt.s
mov
mov
mov.w
extu.w
mov.l
add
mov.b
mov.l
mov.l
bra
add
mov.b
mul.l
mov.w
bsr
stc
exts.b
mov.w
mov.w
mov.l
tst
mov.l
mov.l
mov.l
mov.b
mov.w
mov.l
tst
mov.l
stc
exts.b
stc
mov.w
mov.b
sub
mov.l
mov.l
jsr
nop
extu.w
mov.l
mov.l
mov.l
shll2
add
add
mov.l
jsr
mov.l
mov.l
mov.l
mov.l
mov.l
add
mov.w
add
mov.l
jsr
mov.l
mov.l
mov.l
mov.l
and
tst
bt
mov.l
jsr
nop
mov.l
mov.l
add
mov.l
lds.l
mov.l
mov.l
mov.l
rts
mov.l
