mov.l
mov
mov.l
cmp/ge
bt.s
mov
mov
mov.w
tst
not
bt.s
and
mov.w
mov
mov.w
tst
not
bt.s
and
mov.w
add
add
mov.w
tst
not
bt.s
and
mov.w
add
add
mov.w
tst
not
bt.s
and
mov.w
add
add
mov.w
tst
not
bt.s
and
mov.w
add
add
mov
cmp/eq
bt
mov.w
add
add
tst
bt.s
mov
mov.l
mov
cmp/eq
bt
shll
cmp/eq
bt
shll
cmp/eq
bt
mov.l
mov
mov.l
sts.l
jsr
mov
lds.l
mov.l
shll2
add
mov.l
rts
mov.l
mov.l
mov.b
mov.b
stc
mov.l
mov.l
mov.b
mov.l
stc
mov
shll2
add
mov.l
rts
mov.l
