sts.l
sts.l
add
mov.l
mov.l
mov.l
mov.l
mov.l
mov.l
tst
bt.s
mov
mov.l
mov.w
mov.w
mov
mulu.w
sts
add
shll
extu.w
mov
extu.w
mov.w
mov.l
mov.l
mov.l
mov.l
jsr
mov
mov.w
mov
extu.w
mov.l
mov.l
add
mov.l
mov.l
mov.l
mov.l
add
bra
mov.l
mov.l
tst
bt
mov
and
tst
bf.s
mov
mov.l
and
mov.l
shll2
shll
add
tst
bt.s
mov.l
mov.l
mov.l
shll2
shll2
shll
add
mov.l
jsr
mov
bra
nop
mov.l
mov.l
mov.l
shll2
shll2
shll2
shll2
shll
shll
add
mov.l
jsr
mov
mov.l
mov.l
add
mov.l
bra
nop
mov.l
cmp/eq
mov.w
mov.w
mov.w
mov.w
mov.w
mov.w
mov.l
cmp/eq
stc
add
mov.l
mov.b
stc
mov.l
and
mov.l
shll2
shll
add
tst
bt.s
mov.l
mov.l
mov.l
shll2
shll2
shll
add
mov.l
jsr
mov
bra
nop
mov.l
mov.l
mov.l
shll2
shll2
shll2
shll2
shll
shll
add
mov.l
jsr
mov
mov.l
mov.l
add
mov.l
bra
nop
mov.l
mov.l
shll2
add
shll
shll2
add
shll
add
mov.l
mov.l
mov.l
shll2
shll
add
mov.l
mov.l
add
mov.l
add
lds.l
lds.l
mov.l
mov.l
mov.l
mov.l
mov.l
mov.l
rts
mov.l
