mov.l
mov.l
mov.l
mov.l
mov.l
mov.l
sts.l
add
mov.l
mov.w
mov.w
mov.l
mov.l
cmp/gt
bf
bra
mov
mov.l
mov.w
mov.l
mov.l
mov.l
jsr
mov
mov.w
add
mov.l
mov.b
extu.b
tst
bt
bra
mov
mov.b
mov.b
add
stc
mov.b
mov.w
mov.w
mov.l
bsr
mul.l
mov
stc
add
mov.l
mov.l
mov
mov
mov.l
add
jsr
mov
mov.l
mov.l
mov.l
jsr
mov.l
jsr
neg
add
exts.w
mov.w
mov.l
jsr
mov.l
jsr
mov
add
exts.w
mov.w
mov.l
mov.l
jsr
mov.l
mov
mov.l
jsr
mov
mov
jsr
sub
add
exts.w
mov.w
mov.l
jsr
mov.l
mov
mov.l
jsr
mov
mov
jsr
add
add
exts.w
mov.w
mov.l
jsr
mov.l
jsr
neg
add
exts.w
mov.w
mov.l
jsr
mov.l
jsr
mov
add
exts.w
mov.w
mov.l
jsr
mov.l
mov
mov.l
jsr
mov
mov
jsr
sub
add
exts.w
mov.w
mov.l
jsr
mov.l
mov
mov.l
jsr
mov
mov
jsr
add
add
mov.w
mov.l
mov.w
mov.l
mov.l
mov.l
jsr
mov
mov.l
mov.l
add
mov.l
mov.l
add
mov.l
add
lds.l
mov.l
mov.l
mov.l
mov.l
mov.l
rts
mov.l
