mov.l
mov.l
sts.l
add
mov.l
mov.l
mov.b
extu.b
mov
cmp/eq
bt.s
mov
mov
cmp/eq
bt
mov.l
mov.l
bra
mov
mov
mov.l
mov.l
mov.l
mov.b
extu.b
and
cmp/eq
bf
mov.l
add
mov
mov.l
mov
cmp/ge
bf
mov
mov.b
mov.l
add
bra
mov.l
extu.b
mov.b
mov.l
mov.l
mov.l
mov.l
mov.b
extu.b
cmp/ge
bt
mov.l
add
mov.l
bra
mov
mov.l
mov.l
mov.l
mov.l
mov.w
mov.l
extu.w
cmp/ge
bt
mov.b
add
mov.b
mov
mov.b
extu.b
cmp/ge
bf
bsr
nop
mov.b
add
bra
mov.b
sts
mov.l
mov.l
sub
mov.b
sts
sts
mov.l
cmp/eq
sts
sts
extu.b
mov.b
mov.l
mov.l
mov.l
mov.l
mov.l
mov.l
mov.l
mov.l
mov.l
mov.l
mov.l
mov.l
mov.l
mov.l
mov.l
mov.l
mov.l
mov.l
mov.l
bsr
nop
add
lds.l
mov.l
bra
mov.l
add
lds.l
mov.l
rts
mov.l
