mov.l
mov.l
mov.l
mov.l
mov.l
mov.l
mov.l
sts.l
add
mov.l
mov.l
mov.w
mov.l
mov.w
mov.l
mov
mov
jsr
mov
mov
mov.w
mov.l
mov
jsr
mov
mov.l
mov.w
extu.w
tst
bf
bra
nop
mov.l
extu.w
mov.w
mov.l
and
tst
bt.s
mov
mov.w
extu.w
cmp/eq
bf
bra
mov
mov.l
mov.l
mov.w
mov.w
stc
mov.b
mov.w
mov.w
mov.w
mov.w
mov.w
mov.l
mov.l
mov.l
mov.w
mov
mov
mov.w
mov.b
mov
mov.w
extu.w
shll2
shll2
shll2
add
shll
jsr
mov
mov.l
mov
mov
jsr
mov
mov
mov
mov.l
jsr
mov
bra
nop
extu.w
mov.w
cmp/eq
bf
mov
mov
mov.w
mov.b
mov
mov.w
extu.w
shll2
shll2
shll2
add
shll
jsr
mov
mov
mov
mov.l
jsr
mov
mov.l
mov
mov
jsr
mov
bra
nop
extu.w
mov.w
cmp/eq
bf
mov
mov
mov.w
extu.w
shll2
shll2
shll2
add
shll
jsr
mov
mov.w
add
mov.w
extu.w
mov.w
cmp/eq
bf
mov
mov
mov.w
extu.w
shll2
shll2
shll2
add
shll
jsr
mov
mov.w
add
mov.w
mov.w
mov
extu.w
cmp/gt
bf
mov
mov.w
mov
mov.w
extu.w
cmp/ge
bt
mov
mov.w
mov.l
mov.w
extu.w
tst
bt
mov
mov
mov.w
extu.w
shll2
shll2
shll2
add
shll
jsr
mov
bra
nop
mov.l
mov.b
mov.w
mov.w
mov.w
mov.w
mov.w
mov.l
mov.l
mov
mov.w
mov.w
mov.l
extu.w
add
shll2
shll2
shll2
add
shll
mov
mov.l
mov
add
lds.l
mov.l
mov.l
mov.l
mov.l
mov.l
mov.l
mov.l
jmp
mov.l
add
lds.l
mov.l
mov.l
mov.l
mov.l
mov.l
mov.l
rts
mov.l
