mov.l
mov.l
mov.l
mov.l
mov.l
mov
bra
mov
add
mov
mov.l
shll2
mov.l
mov.w
mov.l
cmp/hi
bf
mov
cmp/hs
bf
mov.l
mov
mov
cmp/hi
bf.s
mov
mov.l
add
mov
mov.l
cmp/hi
bt.s
add
mov.l
mov.l
sub
cmp/hi
bf.s
mov
mov
mov.l
add
add
cmp/hi
bt.s
mov.l
mov.l
mov
cmp/hi
bf
mov.l
add
mov
mov.l
cmp/hi
bt.s
add
mov.l
mov.l
bra
mov.l
add
mov.l
mov.l
mov
add
mov.l
bra
mov
mov.b
mul.l
mul.l
mov
mul.l
mov
mul.l
mov
mov.l
mov
add
mov.l
mov.w
mov.l
mov.l
mov.l
add
mov.l
add
add
mov.l
add
cmp/hs
bf
mov.l
mov.l
mov.w
mov.l
mov.l
mov.l
mov.w
mov.l
mov
mov.l
add
mov.l
add
mov.l
mov.l
mov.l
add
mov.l
mov.l
mov.l
add
mov.l
mov.l
mov.l
rts
add
