mov.l
mov.l
mov.l
mov.l
mov.l
mov.l
mov.l
add
mov.w
mov
add
mov
mov
mov
cmp/gt
mov
shar
shll
mov.w
mov
mov.w
shll2
mov.l
cmp/gt
bf
mov.w
cmp/ge
bt
mov
mov
add
shll2
mov.l
cmp/gt
bf
mov
cmp/ge
bt
mov
mov
cmp/gt
shar
shll
mov
mov.w
add
mov
cmp/ge
bf
mov.w
extu.w
tst
bt
mov.w
mov
extu.w
mov.w
mov
extu.w
cmp/eq
bf
mov.l
mov.l
cmp/ge
bt
mov
mov.w
bra
mov
mov
mov
mov.w
mov
mov
bra
mov.w
mov.w
extu.w
tst
bt
mov.w
mov.w
mov
extu.w
extu.w
cmp/eq
bf
mov.l
mov.l
cmp/ge
bt
mov
mov.w
mov
mov.w
bra
nop
mov
mov
mov.w
mov
mov.w
bra
nop
mov.w
extu.w
tst
bt
mov.w
mov
extu.w
mov.w
mov
extu.w
cmp/eq
bf
mov.l
mov.l
cmp/ge
bt
mov
mov.w
bra
mov
mov
mov
mov.w
mov
mov
bra
mov.w
mov.w
mov.w
extu.w
mov
extu.w
cmp/eq
bf
mov.l
mov.l
cmp/ge
bt
mov
mov.w
mov
bra
mov
mov
mov.w
mov
mov
mov.w
mov
add
mov.l
mov
add
mov
add
mov
add
mov
add
mov.l
mov
add
mov
add
mov
add
mov.l
mov
add
mov.l
mov
add
mov
add
mov
mov.l
mov
add
mov.l
mov.w
extu.w
tst
bt
mov.l
mov.w
extu.w
tst
bt
mov.l
mov.l
mov
shll
add
add
shar
shar
mov.l
mov.l
mov.l
mov
shll
add
add
shar
shar
mov.l
bra
nop
mov.l
mov.w
extu.w
tst
bt
mov.l
mov.l
mov
shll
add
add
shar
shar
mov.l
mov.l
mov.l
mov
shll
add
add
shar
shar
mov.l
mov.l
mov.l
cmp/ge
bt
bra
nop
mov.l
mov.w
cmp/gt
bf
bra
nop
mov.l
mov
cmp/ge
bf.s
mov.l
mov.l
mov.w
cmp/gt
bt
bra
nop
bra
nop
mov.l
mov.w
extu.w
tst
bt
mov.l
mov.w
extu.w
tst
bt
mov.l
mov.l
mov
shll
add
add
shar
shar
mov.l
mov.l
mov.l
mov
shll
add
add
shar
shar
mov.l
bra
nop
mov.w
mov.l
mov.w
extu.w
tst
bt
mov.l
mov.l
mov
shll
add
add
shar
shar
mov.l
mov.l
mov.l
mov
shll
add
add
shar
shar
mov.l
mov.l
mov.l
cmp/ge
bt
bra
nop
mov.l
mov.w
cmp/gt
bf
bra
nop
mov.l
mov
cmp/ge
bf.s
mov.l
mov.l
mov.w
cmp/gt
bt
bra
nop
bra
nop
mov.l
mov.w
extu.w
tst
bt
mov.l
mov.w
extu.w
tst
bt
mov.l
mov.l
mov
shll
add
add
shar
shar
mov.l
mov.l
mov.l
mov
shll
add
add
shar
shar
mov.l
bra
nop
mov.w
mov.l
mov.w
extu.w
tst
bt
mov.l
mov.l
mov
shll
add
add
shar
shar
mov.l
mov.l
mov.l
mov
shll
add
add
shar
shar
mov.l
mov.l
mov.l
cmp/ge
bf
mov.l
mov.w
cmp/gt
bt
mov.l
mov
cmp/ge
bf.s
mov.l
mov.l
mov.w
cmp/gt
bt
bra
nop
bra
nop
mov.l
mov.w
extu.w
tst
bt
mov.l
mov.l
mov
shll
add
add
shar
shar
mov.l
mov.l
mov.l
mov
shll
add
add
shar
shar
mov.l
bra
nop
mov.l
mov.w
extu.w
tst
bt
mov.l
mov.l
mov
shll
add
add
shar
shar
mov.l
mov.l
mov.l
mov
shll
add
add
shar
shar
mov.l
mov.l
mov.l
cmp/ge
bf
mov.l
mov.w
cmp/gt
bt
mov.l
mov
cmp/ge
bf.s
mov.l
mov.l
mov.w
cmp/gt
bt
bra
nop
mov.w
bra
nop
add
mov.l
mov.l
mov.l
mov.l
mov.l
mov.l
rts
mov.l
