mov.l
sts.l
add
mov.l
mov.l
mov.l
mov.w
mov.l
mov.l
tst
bt.s
mov
mov.w
extu.w
tst
bt
mov
mov.w
mov.l
jsr
mov
mov.w
add
mov.w
add
lds.l
bra
mov.l
mov.w
mov.l
add
mov
shll2
shll2
shll
shll2
add
mov.l
add
mov.w
mov
shll2
mov.l
mov.l
sub
extu.w
mov
mov.w
mov.l
mov.l
mov.w
sub
mov
extu.w
mov.l
mov.w
cmp/ge
bf.s
extu.w
mov.l
mov.l
cmp/gt
bt
extu.w
mov.w
cmp/ge
bf
extu.w
mov.l
cmp/gt
bf
mov
mov.w
mov.l
mov
jsr
mov
mov.w
extu.w
mov.w
add
lds.l
bra
mov.l
mov
mov.w
mov.l
jsr
mov
mov.w
add
mov.w
extu.w
mov.w
add
lds.l
bra
mov.l
mov.l
mov.b
shll
mul.l
mov
mul.l
mul.l
mov.b
add
lds.l
rts
mov.l
mov.l
mov.l
mov
mov.b
tst
bt
mov
add
mov.b
and
or
mov.b
mov.w
mov.l
add
mov.l
mov
mov.l
mov.l
mov.l
mov.l
mov.l
mov.l
add
mov.l
jmp
mov.l
rts
nop
mov
