sts.l
mov.l
mov.w
mov.l
mov.l
mov.l
mov.l
extu.w
neg
extu.w
add
mov.w
cmp/gt
bf.s
exts.w
shar
shar
bra
shar
mov.l
mov.w
cmp/gt
bf
shar
bra
shar
mov.l
mov.w
cmp/gt
bf
shar
extu.w
mov.l
extu.w
add
exts.w
mov.l
mov
mov.w
extu.w
mov.l
neg
mov.w
extu.w
add
mov
neg
extu.w
add
exts.w
mov.l
mov.w
mov.l
mov
extu.w
extu.w
add
exts.w
shar
mov.l
mov.w
mov.l
mov
extu.w
extu.w
add
exts.w
shar
mov.l
mov.l
mov.l
mov.l
mov.l
mov.l
mov.w
extu.w
mov
neg
shar
shar
extu.w
add
exts.w
mov.l
mov.w
mov.w
mov.l
mov.l
add
add
jsr
neg
mov.w
mov.l
mov.l
jsr
mov.l
mov.l
add
mov.l
mov.w
mov.l
mov.l
jsr
mov.l
mov.l
add
mov.l
lds.l
rts
mov.l
