mov.l
mov.l
mov.l
mov.l
mov.l
mov.w
mov.w
mov
extu.w
and
tst
bt.s
mov
mov.l
bra
mov.b
mov.w
mov.w
mov
extu.w
and
tst
bt
mov.b
add
mov.b
mov
mov.b
cmp/ge
bf
exts.b
mov.b
mov.b
mov.b
mov
mov.b
mov.l
bra
mov.l
mov.w
mov.w
mov
extu.w
and
tst
bt
mov.b
add
mov.b
mov.b
cmp/pz
bt
mov
mov.b
mov.b
mov.b
mov
mov.b
mov.l
bra
mov.l
mov.l
rts
mov.l
