sts.l
mov.l
mov.w
mov.l
mov.l
tst
bt
mov.l
mov.w
mov.l
add
mov.l
mov.l
mov.l
mov.l
mov.l
mov
shll
mov.w
add
mov.l
cmp/pl
bf.s
mov.w
bra
exts.w
exts.w
neg
mov.w
mov.l
bra
nop
mov.b
bra
mov.l
mov.l
mul.l
mov
mov.b
mov.l
mov.l
mov.w
mov.l
cmp/gt
bf
mov.l
mov.w
mov.l
mov.l
tst
bf
mov
mov.l
mov.l
mov
mov.b
tst
bt.s
mov
mov.l
mov.w
mov.l
mov.l
mov
mov.w
mov.l
mov.l
mov.l
mov.l
exts.w
mov.w
bra
mov.w
mov.l
mov
mov.b
tst
bt
mov.l
mov.w
mov.l
mov.l
mov
mov.w
mov.l
mov.l
mov.l
mov.l
exts.w
mov.w
mov.w
mov
mov.l
mov.w
mov.l
jsr
mov
mov.l
mov.w
mov.l
jsr
mov
lds.l
rts
nop
