mov.l
mov.l
mov.l
mov.l
sts.l
mov.l
mov.l
mov.l
mov.w
add
mov.w
bsr
nop
bsr
nop
mov.w
extu.w
add
cmp/pz
bt
mov
mov
mov
shlr2
shlr2
shlr
cmp/hs
bt
mov
and
cmp/eq
bf
mov
shlr2
shlr2
shlr
cmp/eq
bf
mov.l
mov.w
extu.w
tst
bt
mov.l
jsr
nop
mov.l
mov
mov.l
cmp/hs
bt
mov.l
jsr
nop
bra
mov
mov.l
mov
cmp/hs
bt
mov.l
jsr
nop
bra
nop
mov.l
jsr
nop
mov
mov.l
mov.l
add
shll2
add
mov.l
shll8
add
jsr
mov
bra
nop
mov.l
bra
mac.l
mov.w
mov.w
mov.w
mov.w
bsr
mov
mov
shlr2
shlr2
shlr
cmp/hs
bt
shlr2
mov.l
shlr2
shlr
add
mov.b
extu.b
add
cmp/pz
bf
mov
shll2
mov.l
add
bra
mov.l
mov.l
jsr
mov
lds.l
mov.l
mov.l
mov.l
rts
mov.l
