mov.l
sts.l
mov.l
mov.l
tst
bf.s
mov
mov.l
bra
mov
mov
and
cmp/eq
bf
bsr
nop
mov.l
mov.l
mov.l
mov.l
bra
nop
shll8
mov.l
add
lds.l
bra
mov.l
shll8
mov.l
add
lds.l
bra
mov.l
shll8
mov.l
add
lds.l
bra
mov.l
mov
lds.l
bra
mov.l
shll8
mov.l
add
lds.l
bra
mov.l
mov
and
cmp/eq
bf
bsr
nop
mov.l
mov.l
mov.l
mov.l
bra
nop
