sts.l
shll2
mov.l
mov.w
shll2
add
exts.w
add
mov.l
add
mov.l
mov
mov.l
cmp/ge
bf.s
extu.b
extu.b
mov
shll2
shll2
shll2
shll2
add
exts.w
add
mov.l
mov.l
mov
extu.b
mov
shll2
shll2
shll2
shll2
add
exts.w
add
mov.l
tst
bt
extu.b
mov
mov.w
cmp/ge
bt
extu.b
mov
shll2
shll2
shll2
shll2
add
exts.w
add
mov.l
add
mov.l
mov
cmp/pz
bf
extu.b
mov
shll2
shll2
shll2
shll2
add
exts.w
add
mov.l
bra
nop
mov.l
extu.b
mov
shll2
shll2
shll2
shll2
add
exts.w
add
mov.l
sub
mov
mov.l
cmp/pl
bt
extu.b
mov
shll2
shll2
shll2
shll2
add
exts.w
add
mov.l
bsr
extu.b
extu.b
tst
bt
extu.b
mov
shll2
shll2
shll2
shll2
add
exts.w
add
mov
mov
mov.b
mov
mov
mov.b
lds.l
mov.l
mov.l
mov.l
rts
mov.l
