mov.l
mov.l
mov.l
mov.l
sts.l
mov.l
mov.l
mov.l
mov.l
mov.l
jsr
mov.l
mov.l
jsr
nop
mov.l
jsr
mov.l
mov.l
mov.l
mov.l
jsr
nop
mov.l
mov.l
jsr
nop
mov.l
mov.l
jsr
nop
mov.l
mov.l
jsr
nop
mov.l
mov.l
add
mov.l
mov.l
mov.l
add
mov.l
mov.l
mov.l
add
mov.l
mov.l
mov.l
add
mov.l
mov.l
mov.l
add
mov.l
mov.l
mov.l
add
mov.l
mov.l
mov.l
add
mov.l
mov.l
mov.l
add
mov.l
mov.l
mov.l
add
mov.l
lds.l
mov.l
mov.l
mov.l
rts
mov.l
