mov.l
mov.l
mov.l
mov.l
mov.l
mov.l
mov.l
sts.l
mov
mov.l
mov
mov.w
mov
mov.w
mov
mov.w
mov
mov.w
mov
mov.w
mov
mov.w
mov
mov.w
mov
mov.w
mov
mov.w
mov
mov.w
mov
mov.w
mov
mov.w
mov
mov.w
mov
mov.w
mov
add
mov
mov.w
mov
add
mov
mov.w
mov
add
mov
mov.w
mov
add
mov
mov.w
mov
add
mov
mov.w
mov
add
mov
mov.w
mov
add
mov
mov.w
mov
add
mov
mov.w
mov
add
mov
mov.w
mov
add
mov
mov.w
mov
add
mov
mov.w
mov
add
mov
mov.w
mov
add
mov
mov.w
mov
mov
add
extu.w
mov.w
mov
add
mov
mov.w
mov
add
mov
mov.w
mov
add
mov
mov.w
mov
add
mov
mov.w
mov
add
mov
mov.w
mov
add
mov
mov.w
mov
add
mov
mov.w
mov
add
mov
mov.w
mov
add
mov
mov.w
mov
add
mov
mov.w
mov
add
mov
mov.w
mov
add
mov
mov.w
mov
add
mov
mov.w
add
mov
mov.w
extu.w
mov.l
mov.w
mov.l
bra
mov
cmp/eq
mov.w
sts
mov.b
mov.w
mov.w
mov.l
mov.l
mov.w
shll2
mov.l
shll
add
add
mov.l
jsr
nop
bra
extu.w
mov
mov
mov.l
shll2
shll2
shll
add
exts.w
add
mov.l
mov.w
mov
extu.w
cmp/pl
bf.s
extu.w
mov
extu.w
mov.l
jsr
mov
add
extu.w
extu.w
cmp/ge
bf.s
add
mov
mov
mov.l
shll2
shll2
shll
add
exts.w
add
mov.w
mov
extu.w
cmp/eq
bf.s
mov.l
add
extu.w
cmp/pl
bf.s
extu.w
extu.w
mov.l
jsr
mov
add
extu.w
extu.w
cmp/ge
bf.s
add
extu.w
mov
cmp/ge
bt
add
add
extu.w
mov
cmp/ge
bf
add
mov.l
mov.l
mov.l
mov.w
mov.w
mov
extu.w
cmp/pl
bf.s
extu.w
mov
extu.w
mov.l
jsr
mov
add
extu.w
extu.w
cmp/ge
bf.s
add
lds.l
mov.l
mov.l
mov.l
mov.l
mov.l
mov.l
rts
mov.l
