mov.l
mov.l
mov.l
sts.l
mov.l
mov.w
mov.l
mov.l
tst
bt.s
mov
cmp/pz
bf
mov.l
mov.w
mov.l
cmp/ge
bf
bsr
mov
bra
mov
bsr
nop
mov
tst
bf
bsr
mov
bra
mov
mov.l
mov.w
mov.l
tst
bf
bra
mov
mov.l
mov.w
mov.l
tst
bf
mov.l
mov.w
mov.l
mov.l
jsr
mov
bra
nop
mov.l
mov.w
mov.l
mov.l
jsr
mov
mov
mov
bsr
mov
mov
tst
bf
bsr
mov
bra
nop
mov.b
sts
bsr
mov
mov
lds.l
mov.l
mov.l
rts
mov.l
