sts.l
mov
mov
mov.w
mov.w
mov.l
mov.l
xor
cmp/pz
bf
mov
cmp/pz
bt
neg
mov.l
mov
cmp/ge
bt
mov.w
mov.w
mov.l
mov.l
xor
cmp/pz
bt
mov.w
mov.w
mov.l
cmp/ge
bt
neg
cmp/ge
bt
mov.w
mov
mov.w
mov
mov.w
cmp/gt
bt
cmp/gt
bt
mov
mov.w
mov.w
tst
bt
mov.w
mov
mov.w
mov.l
mov.w
cmp/ge
bt
mov.w
mov
mov.l
add
tst
bt
mov.w
mov.l
cmp/pz
bf
mov
mov.l
tst
bt
mov.w
mov.l
cmp/pz
bf
mov.w
mov
mov.w
mov.w
mov.w
tst
bt
add
cmp/pz
bf
add
mov.w
mov.w
mov.w
mov.l
mov.w
dmuls.l
mov.l
mov.l
sts
dmuls.l
sts
dmuls.l
mov.l
sts
jsr
add
shll16
mov
mov.w
mov
mov.l
dmuls.l
mov
sts
sts
cmp/pz
bt
mov
cmp/gt
bt
mov
bra
nop
mov.b
mov.b
mov.l
mov.b
mov.b
mov.b
mov.b
stc
mov
cmp/ge
bt
mov
mov.l
add
mov.w
cmp/pz
bf
add
mov.w
mov.w
mov
mov.w
add
mov.w
cmp/pl
bf
add
mov.w
mov.w
mov.l
mov.l
dmuls.l
sts
sts
mov.w
add
mov.w
cmp/pl
bf
add
mov.w
mov.w
mov.l
mov.l
add
mov.w
cmp/pl
bf
add
mov.w
mov.w
mov.l
shar
mov.l
mov.w
mov
mov.l
add
mov.w
cmp/pl
bf
add
mov.w
mov.w
mov.l
cmp/pz
bf
neg
mov.w
mov.l
lds.l
rts
mov
