mov.l
mov.l
mov.l
mov.l
mov.l
mov.l
mov.l
mov.l
mov.l
mov.l
mov.l
mov.l
mov.l
mov.l
mov.l
cmp/eq
bf
bra
nop
mul.l
mov
clrt
mov.l
mov.l
cmp/eq
bt
bra
nop
sub
mov.l
mov.l
sub
cmp/pz
bt
neg
mov.l
mov.l
mov.l
mov.l
mov.l
mov.l
mov.l
sub
mov
mov.l
sts.l
jsr
nop
lds.l
mov
mov.l
sub
mov
mov.l
sts.l
jsr
nop
lds.l
add
cmp/pz
bt
mov
shlr2
mov.l
sts.l
jsr
nop
lds.l
bra
shll
clrt
sett
stc
add
stc
add
mov
mov.l
sts.l
jsr
nop
lds.l
mov
cmp/pz
bt
neg
mov.l
cmp/ge
bt
bra
nop
stc
add
mac.l
mov.l
mov.l
mov.l
mov.l
cmp/eq
bf
mov.l
mov.l
sub
cmp/pz
bt
neg
mov.l
mov.l
mov.l
mov.l
mov.l
mov.l
mov.l
sub
mov
mov.l
sts.l
jsr
nop
lds.l
mov
mov.l
sub
mov
mov.l
sts.l
jsr
nop
lds.l
add
cmp/pz
bt
mov
shlr2
mov.l
sts.l
jsr
nop
lds.l
bra
shll
mov.b
clrt
sett
stc
add
stc
add
mov
mov.l
sts.l
jsr
nop
lds.l
mov
cmp/pz
bt
neg
mov.l
cmp/ge
bt
bra
nop
stc
add
mac.l
mov.l
mov.l
mov.l
mov.l
mov.l
mov.l
mov.l
mov.l
mov.l
mov.l
mov.l
mov.l
mov.l
mov.l
mov.l
rts
nop
mov.b
sub
mov.l
mov.l
mov.l
mov.l
mov.l
mov
sub
mov
sub
mov.l
sts.l
jsr
nop
lds.l
neg
exts.w
mov.l
mov.w
mov.l
extu.w
mov
extu.w
shll
or
sub
cmp/pl
