sts.l
add
mov.l
mov.w
mov.l
mov.l
jsr
mov
mov
cmp/gt
bf
mov
mov
mov.b
mov.b
extu.b
and
cmp/eq
bt
extu.b
mov.b
mov
mov.l
mov.b
mov.b
extu.b
and
tst
bf
mov.l
mov
mov.w
mov.l
mov.l
mov
mov.l
extu.w
mov.l
shll2
shll2
shll
add
mov.w
mov
jsr
extu.w
mov
mov.b
extu.b
and
cmp/eq
bt
extu.b
mov.b
mov
mov.l
mov.b
mov.b
extu.b
and
tst
bf
mov
add
lds.l
mov.l
mov.l
rts
mov.l
