mov.l
sts.l
mov.l
mov.l
mov.l
mov.w
extu.w
xor
and
shar
shar
shar
extu.w
extu.w
cmp/gt
bf
extu.w
mov.l
mov.l
mov.l
extu.w
mov.l
mov.l
mov
mov.l
cmp/hs
bf
extu.w
mov
cmp/ge
bt
mov
mov.l
bra
nop
mov
mov.l
mov.l
mov.l
mov.l
cmp/eq
bt
mov.l
mov.l
jsr
mov
mov.l
mov.l
mov.l
add
mov.b
extu.b
mov.l
lds.l
rts
mov.l
