mov.l
mov.l
mov.l
mov.l
mov.l
sts.l
mov.l
mov.l
mov.l
mov.l
mov.l
mov.l
mov.l
shll2
add
mov.l
mov.l
mov.l
cmp/gt
bt.s
mov
mov.l
mov.b
extu.b
cmp/eq
bt
mov
mov.l
jsr
mov
bra
nop
mov
mov.l
jsr
mov
mov.l
mov.l
cmp/eq
bf
mov.l
mov.l
mov.l
bra
nop
mov.b
mov.l
mov.b
mov.l
add
mov.w
mov.w
bf
mov.w
mov.b
mov.l
mov.l
mov.l
mov.l
sub
mov.l
add
mov.l
cmp/eq
mov.l
add
mov.l
cmp/eq
mov.b
mov.l
add
mov.b
mul.l
mov.l
mov.l
mov.l
mov.l
mov.l
mov.l
mov.l
mov.l
cmp/ge
bt
mov.l
mov.l
cmp/gt
bf
mov
mov.l
mov.l
sub
mov.l
mov.w
mov.l
sub
mov.l
mov.l
mov.l
sub
mov.l
bra
nop
mov.l
cmp/gt
bf
mov
mov.l
mov.w
mov.l
sub
mov.l
mov
mov.l
sub
mov.l
mov.l
mov.l
sub
bra
mov.l
mov.l
cmp/gt
bf
mov
mov.l
mov.l
mov.l
sub
mov.l
mov.l
add
mov.l
mov.l
sub
mov.l
mov.w
mov.l
sub
bra
mov.l
mov.l
cmp/pl
bf
mov.l
mov.w
mov.l
sub
mov.l
mov.w
mov.l
sub
mov.l
mov.l
sub
mov.l
mov.l
mov.l
sub
mov.l
mov.l
mov.b
tst
bt
mov.l
mov.l
sub
bra
mov.l
mov
mov.l
bra
nop
shll
mov
mov.l
mov.w
mov.b
mov.l
cmp/eq
mov.l
add
mov.l
sub
mov.l
mul.l
mov.b
mov.b
mov.b
bra
mov.w
dmulu.l
sts
mov.l
mov.l
cmp/gt
bf
mov.l
cmp/ge
bt
mov
mov.l
mov.w
mov.l
add
mov.l
mov.w
mov.l
add
mov.l
mov.l
add
mov.l
mov.l
mov.l
add
mov.l
mov.l
mov.b
tst
bt
mov.l
mov.l
add
bra
mov.l
mov.l
cmp/ge
bt
mov.l
mov.l
mov.l
add
mov.l
mov.l
add
mov.l
mov.l
add
mov.l
mov.w
mov.l
add
mov.l
bra
nop
mov.l
mov.l
cmp/ge
bt
mov
mov.l
mov.w
mov.l
add
mov.l
mov.l
add
mov.l
mov.l
mov.l
add
bra
mov.l
mov.l
mov.l
cmp/ge
bt
mov
mov.l
mov.l
add
mov.l
mov.w
mov.l
add
mov.l
mov.l
mov.l
add
bra
mov.l
mov.l
mov
shll
mov.w
dmulu.l
sts
bra
mul.l
mov.b
mov.b
mul.l
mov.b
mov.b
mov
mov.l
mov.w
mov.l
jsr
mov.l
mov.l
mov.l
mov.w
mov.l
jsr
mov.l
mov.l
mov.l
mov.l
mov.l
tst
bt
mov.l
cmp/eq
bf
mov
mov.l
mov.l
cmp/hi
bt
mov
mov.l
bra
nop
mov.l
lds.l
mov.l
mov.l
mov.l
mov.l
rts
mov.l
