mov.l
mov.l
mov.l
mov.l
mov.l
mov.l
mov.l
sts.l
add
mov.l
mov.l
mov.l
mov
mov.l
mov
bra
extu.b
mov.l
mov
add
mov
add
add
mov
mov
mov.b
mov.w
mov
mov
bra
add
mov.l
mov
add
add
mov
add
add
mov
mov
mov.b
mov.w
mov
mov
bra
add
bra
nop
cmp/eq
bt
cmp/eq
bt
bra
nop
mov
mov.l
mov.w
mov.w
extu.w
cmp/gt
bf.s
add
mov
mov.w
mov.w
mov
mov.w
mov.w
bra
nop
mov.w
mul.l
mov
sts
sub
mov.l
mov
mov.w
mov
extu.w
shll
extu.w
mov.w
mov.w
extu.w
shll
extu.w
mov.w
mov
mov.w
mov.w
mov
mov.w
mov.w
mov.l
or
tst
bt
mov
mov
mov
mov.l
mov.w
jsr
mov.l
add
mov.l
or
tst
bt
mov
mov
mov
mov.l
jsr
mov.l
add
mov
mov
mov.l
mov.b
mov
jsr
mov
mov.l
mov.l
and
tst
bt.s
add
mov
mov.w
bra
nop
mov.l
mov.w
mov.w
mov.l
mov.w
extu.w
tst
bf
mov
mov.w
add
lds.l
mov.l
mov.l
mov.l
mov.l
mov.l
mov.l
rts
mov.l
