mov.l
extu.w
mov.l
mov
mov.l
mov.l
mov.l
mov.l
mov.l
mov.l
mov.l
cmp/eq
bf.s
mov
mov
mov.w
mov.l
mov.w
extu.w
or
extu.w
mov.w
extu.w
bra
mov.l
extu.w
mov.l
cmp/eq
bf
extu.w
mov.w
mov.l
mov.w
extu.w
or
extu.w
mov.w
extu.w
bra
mov.l
extu.w
mov.w
and
tst
bt
bra
mov.l
mov
mov.l
mov.w
and
extu.w
tst
bt
extu.w
cmp/eq
bf
bra
extu.w
mov
bra
mov.w
extu.w
mov.w
extu.w
mov.l
mov.w
extu.w
tst
bf
mov.w
mov.w
bra
nop
mov.w
extu.w
or
extu.w
mov.w
mov.l
mov.l
rts
mov.l
