mov.l
sts.l
mov.l
mov.w
mov.l
mov.l
add
mov.l
sub
mov
cmp/ge
bt
mov
cmp/gt
bf
mov.w
mov.l
add
mov.l
bra
nop
mov.b
mul.l
mov
cmp/pl
bf
mov.w
mov.l
add
mov.l
bra
nop
mov.w
mov.l
add
mov.l
mov.w
mov.w
mov.l
mov.l
extu.w
and
extu.w
shlr2
shlr2
shlr2
tst
bt.s
shlr8
mov
cmp/ge
bt
mov
mov.w
sub
mov.l
shll2
shll
add
mov
mov.l
shll2
add
mov
shll2
shll2
add
shll2
mov.l
add
mul.l
mov.l
sts
mul.l
sts
add
shar
shar
mov.l
mov.l
mul.l
sts
mov.l
mul.l
sts
add
shar
shar
bra
mov.l
mov.w
mov.l
shll2
shll
add
mov
shll2
shll2
mov.l
add
mov.l
mov.l
mov.l
mov.l
mov.w
mov.w
mov.w
mov
shll2
exts.w
mov.w
mov.w
mov.w
mov
