mov.l
mov.l
mov.l
mov
mov.l
mov.l
mov.l
mov
mov.l
add
mov.w
mov.l
mov.l
mov.l
mov.l
mov.l
cmp/eq
add
neg
cmp/eq
xor
and
tst
bt.s
extu.w
bra
nop
sts
sub
sts
cmp/eq
sts
mov.b
mov.l
sub
mov.b
extu.b
and
extu.w
mov.b
extu.b
shll
and
or
mov.b
extu.b
shll2
and
or
mov.b
extu.b
shll2
shll
and
or
mov.b
extu.b
shll2
shll2
and
or
mov
mov
add
mov.l
mov.l
cmp/eq
bf.s
add
extu.w
shll8
mov.l
and
extu.w
mov
add
mov
mov
mov.w
mov
mov.l
mov.l
mov.l
mov.l
mov.l
mov.l
mov.l
mov.l
mov.l
mov.l
shlr
and
mov.l
mov.l
mov.l
shlr
and
mov.l
mov.b
mov
extu.b
tst
bf
mov
mov.b
extu.b
cmp/eq
bf
mov
mov.b
extu.b
cmp/eq
bf
mov
mov.b
extu.b
cmp/eq
bf
mov
extu.w
extu.w
mov.b
extu.b
tst
bt
extu.w
mov
mov
shll2
add
shll2
shll2
shll
add
exts.w
mov
add
add
mov.l
mov.l
mov.b
extu.b
tst
bt
extu.w
mov
mov
shll2
add
shll2
shll2
shll
add
exts.w
mov
add
add
mov.l
mov.l
mov.b
extu.b
tst
bt
extu.w
mov
mov
shll2
add
shll2
shll2
shll
add
exts.w
mov
add
add
mov.l
mov.l
extu.w
add
extu.w
cmp/ge
bf
mov.l
mov.w
extu.w
extu.w
bra
nop
sts
cmp/eq
sts
sub
mul.l
mov.l
cmp/eq
mov.b
extu.b
tst
bt
extu.w
shll2
add
extu.w
shll2
mov.w
add
add
mov.l
mov.l
add
extu.w
cmp/ge
bf
mov.l
mov.w
mov
mov.l
mov.w
add
mov.l
mov.l
mov.l
mov.l
mov.l
mov.l
rts
mov.l
