mov.l
mov.l
mov.l
mov.l
mov.l
mov.l
mov.l
sts.l
sts.l
mov.l
mov.l
mov.l
mov.w
mov.l
mov.l
tst
bt
bra
nop
bra
mov
mul.l
mov.l
sts
add
mov.l
mov.l
mov.l
and
tst
bf
bra
nop
bra
mov
mul.l
mov.w
sts
mov.l
add
mov.l
sub
mov
cmp/gt
bt
mov
cmp/ge
bt
bra
nop
mov.l
mov.l
mov.l
mov.l
sub
cmp/pz
bt.s
sub
neg
cmp/pz
bt
neg
cmp/gt
bf
shar
bra
shar
mov.b
mov.b
bsr
mul.l
mov
mul.l
bt
mul.l
mov
mul.l
mov
mov
shar
shar
mov
add
cmp/ge
bt
mov.w
mov.l
mov.l
cmp/ge
bt
mov.l
jsr
mov
add
mov.l
cmp/hs
bf
add
mov.l
add
cmp/hs
bf
mov.l
mov.l
mov
mov.l
bra
mov
mul.l
mov.l
sts
add
mov.l
and
tst
bf
bra
nop
mov.w
mov
mov.l
mov.l
sub
cmp/gt
bt
mov
cmp/ge
bt
bra
nop
mov.l
mov.l
mov.l
mov.l
sub
cmp/pz
bt.s
sub
neg
cmp/pz
bt
neg
cmp/gt
bf
shar
bra
shar
mov
shar
shar
mov
add
cmp/ge
bt
mov.w
mov.l
mov.l
cmp/ge
bt
mov
mov.l
jsr
mov
add
mov.l
cmp/hs
bf
lds.l
lds.l
mov.l
mov.l
mov.l
mov.l
mov.l
mov.l
rts
mov.l
