mov.l
mov.l
sts.l
add
mov.l
mov
mov.l
mov.b
extu.b
and
cmp/eq
bt
extu.b
mov.b
mov
mov.l
mov.b
mov.b
extu.b
and
tst
bf
mov.l
mov.l
mov.l
shll2
mov.l
shll2
mov.l
shll
add
mov.w
mov
jsr
extu.w
mov
mov.b
extu.b
and
cmp/eq
bt
extu.b
mov.b
mov
mov.l
mov.b
mov.b
extu.b
and
tst
bf
mov
add
lds.l
mov.l
rts
mov.l
