mov.l
mov.l
sts.l
mov.l
mov.l
jsr
mov
mov
mov.b
tst
bt
mov
mov.l
mov.l
bsr
mov.l
mov
mov
mov.l
jsr
mov
mov
mov.b
tst
bt
mov
mov.l
mov.l
bsr
mov.l
mov
mov.w
mov.l
jsr
mov
mov
mov.b
tst
bt
mov
mov.l
mov.l
bsr
mov.l
mov
mov.w
mov.l
jsr
mov
mov
mov.b
tst
bt
mov
mov.l
mov.l
bsr
mov.l
mov
mov.w
mov.l
jsr
mov
mov
mov.b
tst
bt
mov
mov.l
mov.l
bsr
mov.l
mov
mov.w
mov.l
jsr
mov
mov
mov.b
tst
bt
mov
mov.l
mov.l
bra
mov.l
sts
mova
sts
shll8
mov.l
add
sts
shll16
mov.l
cmp/eq
sts
mov.l
sts
mov.l
sub
sts
mov.l
add
sts
mov.l
cmp/eq
bsr
nop
mov
mov.w
mov.l
jsr
mov
lds.l
mov.l
rts
mov.l
