sts.l
mov
mov.l
cmp/pl
bf
mov.w
mov.w
shll16
mov.l
shll16
mov
sub
mov.w
mov.l
jsr
mov.l
dmuls.l
mov.w
mov.w
sts
sts
add
add
mov.l
mov.l
dmuls.l
sts
sts
mov.w
add
jsr
mov.w
mov.w
mov.l
add
mov.w
mov
cmp/ge
bt
mov
cmp/eq
bt
add
cmp/eq
bf
mov
cmp/ge
bt
shll2
shll
shll
add
add
mov.w
mov
extu.w
mov
mov.l
jsr
mov.l
mov.w
add
mov.l
mov.l
mov.l
cmp/gt
bt
bsr
mov
mov.w
add
mov.w
cmp/pl
bt
mov.w
add
mov.l
mov
mov.l
shll
shll16
mov.w
jsr
add
mov.l
mov
mov.w
mov.w
mov.l
mov.l
sub
mov
mov.w
shll16
cmp/gt
bt
mov
bra
nop
mov.b
mov.b
mov.b
mov.b
mov.b
mov.b
mov.b
mov.b
mov.w
stc
add
stc
mov
tst
cmp/ge
bt
mov
cmp/pz
bf
mov.w
sub
mov.l
mov.l
mov.w
lds.l
rts
mov.l
