sts.l
mov.w
mov.l
neg
mov.w
mov.l
mov.l
neg
dmuls.l
mov
sts
sts
mov.l
dmuls.l
sts
sts
mov.w
mov.l
dmuls.l
mov.w
mov.l
sts
sts
dmuls.l
mov
xor
cmp/pz
bf
neg
add
mov.l
sts
sts
mov
xor
cmp/pz
bf
neg
add
mov.w
mov.l
mov.w
mov.w
mov.l
mov
mov.l
mov
sub
cmp/pz
bt
neg
cmp/pz
bt
neg
cmp/ge
bt
shar
shar
bra
add
mov.b
mov.b
mov.b
shar
shar
add
mov.l
mov.w
mov.l
cmp/gt
bt
mov.l
jsr
mov
mov
mov
mov.w
mov.l
neg
mov.w
mov.l
add
sub
mov.l
mov.l
mov.l
mov.w
mov.l
mov.w
mov.l
sub
mov
mov
cmp/pz
bt
neg
sub
cmp/pz
bf
cmp/ge
bf
mov
shar
shar
bra
add
mov.b
mov.b
stc
add
shar
shar
bra
add
neg
cmp/ge
bt
shar
shar
bra
add
shar
shar
add
mov
mov.w
shll16
mov.l
cmp/ge
bt
mov.l
jsr
mov
mov
mov
mov.w
mov.l
tst
bt
mov.l
cmp/gt
bt
mov.w
mov.l
cmp/pl
bt
bsr
nop
mov
neg
mov.l
sub
mov.l
mov.w
mov.l
neg
shar
mov.w
shar
shar
mov.l
mov.w
mov.w
tst
bt
mov.w
mov.w
mov.l
mov.l
mov
sub
sub
neg
shar
shar
shar
shar
add
add
mov.l
mov.l
mov
mov.w
mov.w
mov.l
mov.l
mov.w
mov
mov.w
tst
bt
mov.w
mov.w
mov.w
mov.l
mov.l
mov.l
mov.w
mov.w
mov.l
mov.l
mov.l
mov.w
mov.l
bsr
nop
mov.l
mov.l
mov.w
mov.l
mov.w
mov.l
mov.w
mov.l
mov.l
mov.w
mov.w
mov
cmp/eq
bt
mov
cmp/eq
bt
mov.l
dmuls.l
sts
sts
dmuls.l
sts
sts
add
sub
dmuls.l
mov.w
sts
sts
shar
shar
shar
shar
shar
shar
shar
shar
lds.l
rts
mov.l
mov.b
mov.b
sets
mov.b
mov.b
mov.b
mov.b
mov.b
stc
add
mov.w
mov.w
mov
cmp/gt
bt
mov.l
mov
cmp/ge
bt
mov
mov.w
rts
nop
