mov.l
mov.l
sts.l
add
mov.l
mov.l
add
mov
mov.l
mov
cmp/ge
bt
mov.l
mov.l
mov
mov.w
mov.l
mov.l
mov.l
mov.l
add
mov.l
jsr
mov
bsr
nop
mov.l
cmp/eq
bf
mov.l
mov.l
jsr
mov
mov.l
mov.w
mov.w
mov.l
mov
jsr
mov
mov
mov.w
mov.w
mov.l
jsr
mov
mov
mov.l
mov.w
mov
add
lds.l
mov.l
mov.l
jmp
mov.l
mul.l
mov
mul.l
cmp/eq
mov.l
cmp/eq
bsr
stc
mov.b
bra
mac.l
mov.l
mov.w
bra
stc
mov.b
mov
stc
mov.l
mov
cmp/gt
bf
mov
mov.l
mov.b
mov.l
mov
add
lds.l
mov.l
mov.l
jmp
mov.l
mov
mov.l
cmp/gt
bf
bsr
nop
add
lds.l
mov.l
bra
mov.l
add
lds.l
mov.l
rts
mov.l
