mov.l
mov.l
mov.l
mov.l
mov.l
mov.l
sts.l
add
mov.l
mov.l
mov.l
mov.l
mov.l
mov.l
mov.l
bra
mov.l
mov.l
mov.l
bra
nop
mov.l
mov.l
bra
nop
mov.l
mov.l
bra
nop
mul.l
mov
mul.l
mov
mul.l
mov
mul.l
mov
mov.l
sub
mov.l
mov.l
mov.l
cmp/eq
mov.l
cmp/eq
mov.l
add
cmp/eq
bt
cmp/eq
bt
cmp/eq
bt
mov.l
mov
mov.l
mov.l
mov.l
sub
add
cmp/gt
shar
add
mov.l
mov.l
mov.l
sub
cmp/gt
shar
add
mov.l
mov.l
mov.l
mov.w
sub
add
mov
cmp/gt
shar
mov.l
add
mov.l
jsr
mov.l
mov.l
mov.l
mov.l
jsr
mov.l
mov.l
jsr
mov.l
mov.l
jsr
mov.l
mov.l
jsr
mov.l
mov.w
mov.l
mov.l
add
mov.l
jsr
add
mov.l
mov.l
tst
bt
mov
mov
mov.l
jsr
mov
mov.l
mov.l
mov.l
jsr
mov.l
mov.l
mov.l
mov.l
mov
mov.l
mov.w
mov.l
extu.w
jsr
mov.l
mov
mov.w
mov.l
mov.l
jsr
mov
mov.w
mov.l
jsr
mov.l
mov.w
mov.l
mov.l
mov.l
mov.l
jsr
add
mov.l
shll2
mov.l
mov.l
mov.l
mov.l
add
add
mov.l
jsr
mov.l
mov.l
shll2
mov.l
mov.l
add
mov.l
mov.l
mov.w
extu.w
mov.l
add
bra
mov.l
mov.b
mov.b
mov.b
mul.l
stc
add
stc
add
stc
add
stc
add
stc
add
mov.w
mov.w
stc
add
mov.l
cmp/eq
tst
mov.l
mov.w
mov.l
sub
mov.l
sub
mov.l
add
mov.l
jsr
nop
mov.l
mov.l
add
mov.l
add
lds.l
mov.l
mov.l
mov.l
mov.l
mov.l
rts
mov.l
