mov.l
mov.l
mov.l
mov.l
mov.l
sts.l
sts.l
add
mov.l
mov
mov.w
extu.b
shll2
mov.l
add
mov.l
mov.b
mov
extu.b
shll2
mov.l
add
mov.l
mov.w
mov
mov.w
add
mov.b
mov
mov.b
mov.b
mov
mov.b
mov.b
mov.b
extu.b
mov
extu.b
mov.w
mov
bsr
extu.w
bra
nop
mac.l
add
add
mov.b
bsr
mov.w
mov.w
mov.b
mov.b
mov
extu.b
extu.b
mov.b
mul.l
mov
sts
extu.b
extu.w
shll
add
mov
mov.w
add
bsr
extu.w
add
mov.b
extu.b
cmp/eq
bf
add
lds.l
lds.l
mov.l
mov.l
mov.l
mov.l
rts
mov.l
