mov.l
mov.l
mov.l
mov.l
mov.l
mov.l
mov.l
mov.l
mov.l
mov.l
mov.l
mov.l
mov.l
mov.l
mov.l
sts.l
sts.l
sts.l
mov.l
mov.w
mov.l
jsr
mov
mov.l
mov.l
mov.l
add
mov.l
mov.w
mov.b
extu.b
and
mov.b
mov.l
mov.w
mov.l
jsr
mov
lds.l
lds.l
lds.l
mov.l
mov.l
mov.l
mov.l
mov.l
mov.l
mov.l
mov.l
mov.l
mov.l
mov.l
mov.l
mov.l
mov.l
mov.l
mov.l
rte
nop
mov.b
mov.w
mov.w
