mov.l
mov.l
sts.l
mov
add
mov.l
mov.w
mov.l
mov.l
tst
bt
cmp/eq
bt
bra
mov
mov
mov.l
mov.b
add
extu.b
shll2
shll2
add
mov
mov.l
mov.l
jsr
mov.l
mov
tst
bf
mov.l
mov.w
mov.l
bra
nop
mov.b
mov.b
mov.b
mov.b
mov.b
mov.b
mov.b
mov.b
mov.b
sts
mov
cmp/eq
bf
mov.l
mov.w
mov.l
cmp/eq
bf
mov.l
mov
mov.w
mov.l
mov
add
lds.l
mov.l
rts
mov.l
