mov.l
tst
bt
mov.l
mov.l
and
tst
bt
mov.l
mov.l
and
mov.l
bra
nop
add
mov.b
shll
mov.l
mov.l
tst
bt
mov.l
mov.l
mov.l
tst
bt
mov.l
mov
mov.b
extu.b
mov.l
tst
bt
mov.l
mov.l
mov.l
tst
bt
mov.l
mov.l
mov.l
mov.l
tst
bt
mov.l
mov
mov.b
extu.b
mov.l
tst
bt
mov
mov
mov.b
extu.b
and
tst
bt
bra
nop
mov
and
tst
bt
mov
