mov.l
mov.l
mov.l
mov.l
mov.l
mov.l
mov.l
sts.l
mov.l
mov
mov.l
mov.l
mov.l
mov
extu.b
mov
cmp/eq
tst
or
tst
bt
extu.b
mov
mov
shll2
shll2
shll2
shll2
add
exts.w
add
jsr
mov.l
mov.l
mov
jsr
mov.l
mov
cmp/pz
bt.s
mov.l
extu.b
mov
shll2
shll2
shll2
shll2
add
exts.w
add
mov.l
neg
bra
mov.l
extu.b
mov
shll2
shll2
shll2
shll2
add
exts.w
add
mov.l
mov.l
extu.b
mov
add
shll2
shll2
shll2
shll2
add
exts.w
add
mov.l
mov.l
add
mov.l
mov.l
mov.l
add
mov.l
extu.b
cmp/ge
bf
lds.l
mov.l
mov.l
mov.l
mov.l
mov.l
mov.l
rts
mov.l
