mov.l
sts.l
add
mov.l
jsr
nop
mov.l
mov.w
jsr
mov
mov
jsr
mov
mov
jsr
mov
mov
jsr
mov
mov
jsr
mov
mov.l
jsr
nop
mov
mov.l
mov.l
mov.l
jsr
mov
mov
mov.l
mov.l
mov.l
mov.l
jsr
mov
mov.l
mov.l
jsr
mov
mov
mov.l
jsr
mov.l
mov.l
mov.l
mov.l
jsr
nop
mov.l
mov.l
mov.l
mov.l
jsr
mov
mov
mov.l
mov.w
mov.l
jsr
mov
mov
mov.l
mov.b
add
lds.l
mov.l
jmp
mov.l
