mov.l
extu.w
mov.l
sts.l
mov.l
mov.l
add
mov.l
mov.w
and
tst
bt.s
mov
extu.b
mov.l
mov.b
bra
nop
mov.w
mov.l
mov.w
mov.w
mov.l
add
stc
add
mul.l
mov
mul.l
mov
mul.l
cmp/eq
mov.w
mov.l
cmp/gt
bt
mov.l
cmp/pl
bf
extu.w
mov.w
and
tst
bt
mov.l
mov.l
mov.w
mov.w
mov.w
mov.w
extu.w
cmp/eq
bt
mov.w
cmp/eq
bt
mov
cmp/eq
bf
extu.w
mov.w
bsr
mov.l
mov
mov.l
extu.b
mov.b
mov.l
mov.l
cmp/hs
bt
mov.l
mov.w
mov.w
mov
lds.l
mov.l
mov.l
jmp
mov.l
lds.l
mov.l
rts
mov.l
