mov.l
mov.l
mov.l
mov.l
mov.l
sts.l
mov.l
mov.b
extu.b
cmp/eq
bf.s
mov
mov.l
mov.l
tst
bt
bra
nop
mov.l
mov.b
mul.l
mul.l
cmp/eq
mul.l
mov
mov
mov.l
mov.l
mov.l
mov.l
tst
bt
mov.l
mov
mov.w
mov.l
mov.l
add
shll8
shll2
shll2
add
jsr
mov
mov.l
mov.w
mov.l
tst
bt.s
add
bra
mov
mov
shll2
mov.l
mov.l
mov.l
shll2
shll
add
mov.l
jsr
mov
mov.l
mov.w
mov.l
tst
bt.s
add
mov.l
bra
nop
mov.l
bra
nop
mov.l
mov
mov.w
mov.l
mov.l
shll8
shll2
shll2
add
jsr
mov
mov.l
mov.w
mov.l
tst
bt.s
add
bra
mov
mov
shll2
mov.l
mov.l
mov.l
shll2
shll
add
mov.l
jsr
mov
mov.l
mov.w
mov.l
tst
bt.s
add
mov.l
bra
nop
mov.l
jsr
mov
lds.l
mov.l
mov.l
mov.l
mov.l
rts
mov.l
